 clidemo

 Timestamp is 5ba465c1 (Fri Sep 21 11:30:09 2018)

 Preferred load address is 00400000

 Start         Length     Name                   Class
 0001:00000000 00007a6dH .text                   CODE
 0001:00007a70 000bb449H .text$mn                CODE
 0001:000c2ec0 000010e8H .text$x                 CODE
 0002:00000000 00000104H .CRT$XCA                DATA
 0002:00000104 00000104H .CRT$XCAA               DATA
 0002:00000208 00000104H .CRT$XCZ                DATA
 0002:0000030c 00000104H .CRT$XIA                DATA
 0002:00000410 00000104H .CRT$XIAA               DATA
 0002:00000514 00000104H .CRT$XIAC               DATA
 0002:00000618 0000010eH .CRT$XIC                DATA
 0002:00000728 00000104H .CRT$XIZ                DATA
 0002:0000082c 00000104H .CRT$XPA                DATA
 0002:00000930 00000109H .CRT$XPX                DATA
 0002:00000a3c 00000104H .CRT$XPXA               DATA
 0002:00000b40 00000104H .CRT$XPZ                DATA
 0002:00000c44 00000104H .CRT$XTA                DATA
 0002:00000d48 00000104H .CRT$XTZ                DATA
 0002:00000e50 00022f72H .rdata                  DATA
 0002:00023dc4 00000443H .rdata$r                DATA
 0002:00024210 0000012bH .rdata$sxdata           DATA
 0002:00024340 00000113H .rdata$zETW0            DATA
 0002:00024453 0000018eH .rdata$zETW1            DATA
 0002:000245e1 00000134H .rdata$zETW2            DATA
 0002:00024715 00000101H .rdata$zETW9            DATA
 0002:00024818 000001acH .rdata$zzzdbg           DATA
 0002:000249c4 00000104H .rtc$IAA                DATA
 0002:00024ac8 00000104H .rtc$IZZ                DATA
 0002:00024bcc 00000104H .rtc$TAA                DATA
 0002:00024cd0 00000104H .rtc$TZZ                DATA
 0002:00024dd8 00001024H .xdata$x                DATA
 0002:00025dfc 00000000H .edata                  DATA
 0003:00000000 0000c4b2H .data                   DATA
 0003:0000c4b4 00000244H .data$r                 DATA
 0003:0000c6f8 00001ba8H .bss                    DATA
 0004:00000000 00000368H .idata$5                DATA
 0004:00000368 00000050H .idata$2                DATA
 0004:000003b8 00000014H .idata$3                DATA
 0004:000003cc 00000368H .idata$4                DATA
 0004:00000734 00000ac3H .idata$6                DATA
 0005:00000000 00000104H .00cfg                  DATA

  Address         Publics by Value              Rva+Base       Lib:Object

 0000:00000000       ___guard_fids_table        00000000     <absolute>
 0000:00000000       __except_list              00000000     <absolute>
 0000:00000000       ___guard_fids_count        00000000     <absolute>
 0000:00000009       ___safe_se_handler_count   00000009     <absolute>
 0000:00000100       ___guard_flags             00000100     <absolute>
 0000:00000000       ___ImageBase               00400000     <linker-defined>
 0001:00007490       ?TraceLoggingRegister@__vcrt_trace_logging_provider@@YAJPBU_TlgProvider_t@1@PBU_GUID@@P6GX1KE_K2PAU_EVENT_FILTER_DESCRIPTOR@@PAX@Z4@Z 00408490 f i libvcruntimed:telemetry.obj
 0001:00007580       ?TraceLoggingSetInformation@__vcrt_trace_logging_provider@@YAJPBU_TlgProvider_t@1@W4_EVENT_INFO_CLASS@@PAXK@Z 00408580 f i libvcruntimed:telemetry.obj
 0001:000075d0       ?TraceLoggingUnregister@__vcrt_trace_logging_provider@@YAXPBU_TlgProvider_t@1@@Z 004085d0 f i libvcruntimed:telemetry.obj
 0001:00007610       ?_TlgCreateSz@__vcrt_trace_logging_provider@@YAXPAU_EVENT_DATA_DESCRIPTOR@@PBD@Z 00408610 f i libvcruntimed:telemetry.obj
 0001:00007670       ?_TlgCreateWsz@__vcrt_trace_logging_provider@@YAXPAU_EVENT_DATA_DESCRIPTOR@@PB_W@Z 00408670 f i libvcruntimed:telemetry.obj
 0001:000076d0       ?_TlgEnableCallback@__vcrt_trace_logging_provider@@YGXPBU_GUID@@KE_K1PAU_EVENT_FILTER_DESCRIPTOR@@PAX@Z 004086d0 f i libvcruntimed:telemetry.obj
 0001:000077d0       ?_TlgKeywordOn@__vcrt_trace_logging_provider@@YAEPBU_TlgProvider_t@1@_K@Z 004087d0 f i libvcruntimed:telemetry.obj
 0001:00007860       ?_TlgWrite@__vcrt_trace_logging_provider@@YAJPBU_TlgProvider_t@1@PBXPBU_GUID@@2IPAU_EVENT_DATA_DESCRIPTOR@@@Z 00408860 f i libvcruntimed:telemetry.obj
 0001:00007a70       _app_main                  00408a70 f   clidemo.obj
 0001:00007df0       _main                      00408df0 f   clidemo.obj
 0001:00008150       _pjlib_util_init           00409150 f   pjlib-util-i386-win32-vc14-debug:errno.obj
 0001:000081a0       _pjlib_util_strerror       004091a0 f   pjlib-util-i386-win32-vc14-debug:errno.obj
 0001:00008340       ___local_stdio_printf_options 00409340 f i pjlib-util-i386-win32-vc14-debug:errno.obj
 0001:00008350       __snprintf                 00409350 f i pjlib-util-i386-win32-vc14-debug:errno.obj
 0001:000083a0       __vsnprintf                004093a0 f i pjlib-util-i386-win32-vc14-debug:errno.obj
 0001:000083d0       __vsnprintf_l              004093d0 f i pjlib-util-i386-win32-vc14-debug:errno.obj
 0001:00008460       _pj_cli_write_log          00409460 f   pjlib-util-i386-win32-vc14-debug:cli.obj
 0001:000084e0       _pj_cli_create             004094e0 f   pjlib-util-i386-win32-vc14-debug:cli.obj
 0001:00008680       _pj_cli_get_cmd_id         00409680 f   pjlib-util-i386-win32-vc14-debug:cli.obj
 0001:00008690       _pj_cli_get_param          00409690 f   pjlib-util-i386-win32-vc14-debug:cli.obj
 0001:000086d0       _pj_cli_quit               004096d0 f   pjlib-util-i386-win32-vc14-debug:cli.obj
 0001:00008760       _pj_cli_is_quitting        00409760 f   pjlib-util-i386-win32-vc14-debug:cli.obj
 0001:000087a0       _pj_cli_is_restarting      004097a0 f   pjlib-util-i386-win32-vc14-debug:cli.obj
 0001:000087e0       _pj_cli_destroy            004097e0 f   pjlib-util-i386-win32-vc14-debug:cli.obj
 0001:00008880       _pj_cli_cfg_default        00409880 f   pjlib-util-i386-win32-vc14-debug:cli.obj
 0001:000088d0       _pj_cli_register_front_end 004098d0 f   pjlib-util-i386-win32-vc14-debug:cli.obj
 0001:000088f0       _pj_cli_add_cmd_from_xml   004098f0 f   pjlib-util-i386-win32-vc14-debug:cli.obj
 0001:00008a00       _pj_cli_exec_info_default  00409a00 f   pjlib-util-i386-win32-vc14-debug:cli.obj
 0001:00008a50       _pj_cli_sess_write_msg     00409a50 f   pjlib-util-i386-win32-vc14-debug:cli.obj
 0001:00008ab0       _pj_cli_sess_parse         00409ab0 f   pjlib-util-i386-win32-vc14-debug:cli.obj
 0001:00008ee0       _pj_cli_sess_end_session   00409ee0 f   pjlib-util-i386-win32-vc14-debug:cli.obj
 0001:00008f30       _pj_cli_sess_exec          00409f30 f   pjlib-util-i386-win32-vc14-debug:cli.obj
 0001:0000b640       __vsprintf_l               0040c640 f i pjlib-util-i386-win32-vc14-debug:cli.obj
 0001:0000b690       _sprintf                   0040c690 f i pjlib-util-i386-win32-vc14-debug:cli.obj
 0001:0000b6d0       _pj_cli_console_cfg_default 0040c6d0 f   pjlib-util-i386-win32-vc14-debug:cli_console.obj
 0001:0000b710       _pj_cli_console_create     0040c710 f   pjlib-util-i386-win32-vc14-debug:cli_console.obj
 0001:0000b990       _pj_cli_console_process    0040c990 f   pjlib-util-i386-win32-vc14-debug:cli_console.obj
 0001:0000cdd0       __vfprintf_l               0040ddd0 f i pjlib-util-i386-win32-vc14-debug:cli_console.obj
 0001:0000ce30       _printf                    0040de30 f i pjlib-util-i386-win32-vc14-debug:cli_console.obj
 0001:0000cec0       _pj_cli_telnet_cfg_default 0040dec0 f   pjlib-util-i386-win32-vc14-debug:cli_telnet.obj
 0001:0000cf10       _pj_cli_telnet_create      0040df10 f   pjlib-util-i386-win32-vc14-debug:cli_telnet.obj
 0001:0000d0f0       _pj_cli_telnet_get_info    0040e0f0 f   pjlib-util-i386-win32-vc14-debug:cli_telnet.obj
 0001:000111b0       _pj_cis_buf_init           004121b0 f   pjlib-util-i386-win32-vc14-debug:scanner.obj
 0001:000111e0       _pj_cis_init               004121e0 f   pjlib-util-i386-win32-vc14-debug:scanner.obj
 0001:00011260       _pj_cis_dup                00412260 f   pjlib-util-i386-win32-vc14-debug:scanner.obj
 0001:00011320       _pj_cis_add_range          00412320 f   pjlib-util-i386-win32-vc14-debug:scanner.obj
 0001:00011380       _pj_cis_add_alpha          00412380 f   pjlib-util-i386-win32-vc14-debug:scanner.obj
 0001:000113b0       _pj_cis_add_num            004123b0 f   pjlib-util-i386-win32-vc14-debug:scanner.obj
 0001:000113d0       _pj_cis_add_str            004123d0 f   pjlib-util-i386-win32-vc14-debug:scanner.obj
 0001:00011420       _pj_cis_add_cis            00412420 f   pjlib-util-i386-win32-vc14-debug:scanner.obj
 0001:00011490       _pj_cis_del_range          00412490 f   pjlib-util-i386-win32-vc14-debug:scanner.obj
 0001:000114d0       _pj_cis_del_str            004124d0 f   pjlib-util-i386-win32-vc14-debug:scanner.obj
 0001:00011520       _pj_cis_invert             00412520 f   pjlib-util-i386-win32-vc14-debug:scanner.obj
 0001:000115b0       _pj_scan_init              004125b0 f   pjlib-util-i386-win32-vc14-debug:scanner.obj
 0001:00011620       _pj_scan_fini              00412620 f   pjlib-util-i386-win32-vc14-debug:scanner.obj
 0001:00011640       _pj_scan_peek              00412640 f   pjlib-util-i386-win32-vc14-debug:scanner.obj
 0001:000116b0       _pj_scan_peek_n            004126b0 f   pjlib-util-i386-win32-vc14-debug:scanner.obj
 0001:00011700       _pj_scan_peek_until        00412700 f   pjlib-util-i386-win32-vc14-debug:scanner.obj
 0001:00011780       _pj_scan_get               00412780 f   pjlib-util-i386-win32-vc14-debug:scanner.obj
 0001:00011840       _pj_scan_get_unescape      00412840 f   pjlib-util-i386-win32-vc14-debug:scanner.obj
 0001:00011a60       _pj_scan_get_quote         00412a60 f   pjlib-util-i386-win32-vc14-debug:scanner.obj
 0001:00011a90       _pj_scan_get_quotes        00412a90 f   pjlib-util-i386-win32-vc14-debug:scanner.obj
 0001:00011c40       _pj_scan_get_n             00412c40 f   pjlib-util-i386-win32-vc14-debug:scanner.obj
 0001:00011cb0       _pj_scan_get_char          00412cb0 f   pjlib-util-i386-win32-vc14-debug:scanner.obj
 0001:00011d10       _pj_scan_get_until         00412d10 f   pjlib-util-i386-win32-vc14-debug:scanner.obj
 0001:00011db0       _pj_scan_get_until_ch      00412db0 f   pjlib-util-i386-win32-vc14-debug:scanner.obj
 0001:00011e40       _pj_scan_get_until_chr     00412e40 f   pjlib-util-i386-win32-vc14-debug:scanner.obj
 0001:00011ef0       _pj_scan_advance_n         00412ef0 f   pjlib-util-i386-win32-vc14-debug:scanner.obj
 0001:00011f50       _pj_scan_strcmp            00412f50 f   pjlib-util-i386-win32-vc14-debug:scanner.obj
 0001:00011f90       _pj_scan_stricmp           00412f90 f   pjlib-util-i386-win32-vc14-debug:scanner.obj
 0001:00011fd0       _pj_scan_stricmp_alnum     00412fd0 f   pjlib-util-i386-win32-vc14-debug:scanner.obj
 0001:00012010       _pj_scan_get_newline       00413010 f   pjlib-util-i386-win32-vc14-debug:scanner.obj
 0001:000120a0       _pj_scan_skip_whitespace   004130a0 f   pjlib-util-i386-win32-vc14-debug:scanner.obj
 0001:00012290       _pj_scan_skip_line         00413290 f   pjlib-util-i386-win32-vc14-debug:scanner.obj
 0001:000122f0       _pj_scan_save_state        004132f0 f   pjlib-util-i386-win32-vc14-debug:scanner.obj
 0001:00012320       _pj_scan_restore_state     00413320 f   pjlib-util-i386-win32-vc14-debug:scanner.obj
 0001:00012940       _pj_xml_parse              00413940 f   pjlib-util-i386-win32-vc14-debug:xml.obj
 0001:00012a30       _pj_xml_print              00413a30 f   pjlib-util-i386-win32-vc14-debug:xml.obj
 0001:00012ae0       _pj_xml_clone              00413ae0 f   pjlib-util-i386-win32-vc14-debug:xml.obj
 0001:00012bf0       _pj_xml_node_new           00413bf0 f   pjlib-util-i386-win32-vc14-debug:xml.obj
 0001:00012c30       _pj_xml_attr_new           00413c30 f   pjlib-util-i386-win32-vc14-debug:xml.obj
 0001:00012c80       _pj_xml_add_node           00413c80 f   pjlib-util-i386-win32-vc14-debug:xml.obj
 0001:00012ca0       _pj_xml_add_attr           00413ca0 f   pjlib-util-i386-win32-vc14-debug:xml.obj
 0001:00012cc0       _pj_xml_find_node          00413cc0 f   pjlib-util-i386-win32-vc14-debug:xml.obj
 0001:00012d20       _pj_xml_find_next_node     00413d20 f   pjlib-util-i386-win32-vc14-debug:xml.obj
 0001:00012d80       _pj_xml_find_node_rec      00413d80 f   pjlib-util-i386-win32-vc14-debug:xml.obj
 0001:00012e00       _pj_xml_find_attr          00413e00 f   pjlib-util-i386-win32-vc14-debug:xml.obj
 0001:00012e70       _pj_xml_find               00413e70 f   pjlib-util-i386-win32-vc14-debug:xml.obj
 0001:00012f00       _pj_xml_find_rec           00413f00 f   pjlib-util-i386-win32-vc14-debug:xml.obj
 0001:00013d10       _pj_init                   00414d10 f   pjlib-i386-win32-vc14-debug:os_core_win32.obj
 0001:00013ef0       _pj_shutdown               00414ef0 f   pjlib-i386-win32-vc14-debug:os_core_win32.obj
 0001:00014010       _pj_atexit                 00415010 f   pjlib-i386-win32-vc14-debug:os_core_win32.obj
 0001:00014050       _pj_getpid                 00415050 f   pjlib-i386-win32-vc14-debug:os_core_win32.obj
 0001:00014070       _pj_thread_create          00415070 f   pjlib-i386-win32-vc14-debug:os_core_win32.obj
 0001:00014230       _pj_thread_register        00415230 f   pjlib-i386-win32-vc14-debug:os_core_win32.obj
 0001:00014350       _pj_thread_is_registered   00415350 f   pjlib-i386-win32-vc14-debug:os_core_win32.obj
 0001:00014380       _pj_thread_get_prio        00415380 f   pjlib-i386-win32-vc14-debug:os_core_win32.obj
 0001:000143a0       _pj_thread_set_prio        004153a0 f   pjlib-i386-win32-vc14-debug:os_core_win32.obj
 0001:00014470       _pj_thread_get_prio_min    00415470 f   pjlib-i386-win32-vc14-debug:os_core_win32.obj
 0001:00014480       _pj_thread_get_prio_max    00415480 f   pjlib-i386-win32-vc14-debug:os_core_win32.obj
 0001:00014490       _pj_thread_get_os_handle   00415490 f   pjlib-i386-win32-vc14-debug:os_core_win32.obj
 0001:000144d0       _pj_thread_get_name        004154d0 f   pjlib-i386-win32-vc14-debug:os_core_win32.obj
 0001:00014530       _pj_thread_resume          00415530 f   pjlib-i386-win32-vc14-debug:os_core_win32.obj
 0001:000145e0       _pj_thread_this            004155e0 f   pjlib-i386-win32-vc14-debug:os_core_win32.obj
 0001:00014630       _pj_thread_join            00415630 f   pjlib-i386-win32-vc14-debug:os_core_win32.obj
 0001:00014710       _pj_thread_destroy         00415710 f   pjlib-i386-win32-vc14-debug:os_core_win32.obj
 0001:000147c0       _pj_thread_sleep           004157c0 f   pjlib-i386-win32-vc14-debug:os_core_win32.obj
 0001:000147f0       _pj_thread_check_stack     004157f0 f   pjlib-i386-win32-vc14-debug:os_core_win32.obj
 0001:000148b0       _pj_thread_get_stack_max_usage 004158b0 f   pjlib-i386-win32-vc14-debug:os_core_win32.obj
 0001:000148c0       _pj_thread_get_stack_info  004158c0 f   pjlib-i386-win32-vc14-debug:os_core_win32.obj
 0001:00014900       _pj_thread_local_alloc     00415900 f   pjlib-i386-win32-vc14-debug:os_core_win32.obj
 0001:00014990       _pj_thread_local_free      00415990 f   pjlib-i386-win32-vc14-debug:os_core_win32.obj
 0001:000149c0       _pj_thread_local_set       004159c0 f   pjlib-i386-win32-vc14-debug:os_core_win32.obj
 0001:00014a30       _pj_thread_local_get       00415a30 f   pjlib-i386-win32-vc14-debug:os_core_win32.obj
 0001:00014a40       _pj_atomic_create          00415a40 f   pjlib-i386-win32-vc14-debug:os_core_win32.obj
 0001:00014a80       _pj_atomic_destroy         00415a80 f   pjlib-i386-win32-vc14-debug:os_core_win32.obj
 0001:00014ac0       _pj_atomic_set             00415ac0 f   pjlib-i386-win32-vc14-debug:os_core_win32.obj
 0001:00014b10       _pj_atomic_get             00415b10 f   pjlib-i386-win32-vc14-debug:os_core_win32.obj
 0001:00014b60       _pj_atomic_inc             00415b60 f   pjlib-i386-win32-vc14-debug:os_core_win32.obj
 0001:00014ba0       _pj_atomic_inc_and_get     00415ba0 f   pjlib-i386-win32-vc14-debug:os_core_win32.obj
 0001:00014bd0       _pj_atomic_dec             00415bd0 f   pjlib-i386-win32-vc14-debug:os_core_win32.obj
 0001:00014c10       _pj_atomic_dec_and_get     00415c10 f   pjlib-i386-win32-vc14-debug:os_core_win32.obj
 0001:00014c40       _pj_atomic_add             00415c40 f   pjlib-i386-win32-vc14-debug:os_core_win32.obj
 0001:00014c80       _pj_atomic_add_and_get     00415c80 f   pjlib-i386-win32-vc14-debug:os_core_win32.obj
 0001:00014ca0       _pj_mutex_create           00415ca0 f   pjlib-i386-win32-vc14-debug:os_core_win32.obj
 0001:00014d30       _pj_mutex_create_simple    00415d30 f   pjlib-i386-win32-vc14-debug:os_core_win32.obj
 0001:00014d50       _pj_mutex_create_recursive 00415d50 f   pjlib-i386-win32-vc14-debug:os_core_win32.obj
 0001:00014d70       _pj_mutex_lock             00415d70 f   pjlib-i386-win32-vc14-debug:os_core_win32.obj
 0001:00014e00       _pj_mutex_unlock           00415e00 f   pjlib-i386-win32-vc14-debug:os_core_win32.obj
 0001:00014eb0       _pj_mutex_trylock          00415eb0 f   pjlib-i386-win32-vc14-debug:os_core_win32.obj
 0001:00014f60       _pj_mutex_destroy          00415f60 f   pjlib-i386-win32-vc14-debug:os_core_win32.obj
 0001:00014fc0       _pj_mutex_is_locked        00415fc0 f   pjlib-i386-win32-vc14-debug:os_core_win32.obj
 0001:00014ff0       _pj_rwmutex_create         00415ff0 f   pjlib-i386-win32-vc14-debug:os_core_win32.obj
 0001:000150c0       _pj_rwmutex_lock_read      004160c0 f   pjlib-i386-win32-vc14-debug:os_core_win32.obj
 0001:00015190       _pj_rwmutex_lock_write     00416190 f   pjlib-i386-win32-vc14-debug:os_core_win32.obj
 0001:000151d0       _pj_rwmutex_unlock_read    004161d0 f   pjlib-i386-win32-vc14-debug:os_core_win32.obj
 0001:000152a0       _pj_rwmutex_unlock_write   004162a0 f   pjlib-i386-win32-vc14-debug:os_core_win32.obj
 0001:00015310       _pj_rwmutex_destroy        00416310 f   pjlib-i386-win32-vc14-debug:os_core_win32.obj
 0001:00015370       _pj_enter_critical_section 00416370 f   pjlib-i386-win32-vc14-debug:os_core_win32.obj
 0001:00015390       _pj_leave_critical_section 00416390 f   pjlib-i386-win32-vc14-debug:os_core_win32.obj
 0001:000153b0       _pj_sem_create             004163b0 f   pjlib-i386-win32-vc14-debug:os_core_win32.obj
 0001:000154f0       _pj_sem_wait               004164f0 f   pjlib-i386-win32-vc14-debug:os_core_win32.obj
 0001:00015550       _pj_sem_trywait            00416550 f   pjlib-i386-win32-vc14-debug:os_core_win32.obj
 0001:000155b0       _pj_sem_post               004165b0 f   pjlib-i386-win32-vc14-debug:os_core_win32.obj
 0001:00015660       _pj_sem_destroy            00416660 f   pjlib-i386-win32-vc14-debug:os_core_win32.obj
 0001:00015710       _pj_event_create           00416710 f   pjlib-i386-win32-vc14-debug:os_core_win32.obj
 0001:00015890       _pj_event_wait             00416890 f   pjlib-i386-win32-vc14-debug:os_core_win32.obj
 0001:000158e0       _pj_event_trywait          004168e0 f   pjlib-i386-win32-vc14-debug:os_core_win32.obj
 0001:00015930       _pj_event_set              00416930 f   pjlib-i386-win32-vc14-debug:os_core_win32.obj
 0001:000159e0       _pj_event_pulse            004169e0 f   pjlib-i386-win32-vc14-debug:os_core_win32.obj
 0001:00015a90       _pj_event_reset            00416a90 f   pjlib-i386-win32-vc14-debug:os_core_win32.obj
 0001:00015b40       _pj_event_destroy          00416b40 f   pjlib-i386-win32-vc14-debug:os_core_win32.obj
 0001:00015bf0       _pj_term_set_color         00416bf0 f   pjlib-i386-win32-vc14-debug:os_core_win32.obj
 0001:00015c90       _pj_term_get_color         00416c90 f   pjlib-i386-win32-vc14-debug:os_core_win32.obj
 0001:00015ce0       _pj_run_app                00416ce0 f   pjlib-i386-win32-vc14-debug:os_core_win32.obj
 0001:00015d00       _pj_thread_init            00416d00 f   pjlib-i386-win32-vc14-debug:os_core_win32.obj
 0001:00016a50       _pj_strerror               00417a50 f   pjlib-i386-win32-vc14-debug:errno.obj
 0001:00016be0       _pj_perror                 00417be0 f   pjlib-i386-win32-vc14-debug:errno.obj
 0001:00016c20       _pj_register_strerror      00417c20 f   pjlib-i386-win32-vc14-debug:errno.obj
 0001:00016dd0       _pj_errno_clear_handlers   00417dd0 f   pjlib-i386-win32-vc14-debug:errno.obj
 0001:00016df0       _pj_perror_1               00417df0 f   pjlib-i386-win32-vc14-debug:errno.obj
 0001:00016e20       _pj_perror_2               00417e20 f   pjlib-i386-win32-vc14-debug:errno.obj
 0001:00016e50       _pj_perror_3               00417e50 f   pjlib-i386-win32-vc14-debug:errno.obj
 0001:00016e80       _pj_perror_4               00417e80 f   pjlib-i386-win32-vc14-debug:errno.obj
 0001:00016eb0       _pj_perror_5               00417eb0 f   pjlib-i386-win32-vc14-debug:errno.obj
 0001:00017240       _pj_log                    00418240 f   pjlib-i386-win32-vc14-debug:log.obj
 0001:00017a80       _pj_log_set_log_func       00418a80 f   pjlib-i386-win32-vc14-debug:log.obj
 0001:00017a90       _pj_log_get_log_func       00418a90 f   pjlib-i386-win32-vc14-debug:log.obj
 0001:00017aa0       _pj_log_set_level          00418aa0 f   pjlib-i386-win32-vc14-debug:log.obj
 0001:00017ab0       _pj_log_get_level          00418ab0 f   pjlib-i386-win32-vc14-debug:log.obj
 0001:00017ac0       _pj_log_set_decor          00418ac0 f   pjlib-i386-win32-vc14-debug:log.obj
 0001:00017ad0       _pj_log_get_decor          00418ad0 f   pjlib-i386-win32-vc14-debug:log.obj
 0001:00017ae0       _pj_log_add_indent         00418ae0 f   pjlib-i386-win32-vc14-debug:log.obj
 0001:00017b00       _pj_log_push_indent        00418b00 f   pjlib-i386-win32-vc14-debug:log.obj
 0001:00017b10       _pj_log_pop_indent         00418b10 f   pjlib-i386-win32-vc14-debug:log.obj
 0001:00017b20       _pj_log_set_color          00418b20 f   pjlib-i386-win32-vc14-debug:log.obj
 0001:00017c10       _pj_log_get_color          00418c10 f   pjlib-i386-win32-vc14-debug:log.obj
 0001:00017c80       _pj_log_init               00418c80 f   pjlib-i386-win32-vc14-debug:log.obj
 0001:00017d00       _pj_log_1                  00418d00 f   pjlib-i386-win32-vc14-debug:log.obj
 0001:00017d30       _pj_log_2                  00418d30 f   pjlib-i386-win32-vc14-debug:log.obj
 0001:00017d60       _pj_log_3                  00418d60 f   pjlib-i386-win32-vc14-debug:log.obj
 0001:00017d90       _pj_log_4                  00418d90 f   pjlib-i386-win32-vc14-debug:log.obj
 0001:00017dc0       _pj_log_5                  00418dc0 f   pjlib-i386-win32-vc14-debug:log.obj
 0001:00018320       _pj_str                    00419320 f   pjlib-i386-win32-vc14-debug:string.obj
 0001:00018360       _pj_strassign              00419360 f   pjlib-i386-win32-vc14-debug:string.obj
 0001:00018380       _pj_strcpy                 00419380 f   pjlib-i386-win32-vc14-debug:string.obj
 0001:000183c0       _pj_strcpy2                004193c0 f   pjlib-i386-win32-vc14-debug:string.obj
 0001:00018420       _pj_strncpy                00419420 f   pjlib-i386-win32-vc14-debug:string.obj
 0001:00018480       _pj_strncpy_with_null      00419480 f   pjlib-i386-win32-vc14-debug:string.obj
 0001:00018500       _pj_strdup                 00419500 f   pjlib-i386-win32-vc14-debug:string.obj
 0001:00018560       _pj_strdup_with_null       00419560 f   pjlib-i386-win32-vc14-debug:string.obj
 0001:000185d0       _pj_strdup2                004195d0 f   pjlib-i386-win32-vc14-debug:string.obj
 0001:00018650       _pj_strdup2_with_null      00419650 f   pjlib-i386-win32-vc14-debug:string.obj
 0001:000186d0       _pj_strdup3                004196d0 f   pjlib-i386-win32-vc14-debug:string.obj
 0001:00018700       _pj_strcmp                 00419700 f   pjlib-i386-win32-vc14-debug:string.obj
 0001:000187e0       _pj_strcmp2                004197e0 f   pjlib-i386-win32-vc14-debug:string.obj
 0001:00018830       _pj_strncmp                00419830 f   pjlib-i386-win32-vc14-debug:string.obj
 0001:00018890       _pj_strncmp2               00419890 f   pjlib-i386-win32-vc14-debug:string.obj
 0001:000188e0       _pj_stricmp                004198e0 f   pjlib-i386-win32-vc14-debug:string.obj
 0001:000189c0       _pj_stricmp2               004199c0 f   pjlib-i386-win32-vc14-debug:string.obj
 0001:00018a10       _pj_strnicmp               00419a10 f   pjlib-i386-win32-vc14-debug:string.obj
 0001:00018a70       _pj_strnicmp2              00419a70 f   pjlib-i386-win32-vc14-debug:string.obj
 0001:00018ac0       _pj_strcat                 00419ac0 f   pjlib-i386-win32-vc14-debug:string.obj
 0001:00018b10       _pj_strcat2                00419b10 f   pjlib-i386-win32-vc14-debug:string.obj
 0001:00018b70       _pj_strspn                 00419b70 f   pjlib-i386-win32-vc14-debug:string.obj
 0001:00018c00       _pj_strspn2                00419c00 f   pjlib-i386-win32-vc14-debug:string.obj
 0001:00018c80       _pj_strcspn                00419c80 f   pjlib-i386-win32-vc14-debug:string.obj
 0001:00018cf0       _pj_strcspn2               00419cf0 f   pjlib-i386-win32-vc14-debug:string.obj
 0001:00018d60       _pj_strtok                 00419d60 f   pjlib-i386-win32-vc14-debug:string.obj
 0001:00018e10       _pj_strtok2                00419e10 f   pjlib-i386-win32-vc14-debug:string.obj
 0001:00018ec0       _pj_strstr                 00419ec0 f   pjlib-i386-win32-vc14-debug:string.obj
 0001:00018f30       _pj_stristr                00419f30 f   pjlib-i386-win32-vc14-debug:string.obj
 0001:00018fa0       _pj_strltrim               00419fa0 f   pjlib-i386-win32-vc14-debug:string.obj
 0001:00019010       _pj_strrtrim               0041a010 f   pjlib-i386-win32-vc14-debug:string.obj
 0001:00019080       _pj_strtrim                0041a080 f   pjlib-i386-win32-vc14-debug:string.obj
 0001:000190a0       _pj_create_random_string   0041a0a0 f   pjlib-i386-win32-vc14-debug:string.obj
 0001:000191a0       _pj_strtol                 0041a1a0 f   pjlib-i386-win32-vc14-debug:string.obj
 0001:00019260       _pj_strtol2                0041a260 f   pjlib-i386-win32-vc14-debug:string.obj
 0001:00019400       _pj_strtoul                0041a400 f   pjlib-i386-win32-vc14-debug:string.obj
 0001:00019480       _pj_strtoul2               0041a480 f   pjlib-i386-win32-vc14-debug:string.obj
 0001:000195b0       _pj_strtoul3               0041a5b0 f   pjlib-i386-win32-vc14-debug:string.obj
 0001:00019810       _pj_strtof                 0041a810 f   pjlib-i386-win32-vc14-debug:string.obj
 0001:00019980       _pj_utoa                   0041a980 f   pjlib-i386-win32-vc14-debug:string.obj
 0001:000199a0       _pj_utoa_pad               0041a9a0 f   pjlib-i386-win32-vc14-debug:string.obj
 0001:0001a200       _pj_caching_pool_init      0041b200 f   pjlib-i386-win32-vc14-debug:pool_caching.obj
 0001:0001a300       _pj_caching_pool_destroy   0041b300 f   pjlib-i386-win32-vc14-debug:pool_caching.obj
 0001:0001ac30       _pj_list_insert_before     0041bc30 f   pjlib-i386-win32-vc14-debug:list.obj
 0001:0001ac50       _pj_list_insert_nodes_before 0041bc50 f   pjlib-i386-win32-vc14-debug:list.obj
 0001:0001ac70       _pj_list_insert_after      0041bc70 f   pjlib-i386-win32-vc14-debug:list.obj
 0001:0001aca0       _pj_list_insert_nodes_after 0041bca0 f   pjlib-i386-win32-vc14-debug:list.obj
 0001:0001ace0       _pj_list_merge_first       0041bce0 f   pjlib-i386-win32-vc14-debug:list.obj
 0001:0001ad30       _pj_list_merge_last        0041bd30 f   pjlib-i386-win32-vc14-debug:list.obj
 0001:0001ad80       _pj_list_erase             0041bd80 f   pjlib-i386-win32-vc14-debug:list.obj
 0001:0001adb0       _pj_list_find_node         0041bdb0 f   pjlib-i386-win32-vc14-debug:list.obj
 0001:0001ae00       _pj_list_search            0041be00 f   pjlib-i386-win32-vc14-debug:list.obj
 0001:0001ae60       _pj_list_size              0041be60 f   pjlib-i386-win32-vc14-debug:list.obj
 0001:0001af90       _pj_exception_id_alloc     0041bf90 f   pjlib-i386-win32-vc14-debug:except.obj
 0001:0001aff0       _pj_exception_id_free      0041bff0 f   pjlib-i386-win32-vc14-debug:except.obj
 0001:0001b050       _pj_exception_id_name      0041c050 f   pjlib-i386-win32-vc14-debug:except.obj
 0001:0001b0d0       _pj_throw_exception_       0041c0d0 f   pjlib-i386-win32-vc14-debug:except.obj
 0001:0001b150       _pj_push_exception_handler_ 0041c150 f   pjlib-i386-win32-vc14-debug:except.obj
 0001:0001b1d0       _pj_pop_exception_handler_ 0041c1d0 f   pjlib-i386-win32-vc14-debug:except.obj
 0001:0001b320       _pj_hash_calc              0041c320 f   pjlib-i386-win32-vc14-debug:hash.obj
 0001:0001b3b0       _pj_hash_calc_tolower      0041c3b0 f   pjlib-i386-win32-vc14-debug:hash.obj
 0001:0001b410       _pj_hash_create            0041c410 f   pjlib-i386-win32-vc14-debug:hash.obj
 0001:0001b490       _pj_hash_get               0041c490 f   pjlib-i386-win32-vc14-debug:hash.obj
 0001:0001b4e0       _pj_hash_get_lower         0041c4e0 f   pjlib-i386-win32-vc14-debug:hash.obj
 0001:0001b530       _pj_hash_set               0041c530 f   pjlib-i386-win32-vc14-debug:hash.obj
 0001:0001b560       _pj_hash_set_lower         0041c560 f   pjlib-i386-win32-vc14-debug:hash.obj
 0001:0001b590       _pj_hash_set_np            0041c590 f   pjlib-i386-win32-vc14-debug:hash.obj
 0001:0001b5c0       _pj_hash_set_np_lower      0041c5c0 f   pjlib-i386-win32-vc14-debug:hash.obj
 0001:0001b5f0       _pj_hash_count             0041c5f0 f   pjlib-i386-win32-vc14-debug:hash.obj
 0001:0001b600       _pj_hash_first             0041c600 f   pjlib-i386-win32-vc14-debug:hash.obj
 0001:0001b680       _pj_hash_next              0041c680 f   pjlib-i386-win32-vc14-debug:hash.obj
 0001:0001b710       _pj_hash_this              0041c710 f   pjlib-i386-win32-vc14-debug:hash.obj
 0001:0001bc70       _pj_pool_create            0041cc70 f   pjlib-i386-win32-vc14-debug:pool.obj
 0001:0001bca0       _pj_pool_release           0041cca0 f   pjlib-i386-win32-vc14-debug:pool.obj
 0001:0001bcd0       _pj_pool_safe_release      0041ccd0 f   pjlib-i386-win32-vc14-debug:pool.obj
 0001:0001bd00       _pj_pool_getobjname        0041cd00 f   pjlib-i386-win32-vc14-debug:pool.obj
 0001:0001bd10       _pj_pool_reset             0041cd10 f   pjlib-i386-win32-vc14-debug:pool.obj
 0001:0001bd30       _pj_pool_get_capacity      0041cd30 f   pjlib-i386-win32-vc14-debug:pool.obj
 0001:0001bd40       _pj_pool_get_used_size     0041cd40 f   pjlib-i386-win32-vc14-debug:pool.obj
 0001:0001bd90       _pj_pool_alloc             0041cd90 f   pjlib-i386-win32-vc14-debug:pool.obj
 0001:0001bdd0       _pj_pool_calloc            0041cdd0 f   pjlib-i386-win32-vc14-debug:pool.obj
 0001:0001be10       _pj_pool_alloc_from_block  0041ce10 f   pjlib-i386-win32-vc14-debug:pool.obj
 0001:0001be60       _pj_pool_allocate_find     0041ce60 f   pjlib-i386-win32-vc14-debug:pool.obj
 0001:0001bf80       _pj_NO_MEMORY_EXCEPTION    0041cf80 f   pjlib-i386-win32-vc14-debug:pool.obj
 0001:0001bf90       _pj_pool_create_int        0041cf90 f   pjlib-i386-win32-vc14-debug:pool.obj
 0001:0001c0b0       _pj_pool_init_int          0041d0b0 f   pjlib-i386-win32-vc14-debug:pool.obj
 0001:0001c150       _pj_pool_destroy_int       0041d150 f   pjlib-i386-win32-vc14-debug:pool.obj
 0001:0001c530       _pj_ioqueue_name           0041d530 f   pjlib-i386-win32-vc14-debug:ioqueue_select.obj
 0001:0001c540       _pj_ioqueue_create         0041d540 f   pjlib-i386-win32-vc14-debug:ioqueue_select.obj
 0001:0001c7c0       _pj_ioqueue_destroy        0041d7c0 f   pjlib-i386-win32-vc14-debug:ioqueue_select.obj
 0001:0001c8c0       _pj_ioqueue_set_lock       0041d8c0 f   pjlib-i386-win32-vc14-debug:ioqueue_select.obj
 0001:0001c930       _pj_ioqueue_set_default_concurrency 0041d930 f   pjlib-i386-win32-vc14-debug:ioqueue_select.obj
 0001:0001c970       _pj_ioqueue_register_sock  0041d970 f   pjlib-i386-win32-vc14-debug:ioqueue_select.obj
 0001:0001c9a0       _pj_ioqueue_register_sock2 0041d9a0 f   pjlib-i386-win32-vc14-debug:ioqueue_select.obj
 0001:0001cbc0       _pj_ioqueue_unregister     0041dbc0 f   pjlib-i386-win32-vc14-debug:ioqueue_select.obj
 0001:0001cd90       _pj_ioqueue_get_user_data  0041dd90 f   pjlib-i386-win32-vc14-debug:ioqueue_select.obj
 0001:0001cdd0       _pj_ioqueue_set_user_data  0041ddd0 f   pjlib-i386-win32-vc14-debug:ioqueue_select.obj
 0001:0001ce20       _pj_ioqueue_set_concurrency 0041de20 f   pjlib-i386-win32-vc14-debug:ioqueue_select.obj
 0001:0001cea0       _pj_ioqueue_lock_key       0041dea0 f   pjlib-i386-win32-vc14-debug:ioqueue_select.obj
 0001:0001ced0       _pj_ioqueue_trylock_key    0041ded0 f   pjlib-i386-win32-vc14-debug:ioqueue_select.obj
 0001:0001cf00       _pj_ioqueue_unlock_key     0041df00 f   pjlib-i386-win32-vc14-debug:ioqueue_select.obj
 0001:0001cf30       _pj_ioqueue_op_key_init    0041df30 f   pjlib-i386-win32-vc14-debug:ioqueue_select.obj
 0001:0001cf50       _pj_ioqueue_is_pending     0041df50 f   pjlib-i386-win32-vc14-debug:ioqueue_select.obj
 0001:0001cf80       _pj_ioqueue_post_completion 0041df80 f   pjlib-i386-win32-vc14-debug:ioqueue_select.obj
 0001:0001d0e0       _pj_ioqueue_accept         0041e0e0 f   pjlib-i386-win32-vc14-debug:ioqueue_select.obj
 0001:0001d290       _pj_ioqueue_connect        0041e290 f   pjlib-i386-win32-vc14-debug:ioqueue_select.obj
 0001:0001d3c0       _pj_ioqueue_poll           0041e3c0 f   pjlib-i386-win32-vc14-debug:ioqueue_select.obj
 0001:0001d970       _pj_ioqueue_recv           0041e970 f   pjlib-i386-win32-vc14-debug:ioqueue_select.obj
 0001:0001db00       _pj_ioqueue_recvfrom       0041eb00 f   pjlib-i386-win32-vc14-debug:ioqueue_select.obj
 0001:0001dcb0       _pj_ioqueue_send           0041ecb0 f   pjlib-i386-win32-vc14-debug:ioqueue_select.obj
 0001:0001de80       _pj_ioqueue_sendto         0041ee80 f   pjlib-i386-win32-vc14-debug:ioqueue_select.obj
 0001:0001e4d0       _ioqueue_dispatch_write_event 0041f4d0 f   pjlib-i386-win32-vc14-debug:ioqueue_select.obj
 0001:0001e890       _ioqueue_dispatch_read_event 0041f890 f   pjlib-i386-win32-vc14-debug:ioqueue_select.obj
 0001:0001ebc0       _ioqueue_dispatch_exception_event 0041fbc0 f   pjlib-i386-win32-vc14-debug:ioqueue_select.obj
 0001:0001fa30       _pj_inet_ntop2             00420a30 f   pjlib-i386-win32-vc14-debug:sock_common.obj
 0001:0001fa70       _pj_sockaddr_print         00420a70 f   pjlib-i386-win32-vc14-debug:sock_common.obj
 0001:0001fb80       _pj_inet_addr              00420b80 f   pjlib-i386-win32-vc14-debug:sock_common.obj
 0001:0001fba0       _pj_inet_addr2             00420ba0 f   pjlib-i386-win32-vc14-debug:sock_common.obj
 0001:0001fbd0       _pj_sockaddr_in_init       00420bd0 f   pjlib-i386-win32-vc14-debug:sock_common.obj
 0001:0001fc50       _pj_sockaddr_init          00420c50 f   pjlib-i386-win32-vc14-debug:sock_common.obj
 0001:0001fd10       _pj_sockaddr_cmp           00420d10 f   pjlib-i386-win32-vc14-debug:sock_common.obj
 0001:0001fde0       _pj_sockaddr_get_addr      00420de0 f   pjlib-i386-win32-vc14-debug:sock_common.obj
 0001:0001fe80       _pj_sockaddr_has_addr      00420e80 f   pjlib-i386-win32-vc14-debug:sock_common.obj
 0001:0001ff40       _pj_sockaddr_get_addr_len  00420f40 f   pjlib-i386-win32-vc14-debug:sock_common.obj
 0001:0001ffe0       _pj_sockaddr_get_len       00420fe0 f   pjlib-i386-win32-vc14-debug:sock_common.obj
 0001:00020080       _pj_sockaddr_copy_addr     00421080 f   pjlib-i386-win32-vc14-debug:sock_common.obj
 0001:000200d0       _pj_sockaddr_cp            004210d0 f   pjlib-i386-win32-vc14-debug:sock_common.obj
 0001:00020100       _pj_sockaddr_synthesize    00421100 f   pjlib-i386-win32-vc14-debug:sock_common.obj
 0001:00020230       _pj_sockaddr_in_get_addr   00421230 f   pjlib-i386-win32-vc14-debug:sock_common.obj
 0001:00020250       _pj_sockaddr_in_set_addr   00421250 f   pjlib-i386-win32-vc14-debug:sock_common.obj
 0001:00020270       _pj_sockaddr_in_set_str_addr 00421270 f   pjlib-i386-win32-vc14-debug:sock_common.obj
 0001:000203b0       _pj_sockaddr_set_str_addr  004213b0 f   pjlib-i386-win32-vc14-debug:sock_common.obj
 0001:000204f0       _pj_sockaddr_get_port      004214f0 f   pjlib-i386-win32-vc14-debug:sock_common.obj
 0001:000205a0       _pj_sockaddr_in_get_port   004215a0 f   pjlib-i386-win32-vc14-debug:sock_common.obj
 0001:000205c0       _pj_sockaddr_set_port      004215c0 f   pjlib-i386-win32-vc14-debug:sock_common.obj
 0001:00020660       _pj_sockaddr_in_set_port   00421660 f   pjlib-i386-win32-vc14-debug:sock_common.obj
 0001:00020680       _pj_sockaddr_parse         00421680 f   pjlib-i386-win32-vc14-debug:sock_common.obj
 0001:000207c0       _pj_sockaddr_parse2        004217c0 f   pjlib-i386-win32-vc14-debug:sock_common.obj
 0001:00020b60       _pj_gethostaddr            00421b60 f   pjlib-i386-win32-vc14-debug:sock_common.obj
 0001:00020ba0       _pj_sock_bind_random       00421ba0 f   pjlib-i386-win32-vc14-debug:sock_common.obj
 0001:00020cd0       _pj_sock_setsockopt_sobuf  00421cd0 f   pjlib-i386-win32-vc14-debug:sock_common.obj
 0001:00020e80       _pj_addr_str_print         00421e80 f   pjlib-i386-win32-vc14-debug:sock_common.obj
 0001:00020f80       _pj_gethostip              00421f80 f   pjlib-i386-win32-vc14-debug:sock_common.obj
 0001:000219b0       _pj_getipinterface         004229b0 f   pjlib-i386-win32-vc14-debug:sock_common.obj
 0001:00021b90       _pj_getdefaultipinterface  00422b90 f   pjlib-i386-win32-vc14-debug:sock_common.obj
 0001:00022510       _pj_ntohs                  00423510 f   pjlib-i386-win32-vc14-debug:sock_bsd.obj
 0001:00022520       _pj_htons                  00423520 f   pjlib-i386-win32-vc14-debug:sock_bsd.obj
 0001:00022530       _pj_ntohl                  00423530 f   pjlib-i386-win32-vc14-debug:sock_bsd.obj
 0001:00022540       _pj_htonl                  00423540 f   pjlib-i386-win32-vc14-debug:sock_bsd.obj
 0001:00022550       _pj_inet_ntoa              00423550 f   pjlib-i386-win32-vc14-debug:sock_bsd.obj
 0001:00022580       _pj_inet_aton              00423580 f   pjlib-i386-win32-vc14-debug:sock_bsd.obj
 0001:00022660       _pj_inet_pton              00423660 f   pjlib-i386-win32-vc14-debug:sock_bsd.obj
 0001:00022840       _pj_inet_ntop              00423840 f   pjlib-i386-win32-vc14-debug:sock_bsd.obj
 0001:00022a00       _pj_gethostname            00423a00 f   pjlib-i386-win32-vc14-debug:sock_bsd.obj
 0001:00022a80       _pj_sock_socket            00423a80 f   pjlib-i386-win32-vc14-debug:sock_bsd.obj
 0001:00022b90       _pj_sock_close             00423b90 f   pjlib-i386-win32-vc14-debug:sock_bsd.obj
 0001:00022c10       _pj_sock_bind              00423c10 f   pjlib-i386-win32-vc14-debug:sock_bsd.obj
 0001:00022cc0       _pj_sock_bind_in           00423cc0 f   pjlib-i386-win32-vc14-debug:sock_bsd.obj
 0001:00022d40       _pj_sock_listen            00423d40 f   pjlib-i386-win32-vc14-debug:sock_bsd.obj
 0001:00022dc0       _pj_sock_accept            00423dc0 f   pjlib-i386-win32-vc14-debug:sock_bsd.obj
 0001:00022e70       _pj_sock_connect           00423e70 f   pjlib-i386-win32-vc14-debug:sock_bsd.obj
 0001:00022ef0       _pj_sock_getpeername       00423ef0 f   pjlib-i386-win32-vc14-debug:sock_bsd.obj
 0001:00022f70       _pj_sock_getsockname       00423f70 f   pjlib-i386-win32-vc14-debug:sock_bsd.obj
 0001:00022ff0       _pj_sock_getsockopt        00423ff0 f   pjlib-i386-win32-vc14-debug:sock_bsd.obj
 0001:000230b0       _pj_sock_setsockopt        004240b0 f   pjlib-i386-win32-vc14-debug:sock_bsd.obj
 0001:00023160       _pj_sock_setsockopt_params 00424160 f   pjlib-i386-win32-vc14-debug:sock_bsd.obj
 0001:00023270       _pj_sock_recv              00424270 f   pjlib-i386-win32-vc14-debug:sock_bsd.obj
 0001:00023330       _pj_sock_recvfrom          00424330 f   pjlib-i386-win32-vc14-debug:sock_bsd.obj
 0001:00023400       _pj_sock_send              00424400 f   pjlib-i386-win32-vc14-debug:sock_bsd.obj
 0001:000234c0       _pj_sock_sendto            004244c0 f   pjlib-i386-win32-vc14-debug:sock_bsd.obj
 0001:00023580       _pj_sock_shutdown          00424580 f   pjlib-i386-win32-vc14-debug:sock_bsd.obj
 0001:00023a90       _pj_activesock_cfg_default 00424a90 f   pjlib-i386-win32-vc14-debug:activesock.obj
 0001:00023ad0       _pj_activesock_create      00424ad0 f   pjlib-i386-win32-vc14-debug:activesock.obj
 0001:00023d80       _pj_activesock_create_udp  00424d80 f   pjlib-i386-win32-vc14-debug:activesock.obj
 0001:00023eb0       _pj_activesock_close       00424eb0 f   pjlib-i386-win32-vc14-debug:activesock.obj
 0001:00023f60       _pj_activesock_set_user_data 00424f60 f   pjlib-i386-win32-vc14-debug:activesock.obj
 0001:00023fa0       _pj_activesock_get_user_data 00424fa0 f   pjlib-i386-win32-vc14-debug:activesock.obj
 0001:00023fe0       _pj_activesock_start_read  00424fe0 f   pjlib-i386-win32-vc14-debug:activesock.obj
 0001:000240a0       _pj_activesock_start_read2 004250a0 f   pjlib-i386-win32-vc14-debug:activesock.obj
 0001:00024260       _pj_activesock_start_recvfrom 00425260 f   pjlib-i386-win32-vc14-debug:activesock.obj
 0001:00024320       _pj_activesock_start_recvfrom2 00425320 f   pjlib-i386-win32-vc14-debug:activesock.obj
 0001:000244c0       _pj_activesock_send        004254c0 f   pjlib-i386-win32-vc14-debug:activesock.obj
 0001:00024610       _pj_activesock_sendto      00425610 f   pjlib-i386-win32-vc14-debug:activesock.obj
 0001:000246c0       _pj_activesock_start_accept 004256c0 f   pjlib-i386-win32-vc14-debug:activesock.obj
 0001:00024820       _pj_activesock_start_connect 00425820 f   pjlib-i386-win32-vc14-debug:activesock.obj
 0001:00025530       _pj_get_timestamp          00426530 f   pjlib-i386-win32-vc14-debug:os_timestamp_win32.obj
 0001:000255a0       _pj_get_timestamp_freq     004265a0 f   pjlib-i386-win32-vc14-debug:os_timestamp_win32.obj
 0001:00025640       _pj_GUID_STRING_LENGTH     00426640 f   pjlib-i386-win32-vc14-debug:guid_win32.obj
 0001:00025650       _pj_generate_unique_string 00426650 f   pjlib-i386-win32-vc14-debug:guid_win32.obj
 0001:000257e0       _pj_get_version            004267e0 f   pjlib-i386-win32-vc14-debug:config.obj
 0001:000257f0       _pj_dump_config            004267f0 f   pjlib-i386-win32-vc14-debug:config.obj
 0001:00025e10       _pj_get_os_error           00426e10 f   pjlib-i386-win32-vc14-debug:os_error_win32.obj
 0001:00025e40       _pj_set_os_error           00426e40 f   pjlib-i386-win32-vc14-debug:os_error_win32.obj
 0001:00025e70       _pj_get_netos_error        00426e70 f   pjlib-i386-win32-vc14-debug:os_error_win32.obj
 0001:00025ea0       _pj_set_netos_error        00426ea0 f   pjlib-i386-win32-vc14-debug:os_error_win32.obj
 0001:00025ef0       _platform_strerror         00426ef0 f   pjlib-i386-win32-vc14-debug:os_error_win32.obj
 0001:00026110       _pj_log_write              00427110 f   pjlib-i386-win32-vc14-debug:log_writer_stdout.obj
 0001:000261d0       _pj_gettimeofday           004271d0 f   pjlib-i386-win32-vc14-debug:os_time_win32.obj
 0001:00026280       _pj_time_decode            00427280 f   pjlib-i386-win32-vc14-debug:os_time_win32.obj
 0001:00026350       _pj_time_encode            00427350 f   pjlib-i386-win32-vc14-debug:os_time_win32.obj
 0001:000265b0       _pj_srand                  004275b0 f   pjlib-i386-win32-vc14-debug:rand.obj
 0001:000265d0       _pj_rand                   004275d0 f   pjlib-i386-win32-vc14-debug:rand.obj
 0001:00026630       _pj_lock_create_simple_mutex 00427630 f   pjlib-i386-win32-vc14-debug:lock.obj
 0001:00026650       _pj_lock_create_recursive_mutex 00427650 f   pjlib-i386-win32-vc14-debug:lock.obj
 0001:00026670       _pj_lock_create_null_mutex 00427670 f   pjlib-i386-win32-vc14-debug:lock.obj
 0001:000266b0       _pj_lock_create_semaphore  004276b0 f   pjlib-i386-win32-vc14-debug:lock.obj
 0001:00026770       _pj_lock_acquire           00427770 f   pjlib-i386-win32-vc14-debug:lock.obj
 0001:000267c0       _pj_lock_tryacquire        004277c0 f   pjlib-i386-win32-vc14-debug:lock.obj
 0001:00026810       _pj_lock_release           00427810 f   pjlib-i386-win32-vc14-debug:lock.obj
 0001:00026860       _pj_lock_destroy           00427860 f   pjlib-i386-win32-vc14-debug:lock.obj
 0001:000268b0       _pj_grp_lock_config_default 004278b0 f   pjlib-i386-win32-vc14-debug:lock.obj
 0001:000268d0       _pj_grp_lock_create        004278d0 f   pjlib-i386-win32-vc14-debug:lock.obj
 0001:00026a50       _pj_grp_lock_create_w_handler 00427a50 f   pjlib-i386-win32-vc14-debug:lock.obj
 0001:00026aa0       _pj_grp_lock_destroy       00427aa0 f   pjlib-i386-win32-vc14-debug:lock.obj
 0001:00026ac0       _pj_grp_lock_replace       00427ac0 f   pjlib-i386-win32-vc14-debug:lock.obj
 0001:00026b50       _pj_grp_lock_acquire       00427b50 f   pjlib-i386-win32-vc14-debug:lock.obj
 0001:00026b70       _pj_grp_lock_tryacquire    00427b70 f   pjlib-i386-win32-vc14-debug:lock.obj
 0001:00026b90       _pj_grp_lock_release       00427b90 f   pjlib-i386-win32-vc14-debug:lock.obj
 0001:00026bb0       _pj_grp_lock_add_handler   00427bb0 f   pjlib-i386-win32-vc14-debug:lock.obj
 0001:00026bd0       _pj_grp_lock_del_handler   00427bd0 f   pjlib-i386-win32-vc14-debug:lock.obj
 0001:00026c40       _pj_grp_lock_add_ref       00427c40 f   pjlib-i386-win32-vc14-debug:lock.obj
 0001:00026c60       _pj_grp_lock_dec_ref       00427c60 f   pjlib-i386-win32-vc14-debug:lock.obj
 0001:00026c80       _pj_grp_lock_get_ref       00427c80 f   pjlib-i386-win32-vc14-debug:lock.obj
 0001:00026ca0       _pj_grp_lock_dump          00427ca0 f   pjlib-i386-win32-vc14-debug:lock.obj
 0001:00026ce0       _pj_grp_lock_chain_lock    00427ce0 f   pjlib-i386-win32-vc14-debug:lock.obj
 0001:00026da0       _pj_grp_lock_unchain_lock  00427da0 f   pjlib-i386-win32-vc14-debug:lock.obj
 0001:000277a0       _pj_pool_create_on_buf     004287a0 f   pjlib-i386-win32-vc14-debug:pool_buf.obj
 0001:000279d0       _pj_pool_factory_get_default_policy 004289d0 f   pjlib-i386-win32-vc14-debug:pool_policy_malloc.obj
 0001:00027b00       _pj_time_val_normalize     00428b00 f   pjlib-i386-win32-vc14-debug:types.obj
 0001:00027c20       _pj_gettickcount           00428c20 f   pjlib-i386-win32-vc14-debug:os_timestamp_common.obj
 0001:00027c70       _pj_elapsed_time           00428c70 f   pjlib-i386-win32-vc14-debug:os_timestamp_common.obj
 0001:00027d20       _pj_elapsed_msec           00428d20 f   pjlib-i386-win32-vc14-debug:os_timestamp_common.obj
 0001:00027d50       _pj_elapsed_msec64         00428d50 f   pjlib-i386-win32-vc14-debug:os_timestamp_common.obj
 0001:00027d80       _pj_elapsed_usec           00428d80 f   pjlib-i386-win32-vc14-debug:os_timestamp_common.obj
 0001:00027db0       _pj_elapsed_nanosec        00428db0 f   pjlib-i386-win32-vc14-debug:os_timestamp_common.obj
 0001:00027e40       _pj_elapsed_cycle          00428e40 f   pjlib-i386-win32-vc14-debug:os_timestamp_common.obj
 0001:000280a0       _PJ_FD_ZERO                004290a0 f   pjlib-i386-win32-vc14-debug:sock_select.obj
 0001:000280e0       _PJ_FD_COUNT               004290e0 f   pjlib-i386-win32-vc14-debug:sock_select.obj
 0001:00028100       _PJ_FD_SET                 00429100 f   pjlib-i386-win32-vc14-debug:sock_select.obj
 0001:000281f0       _PJ_FD_CLR                 004291f0 f   pjlib-i386-win32-vc14-debug:sock_select.obj
 0001:000282f0       _PJ_FD_ISSET               004292f0 f   pjlib-i386-win32-vc14-debug:sock_select.obj
 0001:00028330       _pj_sock_select            00429330 f   pjlib-i386-win32-vc14-debug:sock_select.obj
 0001:000284d0       _pj_enum_ip_interface      004294d0 f   pjlib-i386-win32-vc14-debug:ip_helper_win32.obj
 0001:000285e0       _pj_enum_ip_route          004295e0 f   pjlib-i386-win32-vc14-debug:ip_helper_win32.obj
 0001:000293e0       _pj_gethostbyname          0042a3e0 f   pjlib-i386-win32-vc14-debug:addr_resolv_sock.obj
 0001:00029500       _pj_getaddrinfo            0042a500 f   pjlib-i386-win32-vc14-debug:addr_resolv_sock.obj
 0001:000297ac       _CoCreateGuid@4            0042a7ac f   ole32:ole32.dll
 0001:000297b2       _WSAStartup@8              0042a7b2 f   ws2_32:WS2_32.dll
 0001:000297b8       _WSACleanup@0              0042a7b8 f   ws2_32:WS2_32.dll
 0001:000297be       _WSAGetLastError@0         0042a7be f   ws2_32:WS2_32.dll
 0001:000297c4       _ioctlsocket@12            0042a7c4 f   ws2_32:WS2_32.dll
 0001:000297ca       _accept@12                 0042a7ca f   ws2_32:WS2_32.dll
 0001:000297d0       _bind@12                   0042a7d0 f   ws2_32:WS2_32.dll
 0001:000297d6       _closesocket@4             0042a7d6 f   ws2_32:WS2_32.dll
 0001:000297dc       _connect@12                0042a7dc f   ws2_32:WS2_32.dll
 0001:000297e2       _getpeername@12            0042a7e2 f   ws2_32:WS2_32.dll
 0001:000297e8       _getsockname@12            0042a7e8 f   ws2_32:WS2_32.dll
 0001:000297ee       _getsockopt@20             0042a7ee f   ws2_32:WS2_32.dll
 0001:000297f4       _htonl@4                   0042a7f4 f   ws2_32:WS2_32.dll
 0001:000297fa       _htons@4                   0042a7fa f   ws2_32:WS2_32.dll
 0001:00029800       _inet_addr@4               0042a800 f   ws2_32:WS2_32.dll
 0001:00029806       _inet_ntoa@4               0042a806 f   ws2_32:WS2_32.dll
 0001:0002980c       _listen@8                  0042a80c f   ws2_32:WS2_32.dll
 0001:00029812       _ntohl@4                   0042a812 f   ws2_32:WS2_32.dll
 0001:00029818       _ntohs@4                   0042a818 f   ws2_32:WS2_32.dll
 0001:0002981e       _recv@16                   0042a81e f   ws2_32:WS2_32.dll
 0001:00029824       _recvfrom@24               0042a824 f   ws2_32:WS2_32.dll
 0001:0002982a       _send@16                   0042a82a f   ws2_32:WS2_32.dll
 0001:00029830       _sendto@24                 0042a830 f   ws2_32:WS2_32.dll
 0001:00029836       _setsockopt@20             0042a836 f   ws2_32:WS2_32.dll
 0001:0002983c       _shutdown@8                0042a83c f   ws2_32:WS2_32.dll
 0001:00029842       _gethostname@8             0042a842 f   ws2_32:WS2_32.dll
 0001:00029848       _WSAIoctl@36               0042a848 f   ws2_32:WS2_32.dll
 0001:0002984e       _WSASocketA@24             0042a84e f   ws2_32:WS2_32.dll
 0001:00029854       _WSAAddressToStringA@20    0042a854 f   ws2_32:WS2_32.dll
 0001:0002985a       _WSAStringToAddressA@20    0042a85a f   ws2_32:WS2_32.dll
 0001:00029860       _WSASetLastError@4         0042a860 f   ws2_32:WS2_32.dll
 0001:00029866       ___WSAFDIsSet@8            0042a866 f   ws2_32:WS2_32.dll
 0001:0002986c       _select@20                 0042a86c f   ws2_32:WS2_32.dll
 0001:00029872       _gethostbyname@4           0042a872 f   ws2_32:WS2_32.dll
 0001:00029880       @__security_check_cookie@4 0042a880 f   LIBCMTD:_secchk_.obj
 0001:00029c80       ?configure_argv@__scrt_narrow_argv_policy@@SAHXZ 0042ac80 f i LIBCMTD:exe_main.obj
 0001:00029ca0       ?get_app_type@__scrt_main_policy@@SA?AW4_crt_app_type@@XZ 0042aca0 f i LIBCMTD:exe_main.obj
 0001:00029cf0       _mainCRTStartup            0042acf0 f   LIBCMTD:exe_main.obj
 0001:00029d00       ___raise_securityfailure   0042ad00 f   LIBCMTD:gs_report.obj
 0001:00029d40       ___report_gsfailure        0042ad40 f   LIBCMTD:gs_report.obj
 0001:00029e90       ___report_rangecheckfailure 0042ae90 f   LIBCMTD:gs_report.obj
 0001:00029ea0       ___report_securityfailure  0042aea0 f   LIBCMTD:gs_report.obj
 0001:00029fb0       ___report_securityfailureEx 0042afb0 f   LIBCMTD:gs_report.obj
 0001:0002a120       __alloca_probe             0042b120 f   LIBCMTD:chkstk.obj
 0001:0002a120       __chkstk                   0042b120 f   LIBCMTD:chkstk.obj
 0001:0002a160       __alldiv                   0042b160 f   LIBCMTD:lldiv.obj
 0001:0002a240       __allmul                   0042b240 f   LIBCMTD:llmul.obj
 0001:0002a290       __ftoui3                   0042b290 f   LIBCMTD:_ftol3_.obj
 0001:0002a29f       __ftoul3                   0042b29f f   LIBCMTD:_ftol3_.obj
 0001:0002a2ae       __ftol3                    0042b2ae f   LIBCMTD:_ftol3_.obj
 0001:0002a2bb       __ftol3_NaN                0042b2bb f   LIBCMTD:_ftol3_.obj
 0001:0002a2d3       __ftol3_work               0042b2d3 f   LIBCMTD:_ftol3_.obj
 0001:0002a359       __ftol3_common             0042b359 f   LIBCMTD:_ftol3_.obj
 0001:0002a41b       __ftol3_arg_error          0042b41b f   LIBCMTD:_ftol3_.obj
 0001:0002a42d       __ftol3_except             0042b42d f   LIBCMTD:_ftol3_.obj
 0001:0002a471       __dtoui3                   0042b471 f   LIBCMTD:_ftol3_.obj
 0001:0002a480       __dtoul3                   0042b480 f   LIBCMTD:_ftol3_.obj
 0001:0002a48f       __dtol3                    0042b48f f   LIBCMTD:_ftol3_.obj
 0001:0002a49c       __dtol3_NaN                0042b49c f   LIBCMTD:_ftol3_.obj
 0001:0002a4b9       __dtol3_work               0042b4b9 f   LIBCMTD:_ftol3_.obj
 0001:0002a5a0       __ultod3                   0042b5a0 f   LIBCMTD:_ftol3_.obj
 0001:0002a5e0       __ltod3                    0042b5e0 f   LIBCMTD:_ftol3_.obj
 0001:0002a6f0       ??$__crt_fast_decode_pointer@PAP6AXXZ@@YAPAP6AXXZQAP6AXXZ@Z 0042b6f0 f i LIBCMTD:utility.obj
 0001:0002a720       ??$__crt_fast_encode_pointer@PAP6AXXZ@@YAPAP6AXXZQAP6AXXZ@Z 0042b720 f i LIBCMTD:utility.obj
 0001:0002a760       ?__crt_rotate_pointer_value@@YAIIH@Z 0042b760 f i LIBCMTD:utility.obj
 0001:0002a8b0       _NtCurrentTeb              0042b8b0 f i LIBCMTD:utility.obj
 0001:0002a8c0       ___scrt_acquire_startup_lock 0042b8c0 f   LIBCMTD:utility.obj
 0001:0002a920       ___scrt_dllmain_after_initialize_c 0042b920 f   LIBCMTD:utility.obj
 0001:0002a950       ___scrt_dllmain_before_initialize_c 0042b950 f   LIBCMTD:utility.obj
 0001:0002a980       ___scrt_dllmain_crt_thread_attach 0042b980 f   LIBCMTD:utility.obj
 0001:0002a9c0       ___scrt_dllmain_crt_thread_detach 0042b9c0 f   LIBCMTD:utility.obj
 0001:0002a9e0       ___scrt_dllmain_exception_filter 0042b9e0 f   LIBCMTD:utility.obj
 0001:0002aa40       ___scrt_dllmain_uninitialize_c 0042ba40 f   LIBCMTD:utility.obj
 0001:0002aa80       ___scrt_dllmain_uninitialize_critical 0042ba80 f   LIBCMTD:utility.obj
 0001:0002aaa0       ___scrt_initialize_crt     0042baa0 f   LIBCMTD:utility.obj
 0001:0002ab00       ___scrt_initialize_onexit_tables 0042bb00 f   LIBCMTD:utility.obj
 0001:0002ac00       ___scrt_is_nonwritable_in_current_image 0042bc00 f   LIBCMTD:utility.obj
 0001:0002ad80       ___scrt_release_startup_lock 0042bd80 f   LIBCMTD:utility.obj
 0001:0002adb0       ___scrt_uninitialize_crt   0042bdb0 f   LIBCMTD:utility.obj
 0001:0002ae00       __onexit                   0042be00 f   LIBCMTD:utility.obj
 0001:0002ae90       _at_quick_exit             0042be90 f   LIBCMTD:utility.obj
 0001:0002aef0       _atexit                    0042bef0 f   LIBCMTD:utility.obj
 0001:0002af30       ___security_init_cookie    0042bf30 f   LIBCMTD:gs_support.obj
 0001:0002b050       __matherr                  0042c050 f   LIBCMTD:matherr.obj
 0001:0002b060       __get_startup_argv_mode    0042c060 f   LIBCMTD:argv_mode.obj
 0001:0002b070       __get_startup_commit_mode  0042c070 f   LIBCMTD:commit_mode.obj
 0001:0002b080       __get_startup_file_mode    0042c080 f   LIBCMTD:file_mode.obj
 0001:0002b090       __get_startup_new_mode     0042c090 f   LIBCMTD:new_mode.obj
 0001:0002b0a0       __get_startup_thread_locale_mode 0042c0a0 f   LIBCMTD:thread_locale.obj
 0001:0002b0b0       ?__scrt_initialize_type_info@@YAXXZ 0042c0b0 f   LIBCMTD:tncleanup.obj
 0001:0002b0d0       ?__scrt_uninitialize_type_info@@YAXXZ 0042c0d0 f   LIBCMTD:tncleanup.obj
 0001:0002b0f0       __initialize_default_precision 0042c0f0 f   LIBCMTD:default_precision.obj
 0001:0002b120       __initialize_invalid_parameter_handler 0042c120 f   LIBCMTD:invalid_parameter_handler.obj
 0001:0002b130       __initialize_denormal_control 0042c130 f   LIBCMTD:denormal_control.obj
 0001:0002b140       ___local_stdio_scanf_options 0042c140 f i LIBCMTD:default_local_stdio_options.obj
 0001:0002b150       ___scrt_initialize_default_local_stdio_options 0042c150 f   LIBCMTD:default_local_stdio_options.obj
 0001:0002b1a0       ___scrt_is_user_matherr_present 0042c1a0 f   LIBCMTD:matherr_detection.obj
 0001:0002b1d0       ___scrt_get_dyn_tls_init_callback 0042c1d0 f   LIBCMTD:dyn_tls_init.obj
 0001:0002b1e0       ___scrt_get_dyn_tls_dtor_callback 0042c1e0 f   LIBCMTD:dyn_tls_dtor.obj
 0001:0002b1f0       ___scrt_fastfail           0042c1f0 f   LIBCMTD:utility_desktop.obj
 0001:0002b380       ___scrt_get_show_window_mode 0042c380 f   LIBCMTD:utility_desktop.obj
 0001:0002b3d0       ___scrt_initialize_winrt   0042c3d0 f   LIBCMTD:utility_desktop.obj
 0001:0002b3e0       ___scrt_is_managed_app     0042c3e0 f   LIBCMTD:utility_desktop.obj
 0001:0002b490       ___scrt_set_unhandled_exception_filter 0042c490 f   LIBCMTD:utility_desktop.obj
 0001:0002b4b0       ___scrt_unhandled_exception_filter@4 0042c4b0 f   LIBCMTD:utility_desktop.obj
 0001:0002b530       __crt_debugger_hook        0042c530 f   LIBCMTD:utility_desktop.obj
 0001:0002b550       __RTC_Initialize           0042c550 f   LIBCMTD:_initsect_.obj
 0001:0002b590       __RTC_Terminate            0042c590 f   LIBCMTD:_initsect_.obj
 0001:0002b5d0       @_guard_check_icall@4      0042c5d0 f i LIBCMTD:checkcfg.obj
 0001:0002b5f0       ___isa_available_init      0042c5f0 f   LIBCMTD:_cpu_disp_.obj
 0001:0002b980       ___scrt_is_ucrt_dll_in_use 0042c980 f   LIBCMTD:ucrt_detection.obj
 0001:0002b9b0       @_guard_check_icall_nop@4  0042c9b0 f i LIBCMTD:guard_support.obj
 0001:0002b9c0       __guard_icall_checks_enforced 0042c9c0 f i LIBCMTD:guard_support.obj
 0001:0002b9f0       _GetStdHandle@4            0042c9f0 f   kernel32:KERNEL32.dll
 0001:0002b9f6       _CloseHandle@4             0042c9f6 f   kernel32:KERNEL32.dll
 0001:0002b9fc       _GetLastError@0            0042c9fc f   kernel32:KERNEL32.dll
 0001:0002ba02       _InitializeCriticalSection@4 0042ca02 f   kernel32:KERNEL32.dll
 0001:0002ba08       _EnterCriticalSection@4    0042ca08 f   kernel32:KERNEL32.dll
 0001:0002ba0e       _LeaveCriticalSection@4    0042ca0e f   kernel32:KERNEL32.dll
 0001:0002ba14       _TryEnterCriticalSection@4 0042ca14 f   kernel32:KERNEL32.dll
 0001:0002ba1a       _DeleteCriticalSection@4   0042ca1a f   kernel32:KERNEL32.dll
 0001:0002ba20       _SetEvent@4                0042ca20 f   kernel32:KERNEL32.dll
 0001:0002ba26       _ResetEvent@4              0042ca26 f   kernel32:KERNEL32.dll
 0001:0002ba2c       _ReleaseSemaphore@12       0042ca2c f   kernel32:KERNEL32.dll
 0001:0002ba32       _WaitForSingleObject@8     0042ca32 f   kernel32:KERNEL32.dll
 0001:0002ba38       _CreateEventA@16           0042ca38 f   kernel32:KERNEL32.dll
 0001:0002ba3e       _Sleep@4                   0042ca3e f   kernel32:KERNEL32.dll
 0001:0002ba44       _GetCurrentProcessId@0     0042ca44 f   kernel32:KERNEL32.dll
 0001:0002ba4a       _CreateThread@24           0042ca4a f   kernel32:KERNEL32.dll
 0001:0002ba50       _GetCurrentThread@0        0042ca50 f   kernel32:KERNEL32.dll
 0001:0002ba56       _GetCurrentThreadId@0      0042ca56 f   kernel32:KERNEL32.dll
 0001:0002ba5c       _SetThreadPriority@8       0042ca5c f   kernel32:KERNEL32.dll
 0001:0002ba62       _GetThreadPriority@4       0042ca62 f   kernel32:KERNEL32.dll
 0001:0002ba68       _ResumeThread@4            0042ca68 f   kernel32:KERNEL32.dll
 0001:0002ba6e       _TlsAlloc@0                0042ca6e f   kernel32:KERNEL32.dll
 0001:0002ba74       _TlsGetValue@4             0042ca74 f   kernel32:KERNEL32.dll
 0001:0002ba7a       _TlsSetValue@8             0042ca7a f   kernel32:KERNEL32.dll
 0001:0002ba80       _TlsFree@4                 0042ca80 f   kernel32:KERNEL32.dll
 0001:0002ba86       _PulseEvent@4              0042ca86 f   kernel32:KERNEL32.dll
 0001:0002ba8c       _CreateSemaphoreA@16       0042ca8c f   kernel32:KERNEL32.dll
 0001:0002ba92       _GetConsoleScreenBufferInfo@8 0042ca92 f   kernel32:KERNEL32.dll
 0001:0002ba98       _SetConsoleTextAttribute@8 0042ca98 f   kernel32:KERNEL32.dll
 0001:0002ba9e       _QueryPerformanceCounter@4 0042ca9e f   kernel32:KERNEL32.dll
 0001:0002baa4       _QueryPerformanceFrequency@4 0042caa4 f   kernel32:KERNEL32.dll
 0001:0002baaa       _SetLastError@4            0042caaa f   kernel32:KERNEL32.dll
 0001:0002bab0       _FormatMessageA@28         0042cab0 f   kernel32:KERNEL32.dll
 0001:0002bab6       _GetLocalTime@4            0042cab6 f   kernel32:KERNEL32.dll
 0001:0002babc       _FileTimeToSystemTime@8    0042cabc f   kernel32:KERNEL32.dll
 0001:0002bac2       _SystemTimeToFileTime@8    0042cac2 f   kernel32:KERNEL32.dll
 0001:0002bac8       _FreeLibrary@4             0042cac8 f   kernel32:KERNEL32.dll
 0001:0002bace       _GetProcAddress@8          0042cace f   kernel32:KERNEL32.dll
 0001:0002bad4       _LoadLibraryA@4            0042cad4 f   kernel32:KERNEL32.dll
 0001:0002bada       _UnhandledExceptionFilter@4 0042cada f   kernel32:KERNEL32.dll
 0001:0002bae0       _SetUnhandledExceptionFilter@4 0042cae0 f   kernel32:KERNEL32.dll
 0001:0002bae6       _GetCurrentProcess@0       0042cae6 f   kernel32:KERNEL32.dll
 0001:0002baec       _TerminateProcess@8        0042caec f   kernel32:KERNEL32.dll
 0001:0002baf2       _IsProcessorFeaturePresent@4 0042caf2 f   kernel32:KERNEL32.dll
 0001:0002baf8       _GetSystemTimeAsFileTime@4 0042caf8 f   kernel32:KERNEL32.dll
 0001:0002bafe       _InitializeSListHead@4     0042cafe f   kernel32:KERNEL32.dll
 0001:0002bb04       _IsDebuggerPresent@0       0042cb04 f   kernel32:KERNEL32.dll
 0001:0002bb0a       _GetStartupInfoW@4         0042cb0a f   kernel32:KERNEL32.dll
 0001:0002bb10       _GetModuleHandleW@4        0042cb10 f   kernel32:KERNEL32.dll
 0001:0002bb20       _memcpy                    0042cb20 f   libvcruntimed:memcpy.obj
 0001:0002c200       _memset                    0042d200 f   libvcruntimed:memset.obj
 0001:0002c3b0       __setjmp3                  0042d3b0 f   libvcruntimed:_setjmp3_.obj
 0001:0002c450       _memmove                   0042d450 f   libvcruntimed:memmove.obj
 0001:0002cb30       _memchr                    0042db30 f   libvcruntimed:memchr.obj
 0001:0002cc10       _strchr                    0042dc10 f   libvcruntimed:strchr.obj
 0001:0002cc7e       ___from_strstr_to_strchr   0042dc7e     libvcruntimed:strchr.obj
 0001:0002cfa0       _memcmp                    0042dfa0 f   libvcruntimed:_memcmp_.obj
 0001:0002daa0       _longjmp                   0042eaa0 f   libvcruntimed:longjmpc.obj
 0001:0002db50       _EventDataDescCreate       0042eb50 f i libvcruntimed:telemetry.obj
 0001:0002db80       _HRESULT_FROM_WIN32        0042eb80 f i libvcruntimed:telemetry.obj
 0001:0002dbc0       ___telemetry_main_invoke_trigger 0042ebc0 f   libvcruntimed:telemetry.obj
 0001:0002dd50       ___telemetry_main_return_trigger 0042ed50 f   libvcruntimed:telemetry.obj
 0001:0002dee0       ___vcrt_initialize_telemetry_provider 0042eee0 f   libvcruntimed:telemetry.obj
 0001:0002df00       ___vcrt_uninitialize_telemetry_provider 0042ef00 f   libvcruntimed:telemetry.obj
 0001:0002dfa0       __except_handler4          0042efa0 f   libvcruntimed:_chandler4_.obj
 0001:0002e1f0       ___vcrt_initialize         0042f1f0 f   libvcruntimed:initialization.obj
 0001:0002e240       ___vcrt_thread_attach      0042f240 f   libvcruntimed:initialization.obj
 0001:0002e260       ___vcrt_thread_detach      0042f260 f   libvcruntimed:initialization.obj
 0001:0002e280       ___vcrt_uninitialize       0042f280 f   libvcruntimed:initialization.obj
 0001:0002e2b0       ___vcrt_uninitialize_critical 0042f2b0 f   libvcruntimed:initialization.obj
 0001:0002e310       ??$?RD@__crt_internal_free_policy@@QBEXQBD@Z 0042f310 f i libvcruntimed:std_type_info.obj
 0001:0002e340       ??$?RX@__crt_internal_free_policy@@QBEXQBX@Z 0042f340 f i libvcruntimed:std_type_info.obj
 0001:0002e370       ??$__crt_interlocked_compare_exchange_pointer@$$CBD$$T$$T@@YAPBDPDSBD$$T1@Z 0042f370 f i libvcruntimed:std_type_info.obj
 0001:0002e390       ??$__crt_interlocked_compare_exchange_pointer@$$CBDPAD$$T@@YAPBDPDSBDQAD$$T@Z 0042f390 f i libvcruntimed:std_type_info.obj
 0001:0002e3b0       ??$__crt_interlocked_read_pointer@$$CBD@@YAPBDPDSBD@Z 0042f3b0 f i libvcruntimed:std_type_info.obj
 0001:0002e3d0       ??0?$__crt_unique_heap_ptr@DU__crt_internal_free_policy@@@@QAE@QAD@Z 0042f3d0 f i libvcruntimed:std_type_info.obj
 0001:0002e3f0       ??0?$__crt_unique_heap_ptr@XU__crt_internal_free_policy@@@@QAE@QAX@Z 0042f3f0 f i libvcruntimed:std_type_info.obj
 0001:0002e410       ??1?$__crt_unique_heap_ptr@DU__crt_internal_free_policy@@@@QAE@XZ 0042f410 f i libvcruntimed:std_type_info.obj
 0001:0002e430       ??1?$__crt_unique_heap_ptr@XU__crt_internal_free_policy@@@@QAE@XZ 0042f430 f i libvcruntimed:std_type_info.obj
 0001:0002e490       ??B?$__crt_unique_heap_ptr@DU__crt_internal_free_policy@@@@QBE_NXZ 0042f490 f i libvcruntimed:std_type_info.obj
 0001:0002e4b0       ??B?$__crt_unique_heap_ptr@XU__crt_internal_free_policy@@@@QBE_NXZ 0042f4b0 f i libvcruntimed:std_type_info.obj
 0001:0002e530       ?detach@?$__crt_unique_heap_ptr@XU__crt_internal_free_policy@@@@QAEPAXXZ 0042f530 f i libvcruntimed:std_type_info.obj
 0001:0002e560       ?get@?$__crt_unique_heap_ptr@DU__crt_internal_free_policy@@@@QBEPADXZ 0042f560 f i libvcruntimed:std_type_info.obj
 0001:0002e580       ?get@?$__crt_unique_heap_ptr@XU__crt_internal_free_policy@@@@QBEPAXXZ 0042f580 f i libvcruntimed:std_type_info.obj
 0001:0002e5a0       ?is_valid@?$__crt_unique_heap_ptr@DU__crt_internal_free_policy@@@@QBE_NXZ 0042f5a0 f i libvcruntimed:std_type_info.obj
 0001:0002e5e0       ?is_valid@?$__crt_unique_heap_ptr@XU__crt_internal_free_policy@@@@QBE_NXZ 0042f5e0 f i libvcruntimed:std_type_info.obj
 0001:0002e620       ?release@?$__crt_unique_heap_ptr@DU__crt_internal_free_policy@@@@QAEXXZ 0042f620 f i libvcruntimed:std_type_info.obj
 0001:0002e650       ?release@?$__crt_unique_heap_ptr@XU__crt_internal_free_policy@@@@QAEXXZ 0042f650 f i libvcruntimed:std_type_info.obj
 0001:0002e680       ___std_type_info_compare   0042f680 f   libvcruntimed:std_type_info.obj
 0001:0002e6b0       ___std_type_info_destroy_list 0042f6b0 f   libvcruntimed:std_type_info.obj
 0001:0002e700       ___std_type_info_hash      0042f700 f   libvcruntimed:std_type_info.obj
 0001:0002e770       ___std_type_info_name      0042f770 f   libvcruntimed:std_type_info.obj
 0001:0002e9c0       __global_unwind2           0042f9c0 f   libvcruntimed:_exsup_.obj
 0001:0002ea25       __local_unwind2            0042fa25 f   libvcruntimed:_exsup_.obj
 0001:0002eaa9       __abnormal_termination     0042faa9 f   libvcruntimed:_exsup_.obj
 0001:0002eacc       __NLG_Notify1              0042facc f   libvcruntimed:_exsup_.obj
 0001:0002ead5       __NLG_Notify               0042fad5 f   libvcruntimed:_exsup_.obj
 0001:0002eaec       __NLG_Dispatch2            0042faec     libvcruntimed:_exsup_.obj
 0001:0002eaec       __NLG_Dispatch             0042faec     libvcruntimed:_exsup_.obj
 0001:0002eaf4       __NLG_Call                 0042faf4 f   libvcruntimed:_exsup_.obj
 0001:0002eaf6       __NLG_Return2              0042faf6     libvcruntimed:_exsup_.obj
 0001:0002eb50       ___longjmp_internal        0042fb50 f   libvcruntimed:_longjmp_.obj
 0001:0002ec30       ___except_validate_context_record 0042fc30 f   libvcruntimed:jbcxrval.obj
 0001:0002ec90       ___except_validate_jump_buffer 0042fc90 f   libvcruntimed:jbcxrval.obj
 0001:0002ecf0       ??$?BX@__crt_fast_encoded_nullptr_t@@QBEPAXXZ 0042fcf0 f i libvcruntimed:winapi_downlevel.obj
 0001:0002ed10       ??$__crt_fast_decode_pointer@PAX@@YAPAXQAX@Z 0042fd10 f i libvcruntimed:winapi_downlevel.obj
 0001:0002ed40       ??$__crt_fast_encode_pointer@PAX@@YAPAXQAX@Z 0042fd40 f i libvcruntimed:winapi_downlevel.obj
 0001:0002ed80       ??$__crt_interlocked_compare_exchange_pointer@UHINSTANCE__@@$$T$$T@@YAPAUHINSTANCE__@@PDSAU0@$$T1@Z 0042fd80 f i libvcruntimed:winapi_downlevel.obj
 0001:0002eda0       ??$__crt_interlocked_compare_exchange_pointer@X$$T$$T@@YAPAXPDSAX$$T1@Z 0042fda0 f i libvcruntimed:winapi_downlevel.obj
 0001:0002edc0       ??$__crt_interlocked_exchange_pointer@UHINSTANCE__@@PAU1@@@YAPAUHINSTANCE__@@PDSAU0@QAU0@@Z 0042fdc0 f i libvcruntimed:winapi_downlevel.obj
 0001:0002edd0       ??$__crt_interlocked_exchange_pointer@UHINSTANCE__@@PAX@@YAPAUHINSTANCE__@@PDSAU0@QAX@Z 0042fdd0 f i libvcruntimed:winapi_downlevel.obj
 0001:0002ede0       ??$__crt_interlocked_exchange_pointer@XPAX@@YAPAXPDSAXQAX@Z 0042fde0 f i libvcruntimed:winapi_downlevel.obj
 0001:0002edf0       ??$__crt_interlocked_read_pointer@UHINSTANCE__@@@@YAPAUHINSTANCE__@@PDSAU0@@Z 0042fdf0 f i libvcruntimed:winapi_downlevel.obj
 0001:0002ee10       ??$__crt_interlocked_read_pointer@X@@YAPAXPDSAX@Z 0042fe10 f i libvcruntimed:winapi_downlevel.obj
 0001:0002ee30       ?__crt_fast_encode_pointer@@YA?AU__crt_fast_encoded_nullptr_t@@$$T@Z 0042fe30 f i libvcruntimed:winapi_downlevel.obj
 0001:0002f3c0       ___vcrt_EventRegister      004303c0 f   libvcruntimed:winapi_downlevel.obj
 0001:0002f410       ___vcrt_EventSetInformation 00430410 f   libvcruntimed:winapi_downlevel.obj
 0001:0002f470       ___vcrt_EventUnregister    00430470 f   libvcruntimed:winapi_downlevel.obj
 0001:0002f4c0       ___vcrt_EventWriteTransfer 004304c0 f   libvcruntimed:winapi_downlevel.obj
 0001:0002f520       ___vcrt_FlsAlloc           00430520 f   libvcruntimed:winapi_downlevel.obj
 0001:0002f570       ___vcrt_FlsFree            00430570 f   libvcruntimed:winapi_downlevel.obj
 0001:0002f5c0       ___vcrt_FlsGetValue        004305c0 f   libvcruntimed:winapi_downlevel.obj
 0001:0002f610       ___vcrt_FlsSetValue        00430610 f   libvcruntimed:winapi_downlevel.obj
 0001:0002f670       ___vcrt_InitializeCriticalSectionEx 00430670 f   libvcruntimed:winapi_downlevel.obj
 0001:0002f6d0       ___vcrt_initialize_winapi_thunks 004306d0 f   libvcruntimed:winapi_downlevel.obj
 0001:0002f750       ___vcrt_uninitialize_winapi_thunks 00430750 f   libvcruntimed:winapi_downlevel.obj
 0001:0002f7e0       __local_unwind4            004307e0 f   libvcruntimed:_exsup4_.obj
 0001:0002f8b6       __seh_longjmp_unwind4@4    004308b6 f   libvcruntimed:_exsup4_.obj
 0001:0002f8de       @_EH4_CallFilterFunc@8     004308de f   libvcruntimed:_exsup4_.obj
 0001:0002f8f5       @_EH4_TransferToHandler@8  004308f5 f   libvcruntimed:_exsup4_.obj
 0001:0002f90e       @_EH4_GlobalUnwind2@8      0043090e f   libvcruntimed:_exsup4_.obj
 0001:0002f927       @_EH4_LocalUnwind@16       00430927 f   libvcruntimed:_exsup4_.obj
 0001:0002f9a0       ??$?RU__vcrt_ptd@@@__crt_internal_free_policy@@QBEXQBU__vcrt_ptd@@@Z 004309a0 f i libvcruntimed:per_thread_data.obj
 0001:0002f9d0       ??0?$__crt_unique_heap_ptr@U__vcrt_ptd@@U__crt_internal_free_policy@@@@QAE@QAU__vcrt_ptd@@@Z 004309d0 f i libvcruntimed:per_thread_data.obj
 0001:0002f9f0       ??1?$__crt_unique_heap_ptr@U__vcrt_ptd@@U__crt_internal_free_policy@@@@QAE@XZ 004309f0 f i libvcruntimed:per_thread_data.obj
 0001:0002fa10       ??B?$__crt_unique_heap_ptr@U__vcrt_ptd@@U__crt_internal_free_policy@@@@QBE_NXZ 00430a10 f i libvcruntimed:per_thread_data.obj
 0001:0002fa30       ?detach@?$__crt_unique_heap_ptr@U__vcrt_ptd@@U__crt_internal_free_policy@@@@QAEPAU__vcrt_ptd@@XZ 00430a30 f i libvcruntimed:per_thread_data.obj
 0001:0002fa60       ?get@?$__crt_unique_heap_ptr@U__vcrt_ptd@@U__crt_internal_free_policy@@@@QBEPAU__vcrt_ptd@@XZ 00430a60 f i libvcruntimed:per_thread_data.obj
 0001:0002fa80       ?is_valid@?$__crt_unique_heap_ptr@U__vcrt_ptd@@U__crt_internal_free_policy@@@@QBE_NXZ 00430a80 f i libvcruntimed:per_thread_data.obj
 0001:0002fac0       ?release@?$__crt_unique_heap_ptr@U__vcrt_ptd@@U__crt_internal_free_policy@@@@QAEXXZ 00430ac0 f i libvcruntimed:per_thread_data.obj
 0001:0002fb20       ___vcrt_freefls@4          00430b20 f   libvcruntimed:per_thread_data.obj
 0001:0002fb50       ___vcrt_freeptd            00430b50 f   libvcruntimed:per_thread_data.obj
 0001:0002fbc0       ___vcrt_getptd             00430bc0 f   libvcruntimed:per_thread_data.obj
 0001:0002fbf0       ___vcrt_getptd_noexit      00430bf0 f   libvcruntimed:per_thread_data.obj
 0001:0002fd20       ___vcrt_initialize_ptd     00430d20 f   libvcruntimed:per_thread_data.obj
 0001:0002fd80       ___vcrt_uninitialize_ptd   00430d80 f   libvcruntimed:per_thread_data.obj
 0001:0002fdc0       ___vcrt_initialize_locks   00430dc0 f   libvcruntimed:locks.obj
 0001:0002fe30       ___vcrt_lock               00430e30 f   libvcruntimed:locks.obj
 0001:0002fe50       ___vcrt_uninitialize_locks 00430e50 f   libvcruntimed:locks.obj
 0001:0002feb0       ___vcrt_unlock             00430eb0 f   libvcruntimed:locks.obj
 0001:0002fed0       ??$?B$$A6AXXZ@__crt_fast_encoded_nullptr_t@@QBEP6AXXZXZ 00430ed0 f i libvcruntimed:purevirt_data.obj
 0001:0002fef0       ??$__crt_fast_encode_pointer@P6AXXZ@@YAP6AXXZQ6AXXZ@Z 00430ef0 f i libvcruntimed:purevirt_data.obj
 0001:0002ff30       ___vcrt_initialize_pure_virtual_call_handler 00430f30 f   libvcruntimed:purevirt_data.obj
 0001:0002ff60       ??$__vcrt_va_start_verify_argument_type@QBD@@YAXXZ 00430f60 f i libvcruntimed:undname.obj
 0001:0002ff70       ??0Block@_HeapManager@@QAE@XZ 00430f70 f i libvcruntimed:undname.obj
 0001:0002ff90       ??0DName@@QAE@AAPBDD@Z     00430f90 f   libvcruntimed:undname.obj
 0001:00030300       ??0DName@@QAE@ABV0@@Z      00431300 f i libvcruntimed:undname.obj
 0001:00030330       ??0DName@@QAE@D@Z          00431330 f   libvcruntimed:undname.obj
 0001:00030440       ??0DName@@QAE@PAV0@@Z      00431440 f   libvcruntimed:undname.obj
 0001:000305c0       ??0DName@@QAE@PBD@Z        004315c0 f   libvcruntimed:undname.obj
 0001:000306f0       ??0DName@@QAE@W4DNameStatus@@@Z 004316f0 f   libvcruntimed:undname.obj
 0001:00030850       ??0DName@@QAE@XZ           00431850 f i libvcruntimed:undname.obj
 0001:00030940       ??0DName@@QAE@_J@Z         00431940 f   libvcruntimed:undname.obj
 0001:00030b20       ??0DName@@QAE@_K@Z         00431b20 f   libvcruntimed:undname.obj
 0001:00030cb0       ??0DNameNode@@IAE@XZ       00431cb0 f   libvcruntimed:undname.obj
 0001:00030cd0       ??0DNameStatusNode@@AAE@W4DNameStatus@@@Z 00431cd0 f   libvcruntimed:undname.obj
 0001:00030d40       ??0Replicator@@QAE@XZ      00431d40 f i libvcruntimed:undname.obj
 0001:00030d60       ??0UnDecorator@@QAE@PADPBDHP6APADJ@ZK@Z 00431d60 f i libvcruntimed:undname.obj
 0001:00030e20       ??0charNode@@QAE@D@Z       00431e20 f   libvcruntimed:undname.obj
 0001:00030e60       ??0pDNameNode@@QAE@PAVDName@@@Z 00431e60 f   libvcruntimed:undname.obj
 0001:00030ee0       ??0pairNode@@QAE@PAVDNameNode@@0@Z 00431ee0 f   libvcruntimed:undname.obj
 0001:00030f30       ??0pcharNode@@QAE@PBDH@Z   00431f30 f   libvcruntimed:undname.obj
 0001:00030ff0       ??2@YAPAXIAAV_HeapManager@@H@Z 00431ff0 f i libvcruntimed:undname.obj
 0001:00031010       ??4DName@@QAEAAV0@ABV0@@Z  00432010 f   libvcruntimed:undname.obj
 0001:00031040       ??4DName@@QAEAAV0@D@Z      00432040 f i libvcruntimed:undname.obj
 0001:00031150       ??4DName@@QAEAAV0@PAV0@@Z  00432150 f   libvcruntimed:undname.obj
 0001:000312d0       ??4DName@@QAEAAV0@PBD@Z    004322d0 f   libvcruntimed:undname.obj
 0001:000313e0       ??4DName@@QAEAAV0@W4DNameStatus@@@Z 004323e0 f   libvcruntimed:undname.obj
 0001:00031520       ??AReplicator@@QBE?AVDName@@H@Z 00432520 f   libvcruntimed:undname.obj
 0001:000315a0       ??BUnDecorator@@QAEPADXZ   004325a0 f i libvcruntimed:undname.obj
 0001:000318f0       ??H@YA?AVDName@@DABV0@@Z   004328f0 f i libvcruntimed:undname.obj
 0001:00031930       ??H@YA?AVDName@@PBDABV0@@Z 00432930 f i libvcruntimed:undname.obj
 0001:00031970       ??H@YA?AVDName@@W4DNameStatus@@ABV0@@Z 00432970 f i libvcruntimed:undname.obj
 0001:000319b0       ??HDName@@QBE?AV0@ABV0@@Z  004329b0 f   libvcruntimed:undname.obj
 0001:00031a00       ??HDName@@QBE?AV0@D@Z      00432a00 f   libvcruntimed:undname.obj
 0001:00031a50       ??HDName@@QBE?AV0@PAV0@@Z  00432a50 f   libvcruntimed:undname.obj
 0001:00031aa0       ??HDName@@QBE?AV0@PBD@Z    00432aa0 f   libvcruntimed:undname.obj
 0001:00031af0       ??HDName@@QBE?AV0@W4DNameStatus@@@Z 00432af0 f   libvcruntimed:undname.obj
 0001:00031b40       ??YDName@@QAEAAV0@ABV0@@Z  00432b40 f   libvcruntimed:undname.obj
 0001:00031bc0       ??YDName@@QAEAAV0@D@Z      00432bc0 f   libvcruntimed:undname.obj
 0001:00031c60       ??YDName@@QAEAAV0@PAV0@@Z  00432c60 f   libvcruntimed:undname.obj
 0001:00031d40       ??YDName@@QAEAAV0@PBD@Z    00432d40 f   libvcruntimed:undname.obj
 0001:00031e00       ??YDName@@QAEAAV0@W4DNameStatus@@@Z 00432e00 f   libvcruntimed:undname.obj
 0001:00031e80       ??YReplicator@@QAEAAV0@ABVDName@@@Z 00432e80 f   libvcruntimed:undname.obj
 0001:00031f30       ??_5DName@@QAEAAV0@ABV0@@Z 00432f30 f   libvcruntimed:undname.obj
 0001:00031fa0       ?Constructor@_HeapManager@@QAEXP6APAXI@ZP6AXPAX@Z@Z 00432fa0 f i libvcruntimed:undname.obj
 0001:00031ff0       ?Destructor@_HeapManager@@QAEXXZ 00432ff0 f i libvcruntimed:undname.obj
 0001:00032060       ?UScore@UnDecorator@@SAPBDW4Tokens@@@Z 00433060 f   libvcruntimed:undname.obj
 0001:000320a0       ?append@DName@@AAEXPAVDNameNode@@@Z 004330a0 f   libvcruntimed:undname.obj
 0001:00032150       ?composeDeclaration@UnDecorator@@CA?AVDName@@ABV2@@Z 00433150 f i libvcruntimed:undname.obj
 0001:00034500       ?dbGetString@DName@@QBEPADXZ 00435500 f   libvcruntimed:undname.obj
 0001:00034530       ?doAccessSpecifiers@UnDecorator@@SAHXZ 00435530 f i libvcruntimed:undname.obj
 0001:00034560       ?doAllocationLanguage@UnDecorator@@SAHXZ 00435560 f i libvcruntimed:undname.obj
 0001:00034590       ?doAllocationModel@UnDecorator@@SAHXZ 00435590 f i libvcruntimed:undname.obj
 0001:000345c0       ?doEcsu@UnDecorator@@SAHXZ 004355c0 f i libvcruntimed:undname.obj
 0001:000345f0       ?doEllipsis@UnDecorator@@SAHXZ 004355f0 f i libvcruntimed:undname.obj
 0001:00034620       ?doFunctionReturns@UnDecorator@@SAHXZ 00435620 f i libvcruntimed:undname.obj
 0001:00034650       ?doMSKeywords@UnDecorator@@SAHXZ 00435650 f i libvcruntimed:undname.obj
 0001:00034680       ?doMemberTypes@UnDecorator@@SAHXZ 00435680 f i libvcruntimed:undname.obj
 0001:000346b0       ?doNameOnly@UnDecorator@@SAHXZ 004356b0 f i libvcruntimed:undname.obj
 0001:000346d0       ?doNoIdentCharCheck@UnDecorator@@SAHXZ 004356d0 f i libvcruntimed:undname.obj
 0001:000346f0       ?doPchar@DName@@AAEXPBDH@Z 004356f0 f   libvcruntimed:undname.obj
 0001:00034880       ?doPtr64@UnDecorator@@SAHXZ 00435880 f i libvcruntimed:undname.obj
 0001:000348b0       ?doRestrictionSpec@UnDecorator@@SAHXZ 004358b0 f i libvcruntimed:undname.obj
 0001:000348e0       ?doThisTypes@UnDecorator@@SAHXZ 004358e0 f i libvcruntimed:undname.obj
 0001:00034920       ?doThrowTypes@UnDecorator@@SAHXZ 00435920 f i libvcruntimed:undname.obj
 0001:00034950       ?doTypeOnly@UnDecorator@@SAHXZ 00435950 f i libvcruntimed:undname.obj
 0001:00034970       ?doUnderScore@UnDecorator@@SAHXZ 00435970 f i libvcruntimed:undname.obj
 0001:000349a0       ?getArgumentList@UnDecorator@@CA?AVDName@@XZ 004359a0 f   libvcruntimed:undname.obj
 0001:00034b40       ?getArgumentTypes@UnDecorator@@CA?AVDName@@XZ 00435b40 f   libvcruntimed:undname.obj
 0001:00034cf0       ?getArrayType@UnDecorator@@CA?AVDName@@ABV2@@Z 00435cf0 f i libvcruntimed:undname.obj
 0001:00034fb0       ?getBasedType@UnDecorator@@CA?AVDName@@XZ 00435fb0 f   libvcruntimed:undname.obj
 0001:000350a0       ?getBasicDataType@UnDecorator@@CA?AVDName@@ABV2@@Z 004360a0 f   libvcruntimed:undname.obj
 0001:00035800       ?getCallIndex@UnDecorator@@CA?AVDName@@XZ 00436800 f i libvcruntimed:undname.obj
 0001:00035820       ?getCallingConvention@UnDecorator@@CA?AVDName@@XZ 00436820 f   libvcruntimed:undname.obj
 0001:00035a10       ?getDataIndirectType@UnDecorator@@CA?AVDName@@ABV2@PBD0H@Z 00436a10 f   libvcruntimed:undname.obj
 0001:000363c0       ?getDataIndirectType@UnDecorator@@CA?AVDName@@XZ 004373c0 f i libvcruntimed:undname.obj
 0001:00036410       ?getDataType@UnDecorator@@CA?AVDName@@PAV2@@Z 00437410 f   libvcruntimed:undname.obj
 0001:00036570       ?getDecoratedName@UnDecorator@@CA?AVDName@@XZ 00437570 f   libvcruntimed:undname.obj
 0001:00036960       ?getDimension@UnDecorator@@CA?AVDName@@_N@Z 00437960 f   libvcruntimed:undname.obj
[...]
 0003:0000c354       ___dcrt_lowio_console_output_handle 004f7354     libucrtd:initcon.obj
 0003:0000c4b4       ??_R0?AVDNameNode@@@8      004f74b4     libvcruntimed:undname.obj
 0003:0000c4d0       ??_R0?AVcharNode@@@8       004f74d0     libvcruntimed:undname.obj
 0003:0000c4ec       ??_R0?AVpcharNode@@@8      004f74ec     libvcruntimed:undname.obj
 0003:0000c508       ??_R0?AVpDNameNode@@@8     004f7508     libvcruntimed:undname.obj
 0003:0000c528       ??_R0?AVDNameStatusNode@@@8 004f7528     libvcruntimed:undname.obj
 0003:0000c54c       ??_R0?AVpairNode@@@8       004f754c     libvcruntimed:undname.obj
 0003:0000c568       ??_R0?AVtype_info@@@8      004f7568     LIBCMTD:std_type_info_static.obj
 0003:0000c584       ??_R0?AVbad_exception@std@@@8 004f7584     libvcruntimed:frame.obj
 0003:0000c5ac       ??_R0?AVexception@std@@@8  004f75ac     libvcruntimed:frame.obj
 0003:0000c5d0       ??_R0?AVbad_alloc@std@@@8  004f75d0     libvcruntimed:frame.obj
 0003:0000cf14       ___scrt_current_native_startup_state 004f7f14     LIBCMTD:utility.obj
 0003:0000cf18       ___scrt_native_startup_lock 004f7f18     LIBCMTD:utility.obj
 0003:0000cf40       ?__type_info_root_node@@3U__type_info_node@@A 004f7f40     LIBCMTD:tncleanup.obj
 0003:0000cf50       ?_OptionsStorage@?1??__local_stdio_printf_options@@9@4_KA 004f7f50     LIBCMTD:default_local_stdio_options.obj
 0003:0000cf60       ?_OptionsStorage@?1??__local_stdio_scanf_options@@9@4_KA 004f7f60     LIBCMTD:default_local_stdio_options.obj
 0003:0000cf6c       ___scrt_debugger_hook_flag 004f7f6c     LIBCMTD:utility_desktop.obj
 0003:0000cf70       ___isa_available           004f7f70     LIBCMTD:_cpu_disp_.obj
 0003:0000cf74       ___favor                   004f7f74     LIBCMTD:_cpu_disp_.obj
 0003:0000d010       ___pPurecall               004f8010     libvcruntimed:purevirt_data.obj
 0003:0000d014       ?pArgList@UnDecorator@@0PAVReplicator@@A 004f8014     libvcruntimed:undname.obj
 0003:0000d018       ?pZNameList@UnDecorator@@0PAVReplicator@@A 004f8018     libvcruntimed:undname.obj
 0003:0000d01c       ?pTemplateArgList@UnDecorator@@0PAVReplicator@@A 004f801c     libvcruntimed:undname.obj
 0003:0000d020       ?gName@UnDecorator@@0PBDB  004f8020     libvcruntimed:undname.obj
 0003:0000d024       ?name@UnDecorator@@0PBDB   004f8024     libvcruntimed:undname.obj
 0003:0000d028       ?outputString@UnDecorator@@0PADA 004f8028     libvcruntimed:undname.obj
 0003:0000d02c       ?maxStringLength@UnDecorator@@0HA 004f802c     libvcruntimed:undname.obj
 0003:0000d030       ?disableFlags@UnDecorator@@0KA 004f8030     libvcruntimed:undname.obj
 0003:0000d034       ?fExplicitTemplateParams@UnDecorator@@0_NA 004f8034     libvcruntimed:undname.obj
 0003:0000d035       ?fGetTemplateArgumentList@UnDecorator@@0_NA 004f8035     libvcruntimed:undname.obj
 0003:0000d038       ?m_pGetParameter@UnDecorator@@0P6APADJ@ZA 004f8038     libvcruntimed:undname.obj
 0003:0000d0c0       ?nodes@?1??make@DNameStatusNode@@SAPAV2@W4DNameStatus@@@Z@4PAV2@A 004f80c0     libvcruntimed:undname.obj
 0003:0000d0fc       ??_B?1??make@DNameStatusNode@@SAPAV1@W4DNameStatus@@@Z@51 004f80fc     libvcruntimed:undname.obj
 0003:0000d100       __nstream                  004f8100     libucrtd:_file.obj
 0003:0000d104       ___piob                    004f8104     libucrtd:_file.obj
 0003:0000d10c       __cflush                   004f810c     libucrtd:_file.obj
 0003:0000dc34       __environ_table            004f8c34     libucrtd:environment_initialization.obj
 0003:0000dc38       __wenviron_table           004f8c38     libucrtd:environment_initialization.obj
 0003:0000dc40       ___dcrt_initial_wide_environment 004f8c40     libucrtd:environment_initialization.obj
 0003:0000dc44       ___dcrt_initial_narrow_environment 004f8c44     libucrtd:environment_initialization.obj
 0003:0000dc54       ___argc                    004f8c54     libucrtd:argv_data.obj
 0003:0000dc58       ___argv                    004f8c58     libucrtd:argv_data.obj
 0003:0000dc5c       ___wargv                   004f8c5c     libucrtd:argv_data.obj
 0003:0000dc60       __acmdln                   004f8c60     libucrtd:argv_data.obj
 0003:0000dc64       __wcmdln                   004f8c64     libucrtd:argv_data.obj
 0003:0000dc68       __pgmptr                   004f8c68     libucrtd:argv_data.obj
 0003:0000dc6c       __wpgmptr                  004f8c6c     libucrtd:argv_data.obj
 0003:0000dc70       ___acrt_locale_changed_data 004f8c70     libucrtd:wsetlocale.obj
 0003:0000dc78       __commode                  004f8c78     libucrtd:ncommode.obj
 0003:0000dc7c       ___acrt_atexit_table       004f8c7c     libucrtd:onexit.obj
 0003:0000dc8c       ___acrt_at_quick_exit_table 004f8c8c     libucrtd:onexit.obj
 0003:0000dcb8       __pfnDumpClient            004f8cb8     libucrtd:debug_heap.obj
 0003:0000dce4       ___acrt_stdout_buffer      004f8ce4     libucrtd:_sftbuf.obj
 0003:0000dce8       ___acrt_stderr_buffer      004f8ce8     libucrtd:_sftbuf.obj
 0003:0000dcec       ___acrt_current_locale_data 004f8cec     libucrtd:nlsdata.obj
 0003:0000dcf0       ___pioinfo                 004f8cf0     libucrtd:ioinit.obj
 0003:0000df58       __nhandle                  004f8f58     libucrtd:ioinit.obj
 0003:0000e064       ___mbcodepage              004f9064     libucrtd:mbctype.obj
 0003:0000e068       ___ismbcodepage            004f9068     libucrtd:mbctype.obj
 0003:0000e06c       ___mbulinfo                004f906c     libucrtd:mbctype.obj
 0003:0000e080       ___mblocalename            004f9080     libucrtd:mbctype.obj
 0003:0000e204       __fmode                    004f9204     libucrtd:txtmode.obj
 0003:0000e208       ___acrt_lconv_static_null  004f9208     libucrtd:localeconv.obj
 0003:0000e20c       ___acrt_lconv_static_W_null 004f920c     libucrtd:localeconv.obj
 0003:0000e210       ___acrt_heap               004f9210     libucrtd:heap_handle.obj
 0003:0000e218       __pReportHookListW         004f9218     libucrtd:dbgrptt.obj
 0003:0000e21c       __pfnReportHook            004f921c     libucrtd:dbgrptt.obj
 0003:0000e220       __pReportHookList          004f9220     libucrtd:dbgrptt.obj
 0003:0000e228       ___fastflag                004f9228     libucrtd:fp_flags.obj
 0003:0000e22c       __umaskval                 004f922c     libucrtd:umask.obj
 0003:0000e234       ?g_OutOfMemoryExceptionCallback@@3P6GPAXXZA 004f9234     libvcruntimed:frame.obj
 0003:0000e238       ?_OptionsStorage@?1??__local_stdio_printf_options@@9@9 004f9238     <common>
 0003:0000e24c       _PJ_NO_MEMORY_EXCEPTION    004f924c     <common>
 0003:0000e258       ___scrt_ucrt_dll_is_in_use 004f9258     <common>
 0003:0000e264       ___dyn_tls_dtor_callback   004f9264     <common>
 0003:0000e270       ___dyn_tls_init_callback   004f9270     <common>
 0003:0000e27c       __setjmpexused             004f927c     <common>
 0003:0000e288       __pmatherr                 004f9288     <common>
 0003:0000e294       ___use_sse2_mathfcns       004f9294     <common>
 0004:00000000       __imp__SystemFunction036@8 004fa000     advapi32:ADVAPI32.dll
 0004:00000004       \177ADVAPI32_NULL_THUNK_DATA 004fa004     advapi32:ADVAPI32.dll
 0004:00000030       __imp__SetEndOfFile@4      004fa030     kernel32:KERNEL32.dll
 0004:00000034       __imp__ReadConsoleW@20     004fa034     kernel32:KERNEL32.dll
 0004:00000038       __imp__ReadFile@20         004fa038     kernel32:KERNEL32.dll
 0004:0000003c       __imp__SetFilePointerEx@20 004fa03c     kernel32:KERNEL32.dll
 0004:00000040       __imp__CreateFileW@28      004fa040     kernel32:KERNEL32.dll
 0004:00000044       __imp__GetConsoleMode@8    004fa044     kernel32:KERNEL32.dll
 0004:00000048       __imp__GetConsoleCP@0      004fa048     kernel32:KERNEL32.dll
 0004:0000004c       __imp__FlushFileBuffers@4  004fa04c     kernel32:KERNEL32.dll
 0004:00000050       __imp__HeapQueryInformation@20 004fa050     kernel32:KERNEL32.dll
 0004:00000054       __imp__HeapSize@12         004fa054     kernel32:KERNEL32.dll
 0004:00000058       __imp__HeapReAlloc@16      004fa058     kernel32:KERNEL32.dll
 0004:0000005c       __imp__HeapFree@12         004fa05c     kernel32:KERNEL32.dll
 0004:00000060       __imp__GetProcessHeap@0    004fa060     kernel32:KERNEL32.dll
 0004:00000064       __imp__GetStringTypeW@16   004fa064     kernel32:KERNEL32.dll
 0004:00000068       __imp__SetStdHandle@8      004fa068     kernel32:KERNEL32.dll
 0004:0000006c       __imp__SetEnvironmentVariableW@8 004fa06c     kernel32:KERNEL32.dll
 0004:00000070       __imp__SetEnvironmentVariableA@8 004fa070     kernel32:KERNEL32.dll
 0004:00000074       __imp__FreeEnvironmentStringsW@4 004fa074     kernel32:KERNEL32.dll
 0004:00000078       __imp__GetEnvironmentStringsW@0 004fa078     kernel32:KERNEL32.dll
 0004:0000007c       __imp__GetCPInfo@8         004fa07c     kernel32:KERNEL32.dll
 0004:00000080       __imp__GetOEMCP@0          004fa080     kernel32:KERNEL32.dll
 0004:00000084       __imp__IsValidCodePage@4   004fa084     kernel32:KERNEL32.dll
 0004:00000088       __imp__FindNextFileW@8     004fa088     kernel32:KERNEL32.dll
 0004:0000008c       __imp__FindNextFileA@8     004fa08c     kernel32:KERNEL32.dll
 0004:00000090       __imp__FindFirstFileExW@24 004fa090     kernel32:KERNEL32.dll
 0004:00000094       __imp__FindFirstFileExA@24 004fa094     kernel32:KERNEL32.dll
 0004:00000098       __imp__FindClose@4         004fa098     kernel32:KERNEL32.dll
 0004:0000009c       __imp__EnumSystemLocalesW@8 004fa09c     kernel32:KERNEL32.dll
 0004:000000a0       __imp__GetUserDefaultLCID@0 004fa0a0     kernel32:KERNEL32.dll
 0004:000000a4       __imp__IsValidLocale@8     004fa0a4     kernel32:KERNEL32.dll
 0004:000000a8       __imp__GetLocaleInfoW@16   004fa0a8     kernel32:KERNEL32.dll
 0004:000000ac       __imp__LCMapStringW@24     004fa0ac     kernel32:KERNEL32.dll
 0004:000000b0       __imp__CompareStringW@24   004fa0b0     kernel32:KERNEL32.dll
 0004:000000b4       __imp__GetTimeFormatW@24   004fa0b4     kernel32:KERNEL32.dll
 0004:000000b8       __imp__GetStdHandle@4      004fa0b8     kernel32:KERNEL32.dll
 0004:000000bc       __imp__CloseHandle@4       004fa0bc     kernel32:KERNEL32.dll
 0004:000000c0       __imp__GetLastError@0      004fa0c0     kernel32:KERNEL32.dll
 0004:000000c4       __imp__InitializeCriticalSection@4 004fa0c4     kernel32:KERNEL32.dll
 0004:000000c8       __imp__EnterCriticalSection@4 004fa0c8     kernel32:KERNEL32.dll
 0004:000000cc       __imp__LeaveCriticalSection@4 004fa0cc     kernel32:KERNEL32.dll
 0004:000000d0       __imp__TryEnterCriticalSection@4 004fa0d0     kernel32:KERNEL32.dll
 0004:000000d4       __imp__EncodePointer@4     004fa0d4     kernel32:KERNEL32.dll
 0004:000000d8       __imp__SetEvent@4          004fa0d8     kernel32:KERNEL32.dll
 0004:000000dc       __imp__ResetEvent@4        004fa0dc     kernel32:KERNEL32.dll
 0004:000000e0       __imp__ReleaseSemaphore@12 004fa0e0     kernel32:KERNEL32.dll
 0004:000000e4       __imp__WaitForSingleObject@8 004fa0e4     kernel32:KERNEL32.dll
 0004:000000e8       __imp__CreateEventA@16     004fa0e8     kernel32:KERNEL32.dll
 0004:000000ec       __imp__Sleep@4             004fa0ec     kernel32:KERNEL32.dll
 0004:000000f0       __imp__GetCurrentProcessId@0 004fa0f0     kernel32:KERNEL32.dll
 0004:000000f4       __imp__CreateThread@24     004fa0f4     kernel32:KERNEL32.dll
 0004:000000f8       __imp__GetCurrentThread@0  004fa0f8     kernel32:KERNEL32.dll
 0004:000000fc       __imp__GetCurrentThreadId@0 004fa0fc     kernel32:KERNEL32.dll
 0004:00000100       __imp__SetThreadPriority@8 004fa100     kernel32:KERNEL32.dll
 0004:00000104       __imp__GetThreadPriority@4 004fa104     kernel32:KERNEL32.dll
 0004:00000108       __imp__ResumeThread@4      004fa108     kernel32:KERNEL32.dll
 0004:0000010c       __imp__TlsAlloc@0          004fa10c     kernel32:KERNEL32.dll
 0004:00000110       __imp__TlsGetValue@4       004fa110     kernel32:KERNEL32.dll
 0004:00000114       __imp__TlsSetValue@8       004fa114     kernel32:KERNEL32.dll
 0004:00000118       __imp__TlsFree@4           004fa118     kernel32:KERNEL32.dll
 0004:0000011c       __imp__PulseEvent@4        004fa11c     kernel32:KERNEL32.dll
 0004:00000120       __imp__CreateSemaphoreA@16 004fa120     kernel32:KERNEL32.dll
 0004:00000124       __imp__GetConsoleScreenBufferInfo@8 004fa124     kernel32:KERNEL32.dll
 0004:00000128       __imp__SetConsoleTextAttribute@8 004fa128     kernel32:KERNEL32.dll
 0004:0000012c       __imp__QueryPerformanceCounter@4 004fa12c     kernel32:KERNEL32.dll
 0004:00000130       __imp__QueryPerformanceFrequency@4 004fa130     kernel32:KERNEL32.dll
 0004:00000134       __imp__SetLastError@4      004fa134     kernel32:KERNEL32.dll
 0004:00000138       __imp__FormatMessageA@28   004fa138     kernel32:KERNEL32.dll
 0004:0000013c       __imp__GetLocalTime@4      004fa13c     kernel32:KERNEL32.dll
 0004:00000140       __imp__FileTimeToSystemTime@8 004fa140     kernel32:KERNEL32.dll
 0004:00000144       __imp__SystemTimeToFileTime@8 004fa144     kernel32:KERNEL32.dll
 0004:00000148       __imp__FreeLibrary@4       004fa148     kernel32:KERNEL32.dll
 0004:0000014c       __imp__GetProcAddress@8    004fa14c     kernel32:KERNEL32.dll
 0004:00000150       __imp__LoadLibraryA@4      004fa150     kernel32:KERNEL32.dll
 0004:00000154       __imp__DecodePointer@4     004fa154     kernel32:KERNEL32.dll
 0004:00000158       __imp__SetUnhandledExceptionFilter@4 004fa158     kernel32:KERNEL32.dll
 0004:0000015c       __imp__GetCurrentProcess@0 004fa15c     kernel32:KERNEL32.dll
 0004:00000160       __imp__TerminateProcess@8  004fa160     kernel32:KERNEL32.dll
 0004:00000164       __imp__IsProcessorFeaturePresent@4 004fa164     kernel32:KERNEL32.dll
 0004:00000168       __imp__GetSystemTimeAsFileTime@4 004fa168     kernel32:KERNEL32.dll
 0004:0000016c       __imp__InitializeSListHead@4 004fa16c     kernel32:KERNEL32.dll
 0004:00000170       __imp__IsDebuggerPresent@0 004fa170     kernel32:KERNEL32.dll
 0004:00000174       __imp__GetStartupInfoW@4   004fa174     kernel32:KERNEL32.dll
 0004:00000178       __imp__GetModuleHandleW@4  004fa178     kernel32:KERNEL32.dll
 0004:0000017c       __imp__DeleteCriticalSection@4 004fa17c     kernel32:KERNEL32.dll
 0004:00000180       __imp__UnhandledExceptionFilter@4 004fa180     kernel32:KERNEL32.dll
 0004:00000184       __imp__GetModuleFileNameW@12 004fa184     kernel32:KERNEL32.dll
 0004:00000188       __imp__InterlockedPushEntrySList@8 004fa188     kernel32:KERNEL32.dll
 0004:0000018c       __imp__InterlockedFlushSList@4 004fa18c     kernel32:KERNEL32.dll
 0004:00000190       __imp__RtlUnwind@16        004fa190     kernel32:KERNEL32.dll
 0004:00000194       __imp__InitializeCriticalSectionAndSpinCount@8 004fa194     kernel32:KERNEL32.dll
 0004:00000198       __imp__LoadLibraryExW@12   004fa198     kernel32:KERNEL32.dll
 0004:0000019c       __imp__GetFileType@4       004fa19c     kernel32:KERNEL32.dll
 0004:000001a0       __imp__GetModuleFileNameA@12 004fa1a0     kernel32:KERNEL32.dll
 0004:000001a4       __imp__GetModuleHandleExW@12 004fa1a4     kernel32:KERNEL32.dll
 0004:000001a8       __imp__WriteConsoleW@20    004fa1a8     kernel32:KERNEL32.dll
 0004:000001ac       __imp__WriteFile@20        004fa1ac     kernel32:KERNEL32.dll
 0004:000001b0       __imp__MultiByteToWideChar@24 004fa1b0     kernel32:KERNEL32.dll
 0004:000001b4       __imp__WideCharToMultiByte@32 004fa1b4     kernel32:KERNEL32.dll
 0004:000001b8       __imp__ExitProcess@4       004fa1b8     kernel32:KERNEL32.dll
 0004:000001bc       __imp__GetCommandLineA@0   004fa1bc     kernel32:KERNEL32.dll
 0004:000001c0       __imp__GetCommandLineW@0   004fa1c0     kernel32:KERNEL32.dll
 0004:000001c4       __imp__GetACP@0            004fa1c4     kernel32:KERNEL32.dll
 0004:000001c8       __imp__RaiseException@16   004fa1c8     kernel32:KERNEL32.dll
 0004:000001cc       __imp__HeapAlloc@12        004fa1cc     kernel32:KERNEL32.dll
 0004:000001d0       __imp__HeapValidate@12     004fa1d0     kernel32:KERNEL32.dll
 0004:000001d4       __imp__GetSystemInfo@4     004fa1d4     kernel32:KERNEL32.dll
 0004:000001d8       __imp__OutputDebugStringA@4 004fa1d8     kernel32:KERNEL32.dll
 0004:000001dc       __imp__OutputDebugStringW@4 004fa1dc     kernel32:KERNEL32.dll
 0004:000001e0       __imp__WaitForSingleObjectEx@12 004fa1e0     kernel32:KERNEL32.dll
 0004:000001e4       __imp__SetConsoleCtrlHandler@8 004fa1e4     kernel32:KERNEL32.dll
 0004:000001e8       __imp__GetDateFormatW@24   004fa1e8     kernel32:KERNEL32.dll
 0004:000001ec       \177KERNEL32_NULL_THUNK_DATA 004fa1ec     kernel32:KERNEL32.dll
 0004:00000270       __imp__gethostbyname@4     004fa270     ws2_32:WS2_32.dll
 0004:00000274       __imp__select@20           004fa274     ws2_32:WS2_32.dll
 0004:00000278       __imp____WSAFDIsSet@8      004fa278     ws2_32:WS2_32.dll
 0004:0000027c       __imp__WSASetLastError@4   004fa27c     ws2_32:WS2_32.dll
 0004:00000280       __imp__WSAStringToAddressA@20 004fa280     ws2_32:WS2_32.dll
 0004:00000284       __imp__WSAAddressToStringA@20 004fa284     ws2_32:WS2_32.dll
 0004:00000288       __imp__WSASocketA@24       004fa288     ws2_32:WS2_32.dll
 0004:0000028c       __imp__WSAIoctl@36         004fa28c     ws2_32:WS2_32.dll
 0004:00000290       __imp__gethostname@8       004fa290     ws2_32:WS2_32.dll
 0004:00000294       __imp__shutdown@8          004fa294     ws2_32:WS2_32.dll
 0004:00000298       __imp__setsockopt@20       004fa298     ws2_32:WS2_32.dll
 0004:0000029c       __imp__sendto@24           004fa29c     ws2_32:WS2_32.dll
 0004:000002a0       __imp__send@16             004fa2a0     ws2_32:WS2_32.dll
 0004:000002a4       __imp__recvfrom@24         004fa2a4     ws2_32:WS2_32.dll
 0004:000002a8       __imp__recv@16             004fa2a8     ws2_32:WS2_32.dll
 0004:000002ac       __imp__ntohs@4             004fa2ac     ws2_32:WS2_32.dll
 0004:000002b0       __imp__ntohl@4             004fa2b0     ws2_32:WS2_32.dll
 0004:000002b4       __imp__listen@8            004fa2b4     ws2_32:WS2_32.dll
 0004:000002b8       __imp__inet_ntoa@4         004fa2b8     ws2_32:WS2_32.dll
 0004:000002bc       __imp__inet_addr@4         004fa2bc     ws2_32:WS2_32.dll
 0004:000002c0       __imp__htons@4             004fa2c0     ws2_32:WS2_32.dll
 0004:000002c4       __imp__htonl@4             004fa2c4     ws2_32:WS2_32.dll
 0004:000002c8       __imp__getsockopt@20       004fa2c8     ws2_32:WS2_32.dll
 0004:000002cc       __imp__getsockname@12      004fa2cc     ws2_32:WS2_32.dll
 0004:000002d0       __imp__getpeername@12      004fa2d0     ws2_32:WS2_32.dll
 0004:000002d4       __imp__connect@12          004fa2d4     ws2_32:WS2_32.dll
 0004:000002d8       __imp__closesocket@4       004fa2d8     ws2_32:WS2_32.dll
 0004:000002dc       __imp__bind@12             004fa2dc     ws2_32:WS2_32.dll
 0004:000002e0       __imp__accept@12           004fa2e0     ws2_32:WS2_32.dll
 0004:000002e4       __imp__ioctlsocket@12      004fa2e4     ws2_32:WS2_32.dll
 0004:000002e8       __imp__WSAGetLastError@0   004fa2e8     ws2_32:WS2_32.dll
 0004:000002ec       __imp__WSACleanup@0        004fa2ec     ws2_32:WS2_32.dll
 0004:000002f0       __imp__WSAStartup@8        004fa2f0     ws2_32:WS2_32.dll
 0004:000002f4       \177WS2_32_NULL_THUNK_DATA 004fa2f4     ws2_32:WS2_32.dll
 0004:00000338       __imp__CoCreateGuid@4      004fa338     ole32:ole32.dll
 0004:0000033c       \177ole32_NULL_THUNK_DATA  004fa33c     ole32:ole32.dll
 0004:00000368       __IMPORT_DESCRIPTOR_ole32  004fa368     ole32:ole32.dll
 0004:0000037c       __IMPORT_DESCRIPTOR_WS2_32 004fa37c     ws2_32:WS2_32.dll
 0004:00000390       __IMPORT_DESCRIPTOR_KERNEL32 004fa390     kernel32:KERNEL32.dll
 0004:000003a4       __IMPORT_DESCRIPTOR_ADVAPI32 004fa3a4     advapi32:ADVAPI32.dll
 0004:000003b8       __NULL_IMPORT_DESCRIPTOR   004fa3b8     ole32:ole32.dll
 0005:00000000       ___guard_check_icall_fptr  004fc000     LIBCMTD:guard_support.obj
