 jbsim

 Timestamp is 5ba465cc (Fri Sep 21 11:30:20 2018)

 Preferred load address is 00400000

 Start         Length     Name                   Class
 0001:00000000 00009bcdH .text                   CODE
 0001:00009bd0 001378a0H .text$mn                CODE
 0001:00141470 000010e8H .text$x                 CODE
 0002:00000000 00000104H .CRT$XCA                DATA
 0002:00000104 00000104H .CRT$XCAA               DATA
 0002:00000208 00000104H .CRT$XCZ                DATA
 0002:0000030c 00000104H .CRT$XIA                DATA
 0002:00000410 00000104H .CRT$XIAA               DATA
 0002:00000514 00000104H .CRT$XIAC               DATA
 0002:00000618 00000113H .CRT$XIC                DATA
 0002:0000072c 00000104H .CRT$XIZ                DATA
 0002:00000830 00000104H .CRT$XPA                DATA
 0002:00000934 00000109H .CRT$XPX                DATA
 0002:00000a40 00000104H .CRT$XPXA               DATA
 0002:00000b44 00000104H .CRT$XPZ                DATA
 0002:00000c48 00000104H .CRT$XTA                DATA
 0002:00000d4c 00000104H .CRT$XTZ                DATA
 0002:00000e50 0003eb8bH .rdata                  DATA
 0002:0003f9dc 00000443H .rdata$r                DATA
 0002:0003fe20 0000012bH .rdata$sxdata           DATA
 0002:0003ff50 00000113H .rdata$zETW0            DATA
 0002:00040063 0000018eH .rdata$zETW1            DATA
 0002:000401f1 00000134H .rdata$zETW2            DATA
 0002:00040325 00000101H .rdata$zETW9            DATA
 0002:00040428 000001acH .rdata$zzzdbg           DATA
 0002:000405d4 00000104H .rtc$IAA                DATA
 0002:000406d8 00000104H .rtc$IZZ                DATA
 0002:000407dc 00000104H .rtc$TAA                DATA
 0002:000408e0 00000104H .rtc$TZZ                DATA
 0002:000409e8 00000f4cH .xdata$x                DATA
 0002:00041934 00000000H .edata                  DATA
 0003:00000000 00030fc4H .data                   DATA
 0003:00030fc4 00000244H .data$r                 DATA
 0003:00031220 000048b4H .bss                    DATA
 0004:00000000 00000424H .idata$5                DATA
 0004:00000424 00000064H .idata$2                DATA
 0004:00000488 00000014H .idata$3                DATA
 0004:0000049c 00000424H .idata$4                DATA
 0004:000008c0 00000d43H .idata$6                DATA
 0005:00000000 00000104H .00cfg                  DATA

  Address         Publics by Value              Rva+Base       Lib:Object

 0000:00000000       __except_list              00000000     <absolute>
 0000:00000000       ___guard_fids_count        00000000     <absolute>
 0000:00000000       ___guard_fids_table        00000000     <absolute>
 0000:00000009       ___safe_se_handler_count   00000009     <absolute>
 0000:00000100       ___guard_flags             00000100     <absolute>
 0000:00000000       ___ImageBase               00400000     <linker-defined>
 0001:000095f0       ?TraceLoggingRegister@__vcrt_trace_logging_provider@@YAJPBU_TlgProvider_t@1@PBU_GUID@@P6GX1KE_K2PAU_EVENT_FILTER_DESCRIPTOR@@PAX@Z4@Z 0040a5f0 f i libvcruntimed:telemetry.obj
 0001:000096e0       ?TraceLoggingSetInformation@__vcrt_trace_logging_provider@@YAJPBU_TlgProvider_t@1@W4_EVENT_INFO_CLASS@@PAXK@Z 0040a6e0 f i libvcruntimed:telemetry.obj
 0001:00009730       ?TraceLoggingUnregister@__vcrt_trace_logging_provider@@YAXPBU_TlgProvider_t@1@@Z 0040a730 f i libvcruntimed:telemetry.obj
 0001:00009770       ?_TlgCreateSz@__vcrt_trace_logging_provider@@YAXPAU_EVENT_DATA_DESCRIPTOR@@PBD@Z 0040a770 f i libvcruntimed:telemetry.obj
 0001:000097d0       ?_TlgCreateWsz@__vcrt_trace_logging_provider@@YAXPAU_EVENT_DATA_DESCRIPTOR@@PB_W@Z 0040a7d0 f i libvcruntimed:telemetry.obj
 0001:00009830       ?_TlgEnableCallback@__vcrt_trace_logging_provider@@YGXPBU_GUID@@KE_K1PAU_EVENT_FILTER_DESCRIPTOR@@PAX@Z 0040a830 f i libvcruntimed:telemetry.obj
 0001:00009930       ?_TlgKeywordOn@__vcrt_trace_logging_provider@@YAEPBU_TlgProvider_t@1@_K@Z 0040a930 f i libvcruntimed:telemetry.obj
 0001:000099c0       ?_TlgWrite@__vcrt_trace_logging_provider@@YAJPBU_TlgProvider_t@1@PBXPBU_GUID@@2IPAU_EVENT_DATA_DESCRIPTOR@@@Z 0040a9c0 f i libvcruntimed:telemetry.obj
 0001:0000c080       _main                      0040d080 f   jbsim.obj
 0001:0000cc80       ___local_stdio_printf_options 0040dc80 f i jbsim.obj
 0001:0000cc90       __snprintf                 0040dc90 f i jbsim.obj
 0001:0000cce0       __vfprintf_l               0040dce0 f i jbsim.obj
 0001:0000cd20       __vsnprintf                0040dd20 f i jbsim.obj
 0001:0000cd50       __vsnprintf_l              0040dd50 f i jbsim.obj
 0001:0000cdc0       __vsprintf_l               0040ddc0 f i jbsim.obj
 0001:0000cdf0       _printf                    0040ddf0 f i jbsim.obj
 0001:0000ce40       _sprintf                   0040de40 f i jbsim.obj
 0001:0000cea0       _pjmedia_audio_codec_config_default 0040dea0 f   pjmedia-codec-i386-win32-vc14-debug:audio_codecs.obj
 0001:0000cef0       _pjmedia_codec_register_audio_codecs 0040def0 f   pjmedia-codec-i386-win32-vc14-debug:audio_codecs.obj
 0001:0000d150       _pjmedia_codec_l16_init    0040e150 f   pjmedia-codec-i386-win32-vc14-debug:l16.obj
 0001:0000d270       _pjmedia_codec_l16_deinit  0040e270 f   pjmedia-codec-i386-win32-vc14-debug:l16.obj
 0001:0000e1b0       _pjmedia_codec_gsm_init    0040f1b0 f   pjmedia-codec-i386-win32-vc14-debug:gsm.obj
 0001:0000e2b0       _pjmedia_codec_gsm_deinit  0040f2b0 f   pjmedia-codec-i386-win32-vc14-debug:gsm.obj
 0001:0000f2a0       _pjmedia_codec_speex_init  004102a0 f   pjmedia-codec-i386-win32-vc14-debug:speex_codec.obj
 0001:0000f630       _pjmedia_codec_speex_init_default 00410630 f   pjmedia-codec-i386-win32-vc14-debug:speex_codec.obj
 0001:0000f650       _pjmedia_codec_speex_set_param 00410650 f   pjmedia-codec-i386-win32-vc14-debug:speex_codec.obj
 0001:0000f7a0       _pjmedia_codec_speex_deinit 004107a0 f   pjmedia-codec-i386-win32-vc14-debug:speex_codec.obj
 0001:00010ec0       _pjmedia_codec_ilbc_init   00411ec0 f   pjmedia-codec-i386-win32-vc14-debug:ilbc.obj
 0001:00011000       _pjmedia_codec_ilbc_deinit 00412000 f   pjmedia-codec-i386-win32-vc14-debug:ilbc.obj
 0001:000124c0       _pjmedia_codec_g722_init   004134c0 f   pjmedia-codec-i386-win32-vc14-debug:g722.obj
 0001:000125c0       _pjmedia_codec_g722_deinit 004135c0 f   pjmedia-codec-i386-win32-vc14-debug:g722.obj
 0001:00012650       _pjmedia_codec_g722_set_pcm_shift 00413650 f   pjmedia-codec-i386-win32-vc14-debug:g722.obj
 0001:000136a0       _g722_enc_init             004146a0 f   pjmedia-codec-i386-win32-vc14-debug:g722_enc.obj
 0001:00013700       _g722_enc_encode           00414700 f   pjmedia-codec-i386-win32-vc14-debug:g722_enc.obj
 0001:00013930       _g722_enc_deinit           00414930 f   pjmedia-codec-i386-win32-vc14-debug:g722_enc.obj
 0001:000154d0       _g722_dec_init             004164d0 f   pjmedia-codec-i386-win32-vc14-debug:g722_dec.obj
 0001:00015530       _g722_dec_decode           00416530 f   pjmedia-codec-i386-win32-vc14-debug:g722_dec.obj
 0001:00015740       _g722_dec_deinit           00416740 f   pjmedia-codec-i386-win32-vc14-debug:g722_dec.obj
 0001:000172a0       _pjmedia_aud_subsys_init   004182a0 f   pjmedia-audiodev-i386-win32-vc14-debug:audiodev.obj
 0001:000173b0       _pjmedia_aud_subsys_get_pool_factory 004183b0 f   pjmedia-audiodev-i386-win32-vc14-debug:audiodev.obj
 0001:000173d0       _pjmedia_aud_subsys_shutdown 004183d0 f   pjmedia-audiodev-i386-win32-vc14-debug:audiodev.obj
 0001:00017440       _pjmedia_aud_register_factory 00418440 f   pjmedia-audiodev-i386-win32-vc14-debug:audiodev.obj
 0001:000174b0       _pjmedia_aud_unregister_factory 004184b0 f   pjmedia-audiodev-i386-win32-vc14-debug:audiodev.obj
 0001:00017610       _pjmedia_audiodev_strerror 00418610 f   pjmedia-audiodev-i386-win32-vc14-debug:errno.obj
 0001:00018ca0       _pjmedia_wmme_factory      00419ca0 f   pjmedia-audiodev-i386-win32-vc14-debug:wmme_dev.obj
 0001:0001a750       _pjmedia_port_info_init    0041b750 f   pjmedia-i386-win32-vc14-debug:port.obj
 0001:0001a7f0       _pjmedia_port_info_init2   0041b7f0 f   pjmedia-i386-win32-vc14-debug:port.obj
 0001:0001a840       _pjmedia_port_get_clock_src 0041b840 f   pjmedia-i386-win32-vc14-debug:port.obj
 0001:0001a870       _pjmedia_port_get_frame    0041b870 f   pjmedia-i386-win32-vc14-debug:port.obj
 0001:0001a8e0       _pjmedia_port_put_frame    0041b8e0 f   pjmedia-i386-win32-vc14-debug:port.obj
 0001:0001a950       _pjmedia_port_destroy      0041b950 f   pjmedia-i386-win32-vc14-debug:port.obj
 0001:0001ab00       _pjmedia_codec_param_clone 0041bb00 f   pjmedia-i386-win32-vc14-debug:codec.obj
 0001:0001ac60       _pjmedia_codec_mgr_init    0041bc60 f   pjmedia-i386-win32-vc14-debug:codec.obj
 0001:0001ad30       _pjmedia_codec_mgr_destroy 0041bd30 f   pjmedia-i386-win32-vc14-debug:codec.obj
 0001:0001ae50       _pjmedia_codec_mgr_register_factory 0041be50 f   pjmedia-i386-win32-vc14-debug:codec.obj
 0001:0001b070       _pjmedia_codec_mgr_unregister_factory 0041c070 f   pjmedia-i386-win32-vc14-debug:codec.obj
 0001:0001b1c0       _pjmedia_codec_mgr_enum_codecs 0041c1c0 f   pjmedia-i386-win32-vc14-debug:codec.obj
 0001:0001b2c0       _pjmedia_codec_mgr_get_codec_info 0041c2c0 f   pjmedia-i386-win32-vc14-debug:codec.obj
 0001:0001b390       _pjmedia_codec_info_to_id  0041c390 f   pjmedia-i386-win32-vc14-debug:codec.obj
 0001:0001b440       _pjmedia_codec_mgr_find_codecs_by_id 0041c440 f   pjmedia-i386-win32-vc14-debug:codec.obj
 0001:0001b590       _pjmedia_codec_mgr_set_codec_priority 0041c590 f   pjmedia-i386-win32-vc14-debug:codec.obj
 0001:0001b690       _pjmedia_codec_mgr_get_default_param 0041c690 f   pjmedia-i386-win32-vc14-debug:codec.obj
 0001:0001b880       _pjmedia_codec_mgr_set_default_param 0041c880 f   pjmedia-i386-win32-vc14-debug:codec.obj
 0001:0001ba90       _pjmedia_codec_mgr_alloc_codec 0041ca90 f   pjmedia-i386-win32-vc14-debug:codec.obj
 0001:0001bb80       _pjmedia_codec_mgr_dealloc_codec 0041cb80 f   pjmedia-i386-win32-vc14-debug:codec.obj
 0001:0001c260       _pjmedia_endpt_create2     0041d260 f   pjmedia-i386-win32-vc14-debug:endpoint.obj
 0001:0001c520       _pjmedia_endpt_destroy2    0041d520 f   pjmedia-i386-win32-vc14-debug:endpoint.obj
 0001:0001c5d0       _pjmedia_endpt_set_flag    0041d5d0 f   pjmedia-i386-win32-vc14-debug:endpoint.obj
 0001:0001c630       _pjmedia_endpt_get_flag    0041d630 f   pjmedia-i386-win32-vc14-debug:endpoint.obj
 0001:0001c690       _pjmedia_endpt_get_ioqueue 0041d690 f   pjmedia-i386-win32-vc14-debug:endpoint.obj
 0001:0001c6d0       _pjmedia_endpt_get_thread_count 0041d6d0 f   pjmedia-i386-win32-vc14-debug:endpoint.obj
 0001:0001c710       _pjmedia_endpt_get_thread  0041d710 f   pjmedia-i386-win32-vc14-debug:endpoint.obj
 0001:0001c790       _pjmedia_endpt_stop_threads 0041d790 f   pjmedia-i386-win32-vc14-debug:endpoint.obj
 0001:0001c850       _pjmedia_endpt_create_pool 0041d850 f   pjmedia-i386-win32-vc14-debug:endpoint.obj
 0001:0001c890       _pjmedia_endpt_get_codec_mgr 0041d890 f   pjmedia-i386-win32-vc14-debug:endpoint.obj
 0001:0001c8a0       _pjmedia_endpt_create_sdp  0041d8a0 f   pjmedia-i386-win32-vc14-debug:endpoint.obj
 0001:0001c9d0       _pjmedia_endpt_create_base_sdp 0041d9d0 f   pjmedia-i386-win32-vc14-debug:endpoint.obj
 0001:0001cba0       _pjmedia_endpt_create_audio_sdp 0041dba0 f   pjmedia-i386-win32-vc14-debug:endpoint.obj
 0001:0001d360       _pjmedia_endpt_dump        0041e360 f   pjmedia-i386-win32-vc14-debug:endpoint.obj
 0001:0001d670       _pjmedia_endpt_atexit      0041e670 f   pjmedia-i386-win32-vc14-debug:endpoint.obj
 0001:0001e4e0       _pjmedia_stream_create     0041f4e0 f   pjmedia-i386-win32-vc14-debug:stream.obj
 0001:0001f8c0       _pjmedia_stream_destroy    004208c0 f   pjmedia-i386-win32-vc14-debug:stream.obj
 0001:0001fb50       _pjmedia_stream_get_last_jb_frame_type 00420b50 f   pjmedia-i386-win32-vc14-debug:stream.obj
 0001:0001fb60       _pjmedia_stream_get_port   00420b60 f   pjmedia-i386-win32-vc14-debug:stream.obj
 0001:0001fb80       _pjmedia_stream_get_transport 00420b80 f   pjmedia-i386-win32-vc14-debug:stream.obj
 0001:0001fb90       _pjmedia_stream_start      00420b90 f   pjmedia-i386-win32-vc14-debug:stream.obj
 0001:0001fcf0       _pjmedia_stream_get_info   00420cf0 f   pjmedia-i386-win32-vc14-debug:stream.obj
 0001:0001fd50       _pjmedia_stream_get_stat   00420d50 f   pjmedia-i386-win32-vc14-debug:stream.obj
 0001:0001fdb0       _pjmedia_stream_reset_stat 00420db0 f   pjmedia-i386-win32-vc14-debug:stream.obj
 0001:0001fe00       _pjmedia_stream_get_stat_jbuf 00420e00 f   pjmedia-i386-win32-vc14-debug:stream.obj
 0001:0001fe60       _pjmedia_stream_pause      00420e60 f   pjmedia-i386-win32-vc14-debug:stream.obj
 0001:0001ff60       _pjmedia_stream_resume     00420f60 f   pjmedia-i386-win32-vc14-debug:stream.obj
 0001:00020030       _pjmedia_stream_dial_dtmf  00421030 f   pjmedia-i386-win32-vc14-debug:stream.obj
 0001:00020200       _pjmedia_stream_check_dtmf 00421200 f   pjmedia-i386-win32-vc14-debug:stream.obj
 0001:00020230       _pjmedia_stream_get_dtmf   00421230 f   pjmedia-i386-win32-vc14-debug:stream.obj
 0001:00020340       _pjmedia_stream_set_dtmf_callback 00421340 f   pjmedia-i386-win32-vc14-debug:stream.obj
 0001:000203c0       _pjmedia_stream_send_rtcp_sdes 004213c0 f   pjmedia-i386-win32-vc14-debug:stream.obj
 0001:00020410       _pjmedia_stream_send_rtcp_bye 00421410 f   pjmedia-i386-win32-vc14-debug:stream.obj
 0001:00020480       _pjmedia_stream_get_rtp_session_info 00421480 f   pjmedia-i386-win32-vc14-debug:stream.obj
 0001:00024a40       _pjmedia_transport_loop_create 00425a40 f   pjmedia-i386-win32-vc14-debug:transport_loop.obj
 0001:00024b00       _pjmedia_transport_loop_disable_rx 00425b00 f   pjmedia-i386-win32-vc14-debug:transport_loop.obj
 0001:00025280       _pjmedia_wav_player_port_create 00426280 f   pjmedia-i386-win32-vc14-debug:wav_player.obj
 0001:000258b0       _pjmedia_wav_player_get_info 004268b0 f   pjmedia-i386-win32-vc14-debug:wav_player.obj
 0001:00025a00       _pjmedia_wav_player_get_len 00426a00 f   pjmedia-i386-win32-vc14-debug:wav_player.obj
 0001:00025a90       _pjmedia_wav_player_port_set_pos 00426a90 f   pjmedia-i386-win32-vc14-debug:wav_player.obj
 0001:00025bd0       _pjmedia_wav_player_port_get_pos 00426bd0 f   pjmedia-i386-win32-vc14-debug:wav_player.obj
 0001:00025cb0       _pjmedia_wav_player_set_eof_cb 00426cb0 f   pjmedia-i386-win32-vc14-debug:wav_player.obj
 0001:00026a60       _pjmedia_wav_writer_port_create 00427a60 f   pjmedia-i386-win32-vc14-debug:wav_writer.obj
 0001:00026ed0       _pjmedia_wav_writer_port_get_pos 00427ed0 f   pjmedia-i386-win32-vc14-debug:wav_writer.obj
 0001:00026f50       _pjmedia_wav_writer_port_set_cb 00427f50 f   pjmedia-i386-win32-vc14-debug:wav_writer.obj
 0001:00027850       _pjmedia_codec_g711_init   00428850 f   pjmedia-i386-win32-vc14-debug:g711.obj
 0001:00027970       _pjmedia_codec_g711_deinit 00428970 f   pjmedia-i386-win32-vc14-debug:g711.obj
 0001:00028810       _pjmedia_plc_create        00429810 f   pjmedia-i386-win32-vc14-debug:plc_common.obj
 0001:000288e0       _pjmedia_plc_save          004298e0 f   pjmedia-i386-win32-vc14-debug:plc_common.obj
 0001:00028940       _pjmedia_plc_generate      00429940 f   pjmedia-i386-win32-vc14-debug:plc_common.obj
 0001:00028b40       _pjmedia_silence_det_create 00429b40 f   pjmedia-i386-win32-vc14-debug:silencedet.obj
 0001:00028c00       _pjmedia_silence_det_set_name 00429c00 f   pjmedia-i386-win32-vc14-debug:silencedet.obj
 0001:00028c70       _pjmedia_silence_det_set_fixed 00429c70 f   pjmedia-i386-win32-vc14-debug:silencedet.obj
 0001:00028cd0       _pjmedia_silence_det_set_adaptive 00429cd0 f   pjmedia-i386-win32-vc14-debug:silencedet.obj
 0001:00028d30       _pjmedia_silence_det_set_params 00429d30 f   pjmedia-i386-win32-vc14-debug:silencedet.obj
 0001:00028db0       _pjmedia_silence_det_disable 00429db0 f   pjmedia-i386-win32-vc14-debug:silencedet.obj
 0001:00028df0       _pjmedia_silence_det_detect 00429df0 f   pjmedia-i386-win32-vc14-debug:silencedet.obj
 0001:00028e30       _pjmedia_calc_avg_signal   00429e30 f   pjmedia-i386-win32-vc14-debug:silencedet.obj
 0001:00028eb0       _pjmedia_silence_det_apply 00429eb0 f   pjmedia-i386-win32-vc14-debug:silencedet.obj
 0001:000293a0       _pjmedia_get_aud_subsys    0042a3a0 f   pjmedia-i386-win32-vc14-debug:audiodev.obj
 0001:000293b0       _pjmedia_aud_driver_init   0042a3b0 f   pjmedia-i386-win32-vc14-debug:audiodev.obj
 0001:00029730       _pjmedia_aud_driver_deinit 0042a730 f   pjmedia-i386-win32-vc14-debug:audiodev.obj
 0001:000297a0       _pjmedia_aud_dev_cap_name  0042a7a0 f   pjmedia-i386-win32-vc14-debug:audiodev.obj
 0001:00029810       _pjmedia_aud_param_set_cap 0042a810 f   pjmedia-i386-win32-vc14-debug:audiodev.obj
 0001:00029870       _pjmedia_aud_param_get_cap 0042a870 f   pjmedia-i386-win32-vc14-debug:audiodev.obj
 0001:000298e0       _pjmedia_aud_dev_refresh   0042a8e0 f   pjmedia-i386-win32-vc14-debug:audiodev.obj
 0001:00029990       _pjmedia_aud_dev_count     0042a990 f   pjmedia-i386-win32-vc14-debug:audiodev.obj
 0001:000299a0       _pjmedia_aud_dev_get_info  0042a9a0 f   pjmedia-i386-win32-vc14-debug:audiodev.obj
 0001:00029a60       _pjmedia_aud_dev_lookup    0042aa60 f   pjmedia-i386-win32-vc14-debug:audiodev.obj
 0001:00029c40       _pjmedia_aud_dev_default_param 0042ac40 f   pjmedia-i386-win32-vc14-debug:audiodev.obj
 0001:00029d40       _pjmedia_aud_stream_create 0042ad40 f   pjmedia-i386-win32-vc14-debug:audiodev.obj
 0001:00029fc0       _pjmedia_aud_stream_get_param 0042afc0 f   pjmedia-i386-win32-vc14-debug:audiodev.obj
 0001:0002a090       _pjmedia_aud_stream_get_cap 0042b090 f   pjmedia-i386-win32-vc14-debug:audiodev.obj
 0001:0002a0b0       _pjmedia_aud_stream_set_cap 0042b0b0 f   pjmedia-i386-win32-vc14-debug:audiodev.obj
 0001:0002a0d0       _pjmedia_aud_stream_start  0042b0d0 f   pjmedia-i386-win32-vc14-debug:audiodev.obj
 0001:0002a0f0       _pjmedia_aud_stream_stop   0042b0f0 f   pjmedia-i386-win32-vc14-debug:audiodev.obj
 0001:0002a110       _pjmedia_aud_stream_destroy 0042b110 f   pjmedia-i386-win32-vc14-debug:audiodev.obj
 0001:0002a980       _pjmedia_format_copy       0042b980 f   pjmedia-i386-win32-vc14-debug:format.obj
 0001:0002a9a0       _pjmedia_format_get_audio_format_detail 0042b9a0 f   pjmedia-i386-win32-vc14-debug:format.obj
 0001:0002aa20       _pjmedia_sdp_attr_create   0042ba20 f   pjmedia-i386-win32-vc14-debug:sdp.obj
 0001:0002aac0       _pjmedia_sdp_attr_clone    0042bac0 f   pjmedia-i386-win32-vc14-debug:sdp.obj
 0001:0002ab50       _pjmedia_sdp_attr_find     0042bb50 f   pjmedia-i386-win32-vc14-debug:sdp.obj
 0001:0002ac20       _pjmedia_sdp_attr_find2    0042bc20 f   pjmedia-i386-win32-vc14-debug:sdp.obj
 0001:0002ac60       _pjmedia_sdp_attr_add      0042bc60 f   pjmedia-i386-win32-vc14-debug:sdp.obj
 0001:0002ad00       _pjmedia_sdp_attr_remove_all 0042bd00 f   pjmedia-i386-win32-vc14-debug:sdp.obj
 0001:0002ae10       _pjmedia_sdp_attr_remove   0042be10 f   pjmedia-i386-win32-vc14-debug:sdp.obj
 0001:0002af10       _pjmedia_sdp_attr_to_rtpmap 0042bf10 f   pjmedia-i386-win32-vc14-debug:sdp.obj
 0001:0002afc0       _pjmedia_sdp_attr_get_rtpmap 0042bfc0 f   pjmedia-i386-win32-vc14-debug:sdp.obj
 0001:0002b240       _pjmedia_sdp_rtpmap_to_attr 0042c240 f   pjmedia-i386-win32-vc14-debug:sdp.obj
 0001:0002b450       _pjmedia_sdp_attr_get_fmtp 0042c450 f   pjmedia-i386-win32-vc14-debug:sdp.obj
 0001:0002b550       _pjmedia_sdp_attr_get_rtcp 0042c550 f   pjmedia-i386-win32-vc14-debug:sdp.obj
 0001:0002b700       _pjmedia_sdp_attr_create_rtcp 0042c700 f   pjmedia-i386-win32-vc14-debug:sdp.obj
 0001:0002b830       _pjmedia_sdp_attr_get_ssrc 0042c830 f   pjmedia-i386-win32-vc14-debug:sdp.obj
 0001:0002b9e0       _pjmedia_sdp_attr_create_ssrc 0042c9e0 f   pjmedia-i386-win32-vc14-debug:sdp.obj
 0001:0002ba70       _pjmedia_sdp_conn_clone    0042ca70 f   pjmedia-i386-win32-vc14-debug:sdp.obj
 0001:0002bb00       _pjmedia_sdp_bandw_clone   0042cb00 f   pjmedia-i386-win32-vc14-debug:sdp.obj
 0001:0002bb50       _pjmedia_sdp_media_clone   0042cb50 f   pjmedia-i386-win32-vc14-debug:sdp.obj
 0001:0002bdf0       _pjmedia_sdp_media_find_attr 0042cdf0 f   pjmedia-i386-win32-vc14-debug:sdp.obj
 0001:0002be50       _pjmedia_sdp_media_find_attr2 0042ce50 f   pjmedia-i386-win32-vc14-debug:sdp.obj
 0001:0002beb0       _pjmedia_sdp_media_add_attr 0042ceb0 f   pjmedia-i386-win32-vc14-debug:sdp.obj
 0001:0002bee0       _pjmedia_sdp_media_remove_all_attr 0042cee0 f   pjmedia-i386-win32-vc14-debug:sdp.obj
 0001:0002bf10       _pjmedia_sdp_media_remove_attr 0042cf10 f   pjmedia-i386-win32-vc14-debug:sdp.obj
 0001:0002bf40       _pjmedia_sdp_transport_cmp 0042cf40 f   pjmedia-i386-win32-vc14-debug:sdp.obj
 0001:0002bfb0       _pjmedia_sdp_transport_get_proto 0042cfb0 f   pjmedia-i386-win32-vc14-debug:sdp.obj
 0001:0002c130       _pjmedia_sdp_media_deactivate 0042d130 f   pjmedia-i386-win32-vc14-debug:sdp.obj
 0001:0002c180       _pjmedia_sdp_media_clone_deactivate 0042d180 f   pjmedia-i386-win32-vc14-debug:sdp.obj
 0001:0002c370       _pjmedia_sdp_parse         0042d370 f   pjmedia-i386-win32-vc14-debug:sdp.obj
 0001:0002ca50       _pjmedia_sdp_print         0042da50 f   pjmedia-i386-win32-vc14-debug:sdp.obj
 0001:0002ca70       _pjmedia_sdp_validate      0042da70 f   pjmedia-i386-win32-vc14-debug:sdp.obj
 0001:0002ca90       _pjmedia_sdp_validate2     0042da90 f   pjmedia-i386-win32-vc14-debug:sdp.obj
 0001:0002cd30       _pjmedia_sdp_session_clone 0042dd30 f   pjmedia-i386-win32-vc14-debug:sdp.obj
 0001:0002cfb0       _pjmedia_sdp_session_add_attr 0042dfb0 f   pjmedia-i386-win32-vc14-debug:sdp.obj
 0001:0002f180       _pjmedia_strerror          00430180 f   pjmedia-i386-win32-vc14-debug:errno.obj
 0001:0002f380       _pjmedia_event_mgr_create  00430380 f   pjmedia-i386-win32-vc14-debug:event.obj
 0001:0002f4c0       _pjmedia_event_mgr_instance 004304c0 f   pjmedia-i386-win32-vc14-debug:event.obj
 0001:0002f4d0       _pjmedia_event_mgr_set_instance 004304d0 f   pjmedia-i386-win32-vc14-debug:event.obj
 0001:0002f4e0       _pjmedia_event_mgr_destroy 004304e0 f   pjmedia-i386-win32-vc14-debug:event.obj
 0001:0002f5c0       _pjmedia_event_init        004305c0 f   pjmedia-i386-win32-vc14-debug:event.obj
 0001:0002f610       _pjmedia_event_subscribe   00430610 f   pjmedia-i386-win32-vc14-debug:event.obj
 0001:0002f780       _pjmedia_event_unsubscribe 00430780 f   pjmedia-i386-win32-vc14-debug:event.obj
 0001:0002f8f0       _pjmedia_event_publish     004308f0 f   pjmedia-i386-win32-vc14-debug:event.obj
 0001:000300c0       _pjmedia_jbuf_create       004310c0 f   pjmedia-i386-win32-vc14-debug:jbuf.obj
 0001:00030220       _pjmedia_jbuf_set_ptime    00431220 f   pjmedia-i386-win32-vc14-debug:jbuf.obj
 0001:000302b0       _pjmedia_jbuf_set_fixed    004312b0 f   pjmedia-i386-win32-vc14-debug:jbuf.obj
 0001:00030350       _pjmedia_jbuf_set_adaptive 00431350 f   pjmedia-i386-win32-vc14-debug:jbuf.obj
 0001:00030410       _pjmedia_jbuf_set_discard  00431410 f   pjmedia-i386-win32-vc14-debug:jbuf.obj
 0001:000304c0       _pjmedia_jbuf_destroy      004314c0 f   pjmedia-i386-win32-vc14-debug:jbuf.obj
 0001:000305b0       _pjmedia_jbuf_reset        004315b0 f   pjmedia-i386-win32-vc14-debug:jbuf.obj
 0001:00030640       _pjmedia_jbuf_put_frame    00431640 f   pjmedia-i386-win32-vc14-debug:jbuf.obj
 0001:00030670       _pjmedia_jbuf_put_frame2   00431670 f   pjmedia-i386-win32-vc14-debug:jbuf.obj
 0001:000306a0       _pjmedia_jbuf_put_frame3   004316a0 f   pjmedia-i386-win32-vc14-debug:jbuf.obj
 0001:00030880       _pjmedia_jbuf_get_frame    00431880 f   pjmedia-i386-win32-vc14-debug:jbuf.obj
 0001:000308b0       _pjmedia_jbuf_get_frame2   004318b0 f   pjmedia-i386-win32-vc14-debug:jbuf.obj
 0001:000308e0       _pjmedia_jbuf_get_frame3   004318e0 f   pjmedia-i386-win32-vc14-debug:jbuf.obj
 0001:00030a20       _pjmedia_jbuf_peek_frame   00431a20 f   pjmedia-i386-win32-vc14-debug:jbuf.obj
 0001:00030a80       _pjmedia_jbuf_remove_frame 00431a80 f   pjmedia-i386-win32-vc14-debug:jbuf.obj
 0001:00030af0       _pjmedia_jbuf_is_full      00431af0 f   pjmedia-i386-win32-vc14-debug:jbuf.obj
 0001:00030b20       _pjmedia_jbuf_get_state    00431b20 f   pjmedia-i386-win32-vc14-debug:jbuf.obj
 0001:000323e0       _pjmedia_rtp_session_init  004333e0 f   pjmedia-i386-win32-vc14-debug:rtp.obj
 0001:00032550       _pjmedia_rtp_session_init2 00433550 f   pjmedia-i386-win32-vc14-debug:rtp.obj
 0001:00032610       _pjmedia_rtp_encode_rtp    00433610 f   pjmedia-i386-win32-vc14-debug:rtp.obj
 0001:000326e0       _pjmedia_rtp_decode_rtp    004336e0 f   pjmedia-i386-win32-vc14-debug:rtp.obj
 0001:00032710       _pjmedia_rtp_decode_rtp2   00433710 f   pjmedia-i386-win32-vc14-debug:rtp.obj
 0001:00032850       _pjmedia_rtp_session_update 00433850 f   pjmedia-i386-win32-vc14-debug:rtp.obj
 0001:00032870       _pjmedia_rtp_session_update2 00433870 f   pjmedia-i386-win32-vc14-debug:rtp.obj
 0001:00032a10       _pjmedia_rtp_seq_init      00433a10 f   pjmedia-i386-win32-vc14-debug:rtp.obj
 0001:00032a40       _pjmedia_rtp_seq_update    00433a40 f   pjmedia-i386-win32-vc14-debug:rtp.obj
 0001:00032fb0       _pjmedia_rtcp_session_setting_default 00433fb0 f   pjmedia-i386-win32-vc14-debug:rtcp.obj
 0001:00032fd0       _pjmedia_rtcp_init_stat    00433fd0 f   pjmedia-i386-win32-vc14-debug:rtcp.obj
 0001:00033080       _pjmedia_rtcp_init         00434080 f   pjmedia-i386-win32-vc14-debug:rtcp.obj
 0001:000330c0       _pjmedia_rtcp_init2        004340c0 f   pjmedia-i386-win32-vc14-debug:rtcp.obj
 0001:00033260       _pjmedia_rtcp_get_ntp_time 00434260 f   pjmedia-i386-win32-vc14-debug:rtcp.obj
 0001:000334b0       _pjmedia_rtcp_fini         004344b0 f   pjmedia-i386-win32-vc14-debug:rtcp.obj
 0001:000334c0       _pjmedia_rtcp_rx_rtp       004344c0 f   pjmedia-i386-win32-vc14-debug:rtcp.obj
 0001:000334e0       _pjmedia_rtcp_rx_rtp2      004344e0 f   pjmedia-i386-win32-vc14-debug:rtcp.obj
 0001:000337b0       _pjmedia_rtcp_tx_rtp       004347b0 f   pjmedia-i386-win32-vc14-debug:rtcp.obj
 0001:000337e0       _pjmedia_rtcp_rx_rtcp      004347e0 f   pjmedia-i386-win32-vc14-debug:rtcp.obj
 0001:000338e0       _pjmedia_rtcp_build_rtcp   004348e0 f   pjmedia-i386-win32-vc14-debug:rtcp.obj
 0001:00033d20       _pjmedia_rtcp_build_rtcp_sdes 00434d20 f   pjmedia-i386-win32-vc14-debug:rtcp.obj
 0001:000341d0       _pjmedia_rtcp_build_rtcp_bye 004351d0 f   pjmedia-i386-win32-vc14-debug:rtcp.obj
 0001:00034390       _pjmedia_rtcp_enable_xr    00435390 f   pjmedia-i386-win32-vc14-debug:rtcp.obj
 0001:00035310       _pjmedia_rtcp_fb_setting_default 00436310 f   pjmedia-i386-win32-vc14-debug:rtcp_fb.obj
 0001:00035330       _pjmedia_rtcp_fb_setting_dup 00436330 f   pjmedia-i386-win32-vc14-debug:rtcp_fb.obj
 0001:000353c0       _pjmedia_rtcp_fb_info_dup  004363c0 f   pjmedia-i386-win32-vc14-debug:rtcp_fb.obj
 0001:00035450       _pjmedia_rtcp_fb_encode_sdp 00436450 f   pjmedia-i386-win32-vc14-debug:rtcp_fb.obj
 0001:00035800       _pjmedia_rtcp_fb_decode_sdp 00436800 f   pjmedia-i386-win32-vc14-debug:rtcp_fb.obj
 0001:00035c40       _pjmedia_rtcp_fb_build_nack 00436c40 f   pjmedia-i386-win32-vc14-debug:rtcp_fb.obj
 0001:00035dd0       _pjmedia_rtcp_fb_build_pli 00436dd0 f   pjmedia-i386-win32-vc14-debug:rtcp_fb.obj
 0001:00035ec0       _pjmedia_rtcp_fb_build_sli 00436ec0 f   pjmedia-i386-win32-vc14-debug:rtcp_fb.obj
 0001:000360c0       _pjmedia_rtcp_fb_build_rpsi 004370c0 f   pjmedia-i386-win32-vc14-debug:rtcp_fb.obj
 0001:000362a0       _pjmedia_rtcp_fb_parse_nack 004372a0 f   pjmedia-i386-win32-vc14-debug:rtcp_fb.obj
 0001:00036440       _pjmedia_rtcp_fb_parse_pli 00437440 f   pjmedia-i386-win32-vc14-debug:rtcp_fb.obj
 0001:000364e0       _pjmedia_rtcp_fb_parse_sli 004374e0 f   pjmedia-i386-win32-vc14-debug:rtcp_fb.obj
 0001:000366d0       _pjmedia_rtcp_fb_parse_rpsi 004376d0 f   pjmedia-i386-win32-vc14-debug:rtcp_fb.obj
 0001:000371c0       _pjmedia_wave_hdr_file_to_host 004381c0 f   pjmedia-i386-win32-vc14-debug:wave.obj
 0001:000371e0       _pjmedia_wave_hdr_host_to_file 004381e0 f   pjmedia-i386-win32-vc14-debug:wave.obj
 0001:00037210       _pjmedia_wsola_create      00438210 f   pjmedia-i386-win32-vc14-debug:wsola.obj
 0001:00037560       _pjmedia_wsola_set_max_expand 00438560 f   pjmedia-i386-win32-vc14-debug:wsola.obj
 0001:000375b0       _pjmedia_wsola_destroy     004385b0 f   pjmedia-i386-win32-vc14-debug:wsola.obj
 0001:000375c0       _pjmedia_wsola_reset       004385c0 f   pjmedia-i386-win32-vc14-debug:wsola.obj
 0001:00037660       _pjmedia_wsola_save        00438660 f   pjmedia-i386-win32-vc14-debug:wsola.obj
 0001:00037aa0       _pjmedia_wsola_generate    00438aa0 f   pjmedia-i386-win32-vc14-debug:wsola.obj
 0001:00037b90       _pjmedia_wsola_discard     00438b90 f   pjmedia-i386-win32-vc14-debug:wsola.obj
 0001:000398d0       _pjmedia_srtp_init_lib     0043a8d0 f   pjmedia-i386-win32-vc14-debug:transport_srtp.obj
 0001:00039980       _pjmedia_srtp_setting_default 0043a980 f   pjmedia-i386-win32-vc14-debug:transport_srtp.obj
 0001:000399d0       _pjmedia_srtp_enum_crypto  0043a9d0 f   pjmedia-i386-win32-vc14-debug:transport_srtp.obj
 0001:00039a90       _pjmedia_srtp_enum_keying  0043aa90 f   pjmedia-i386-win32-vc14-debug:transport_srtp.obj
 0001:00039b10       _pjmedia_transport_srtp_create 0043ab10 f   pjmedia-i386-win32-vc14-debug:transport_srtp.obj
 0001:00039f00       _pjmedia_transport_srtp_dtls_get_fingerprint 0043af00 f   pjmedia-i386-win32-vc14-debug:transport_srtp.obj
 0001:00039f10       _pjmedia_transport_srtp_dtls_start_nego 0043af10 f   pjmedia-i386-win32-vc14-debug:transport_srtp.obj
 0001:00039f20       _pjmedia_transport_srtp_start 0043af20 f   pjmedia-i386-win32-vc14-debug:transport_srtp.obj
 0001:0003a880       _pjmedia_transport_srtp_stop 0043b880 f   pjmedia-i386-win32-vc14-debug:transport_srtp.obj
 0001:0003a9e0       _pjmedia_transport_srtp_decrypt_pkt 0043b9e0 f   pjmedia-i386-win32-vc14-debug:transport_srtp.obj
 0001:0003abb0       _pjmedia_transport_srtp_get_member 0043bbb0 f   pjmedia-i386-win32-vc14-debug:transport_srtp.obj
 0001:0003c430       _get_libsrtp_errstr        0043d430 f   pjmedia-i386-win32-vc14-debug:transport_srtp.obj
 0001:0003ec00       _pj_getopt                 0043fc00 f   pjlib-util-i386-win32-vc14-debug:getopt.obj
 0001:0003ec20       _pj_getopt_long            0043fc20 f   pjlib-util-i386-win32-vc14-debug:getopt.obj
 0001:0003fc80       _pj_cis_buf_init           00440c80 f   pjlib-util-i386-win32-vc14-debug:scanner.obj
 0001:0003fcb0       _pj_cis_init               00440cb0 f   pjlib-util-i386-win32-vc14-debug:scanner.obj
 0001:0003fd30       _pj_cis_dup                00440d30 f   pjlib-util-i386-win32-vc14-debug:scanner.obj
 0001:0003fdf0       _pj_cis_add_range          00440df0 f   pjlib-util-i386-win32-vc14-debug:scanner.obj
 0001:0003fe50       _pj_cis_add_alpha          00440e50 f   pjlib-util-i386-win32-vc14-debug:scanner.obj
 0001:0003fe80       _pj_cis_add_num            00440e80 f   pjlib-util-i386-win32-vc14-debug:scanner.obj
 0001:0003fea0       _pj_cis_add_str            00440ea0 f   pjlib-util-i386-win32-vc14-debug:scanner.obj
 0001:0003fef0       _pj_cis_add_cis            00440ef0 f   pjlib-util-i386-win32-vc14-debug:scanner.obj
 0001:0003ff60       _pj_cis_del_range          00440f60 f   pjlib-util-i386-win32-vc14-debug:scanner.obj
 0001:0003ffa0       _pj_cis_del_str            00440fa0 f   pjlib-util-i386-win32-vc14-debug:scanner.obj
 0001:0003fff0       _pj_cis_invert             00440ff0 f   pjlib-util-i386-win32-vc14-debug:scanner.obj
 0001:00040080       _pj_scan_init              00441080 f   pjlib-util-i386-win32-vc14-debug:scanner.obj
 0001:000400f0       _pj_scan_fini              004410f0 f   pjlib-util-i386-win32-vc14-debug:scanner.obj
 0001:00040110       _pj_scan_peek              00441110 f   pjlib-util-i386-win32-vc14-debug:scanner.obj
 0001:00040180       _pj_scan_peek_n            00441180 f   pjlib-util-i386-win32-vc14-debug:scanner.obj
 0001:000401d0       _pj_scan_peek_until        004411d0 f   pjlib-util-i386-win32-vc14-debug:scanner.obj
 0001:00040250       _pj_scan_get               00441250 f   pjlib-util-i386-win32-vc14-debug:scanner.obj
 0001:00040310       _pj_scan_get_unescape      00441310 f   pjlib-util-i386-win32-vc14-debug:scanner.obj
 0001:00040530       _pj_scan_get_quote         00441530 f   pjlib-util-i386-win32-vc14-debug:scanner.obj
 0001:00040560       _pj_scan_get_quotes        00441560 f   pjlib-util-i386-win32-vc14-debug:scanner.obj
 0001:00040710       _pj_scan_get_n             00441710 f   pjlib-util-i386-win32-vc14-debug:scanner.obj
 0001:00040780       _pj_scan_get_char          00441780 f   pjlib-util-i386-win32-vc14-debug:scanner.obj
 0001:000407e0       _pj_scan_get_until         004417e0 f   pjlib-util-i386-win32-vc14-debug:scanner.obj
 0001:00040880       _pj_scan_get_until_ch      00441880 f   pjlib-util-i386-win32-vc14-debug:scanner.obj
 0001:00040910       _pj_scan_get_until_chr     00441910 f   pjlib-util-i386-win32-vc14-debug:scanner.obj
 0001:000409c0       _pj_scan_advance_n         004419c0 f   pjlib-util-i386-win32-vc14-debug:scanner.obj
 0001:00040a20       _pj_scan_strcmp            00441a20 f   pjlib-util-i386-win32-vc14-debug:scanner.obj
 0001:00040a60       _pj_scan_stricmp           00441a60 f   pjlib-util-i386-win32-vc14-debug:scanner.obj
 0001:00040aa0       _pj_scan_stricmp_alnum     00441aa0 f   pjlib-util-i386-win32-vc14-debug:scanner.obj
 0001:00040ae0       _pj_scan_get_newline       00441ae0 f   pjlib-util-i386-win32-vc14-debug:scanner.obj
 0001:00040b70       _pj_scan_skip_whitespace   00441b70 f   pjlib-util-i386-win32-vc14-debug:scanner.obj
 0001:00040d60       _pj_scan_skip_line         00441d60 f   pjlib-util-i386-win32-vc14-debug:scanner.obj
 0001:00040dc0       _pj_scan_save_state        00441dc0 f   pjlib-util-i386-win32-vc14-debug:scanner.obj
 0001:00040df0       _pj_scan_restore_state     00441df0 f   pjlib-util-i386-win32-vc14-debug:scanner.obj
 0001:000413f0       _pj_base64_encode          004423f0 f   pjlib-util-i386-win32-vc14-debug:base64.obj
 0001:000415a0       _pj_base64_decode          004425a0 f   pjlib-util-i386-win32-vc14-debug:base64.obj
 0001:00041b50       _pj_init                   00442b50 f   pjlib-i386-win32-vc14-debug:os_core_win32.obj
 0001:00041d30       _pj_shutdown               00442d30 f   pjlib-i386-win32-vc14-debug:os_core_win32.obj
 0001:00041e50       _pj_atexit                 00442e50 f   pjlib-i386-win32-vc14-debug:os_core_win32.obj
 0001:00041e90       _pj_getpid                 00442e90 f   pjlib-i386-win32-vc14-debug:os_core_win32.obj
 0001:00041eb0       _pj_thread_create          00442eb0 f   pjlib-i386-win32-vc14-debug:os_core_win32.obj
 0001:00042070       _pj_thread_register        00443070 f   pjlib-i386-win32-vc14-debug:os_core_win32.obj
 0001:00042190       _pj_thread_is_registered   00443190 f   pjlib-i386-win32-vc14-debug:os_core_win32.obj
 0001:000421c0       _pj_thread_get_prio        004431c0 f   pjlib-i386-win32-vc14-debug:os_core_win32.obj
 0001:000421e0       _pj_thread_set_prio        004431e0 f   pjlib-i386-win32-vc14-debug:os_core_win32.obj
 0001:000422b0       _pj_thread_get_prio_min    004432b0 f   pjlib-i386-win32-vc14-debug:os_core_win32.obj
 0001:000422c0       _pj_thread_get_prio_max    004432c0 f   pjlib-i386-win32-vc14-debug:os_core_win32.obj
 0001:000422d0       _pj_thread_get_os_handle   004432d0 f   pjlib-i386-win32-vc14-debug:os_core_win32.obj
 0001:00042310       _pj_thread_get_name        00443310 f   pjlib-i386-win32-vc14-debug:os_core_win32.obj
 0001:00042370       _pj_thread_resume          00443370 f   pjlib-i386-win32-vc14-debug:os_core_win32.obj
 0001:00042420       _pj_thread_this            00443420 f   pjlib-i386-win32-vc14-debug:os_core_win32.obj
 0001:00042470       _pj_thread_join            00443470 f   pjlib-i386-win32-vc14-debug:os_core_win32.obj
 0001:00042550       _pj_thread_destroy         00443550 f   pjlib-i386-win32-vc14-debug:os_core_win32.obj
 0001:00042600       _pj_thread_sleep           00443600 f   pjlib-i386-win32-vc14-debug:os_core_win32.obj
 0001:00042630       _pj_thread_check_stack     00443630 f   pjlib-i386-win32-vc14-debug:os_core_win32.obj
 0001:000426f0       _pj_thread_get_stack_max_usage 004436f0 f   pjlib-i386-win32-vc14-debug:os_core_win32.obj
 0001:00042700       _pj_thread_get_stack_info  00443700 f   pjlib-i386-win32-vc14-debug:os_core_win32.obj
 0001:00042740       _pj_thread_local_alloc     00443740 f   pjlib-i386-win32-vc14-debug:os_core_win32.obj
 0001:000427d0       _pj_thread_local_free      004437d0 f   pjlib-i386-win32-vc14-debug:os_core_win32.obj
 0001:00042800       _pj_thread_local_set       00443800 f   pjlib-i386-win32-vc14-debug:os_core_win32.obj
 0001:00042870       _pj_thread_local_get       00443870 f   pjlib-i386-win32-vc14-debug:os_core_win32.obj
 0001:00042880       _pj_atomic_create          00443880 f   pjlib-i386-win32-vc14-debug:os_core_win32.obj
 0001:000428c0       _pj_atomic_destroy         004438c0 f   pjlib-i386-win32-vc14-debug:os_core_win32.obj
 0001:00042900       _pj_atomic_set             00443900 f   pjlib-i386-win32-vc14-debug:os_core_win32.obj
 0001:00042950       _pj_atomic_get             00443950 f   pjlib-i386-win32-vc14-debug:os_core_win32.obj
 0001:000429a0       _pj_atomic_inc             004439a0 f   pjlib-i386-win32-vc14-debug:os_core_win32.obj
 0001:000429e0       _pj_atomic_inc_and_get     004439e0 f   pjlib-i386-win32-vc14-debug:os_core_win32.obj
 0001:00042a10       _pj_atomic_dec             00443a10 f   pjlib-i386-win32-vc14-debug:os_core_win32.obj
 0001:00042a50       _pj_atomic_dec_and_get     00443a50 f   pjlib-i386-win32-vc14-debug:os_core_win32.obj
 0001:00042a80       _pj_atomic_add             00443a80 f   pjlib-i386-win32-vc14-debug:os_core_win32.obj
 0001:00042ac0       _pj_atomic_add_and_get     00443ac0 f   pjlib-i386-win32-vc14-debug:os_core_win32.obj
 0001:00042ae0       _pj_mutex_create           00443ae0 f   pjlib-i386-win32-vc14-debug:os_core_win32.obj
 0001:00042b70       _pj_mutex_create_simple    00443b70 f   pjlib-i386-win32-vc14-debug:os_core_win32.obj
 0001:00042b90       _pj_mutex_create_recursive 00443b90 f   pjlib-i386-win32-vc14-debug:os_core_win32.obj
 0001:00042bb0       _pj_mutex_lock             00443bb0 f   pjlib-i386-win32-vc14-debug:os_core_win32.obj
 0001:00042c40       _pj_mutex_unlock           00443c40 f   pjlib-i386-win32-vc14-debug:os_core_win32.obj
 0001:00042cf0       _pj_mutex_trylock          00443cf0 f   pjlib-i386-win32-vc14-debug:os_core_win32.obj
 0001:00042da0       _pj_mutex_destroy          00443da0 f   pjlib-i386-win32-vc14-debug:os_core_win32.obj
 0001:00042e00       _pj_mutex_is_locked        00443e00 f   pjlib-i386-win32-vc14-debug:os_core_win32.obj
 0001:00042e30       _pj_rwmutex_create         00443e30 f   pjlib-i386-win32-vc14-debug:os_core_win32.obj
 0001:00042f00       _pj_rwmutex_lock_read      00443f00 f   pjlib-i386-win32-vc14-debug:os_core_win32.obj
 0001:00042fd0       _pj_rwmutex_lock_write     00443fd0 f   pjlib-i386-win32-vc14-debug:os_core_win32.obj
 0001:00043010       _pj_rwmutex_unlock_read    00444010 f   pjlib-i386-win32-vc14-debug:os_core_win32.obj
 0001:000430e0       _pj_rwmutex_unlock_write   004440e0 f   pjlib-i386-win32-vc14-debug:os_core_win32.obj
 0001:00043150       _pj_rwmutex_destroy        00444150 f   pjlib-i386-win32-vc14-debug:os_core_win32.obj
 0001:000431b0       _pj_enter_critical_section 004441b0 f   pjlib-i386-win32-vc14-debug:os_core_win32.obj
 0001:000431d0       _pj_leave_critical_section 004441d0 f   pjlib-i386-win32-vc14-debug:os_core_win32.obj
 0001:000431f0       _pj_sem_create             004441f0 f   pjlib-i386-win32-vc14-debug:os_core_win32.obj
 0001:00043330       _pj_sem_wait               00444330 f   pjlib-i386-win32-vc14-debug:os_core_win32.obj
 0001:00043390       _pj_sem_trywait            00444390 f   pjlib-i386-win32-vc14-debug:os_core_win32.obj
 0001:000433f0       _pj_sem_post               004443f0 f   pjlib-i386-win32-vc14-debug:os_core_win32.obj
 0001:000434a0       _pj_sem_destroy            004444a0 f   pjlib-i386-win32-vc14-debug:os_core_win32.obj
 0001:00043550       _pj_event_create           00444550 f   pjlib-i386-win32-vc14-debug:os_core_win32.obj
 0001:000436d0       _pj_event_wait             004446d0 f   pjlib-i386-win32-vc14-debug:os_core_win32.obj
 0001:00043720       _pj_event_trywait          00444720 f   pjlib-i386-win32-vc14-debug:os_core_win32.obj
 0001:00043770       _pj_event_set              00444770 f   pjlib-i386-win32-vc14-debug:os_core_win32.obj
 0001:00043820       _pj_event_pulse            00444820 f   pjlib-i386-win32-vc14-debug:os_core_win32.obj
 0001:000438d0       _pj_event_reset            004448d0 f   pjlib-i386-win32-vc14-debug:os_core_win32.obj
 0001:00043980       _pj_event_destroy          00444980 f   pjlib-i386-win32-vc14-debug:os_core_win32.obj
 0001:00043a30       _pj_term_set_color         00444a30 f   pjlib-i386-win32-vc14-debug:os_core_win32.obj
 0001:00043ad0       _pj_term_get_color         00444ad0 f   pjlib-i386-win32-vc14-debug:os_core_win32.obj
 0001:00043b20       _pj_run_app                00444b20 f   pjlib-i386-win32-vc14-debug:os_core_win32.obj
 0001:00043b40       _pj_thread_init            00444b40 f   pjlib-i386-win32-vc14-debug:os_core_win32.obj
 0001:00044890       _pj_time_val_normalize     00445890 f   pjlib-i386-win32-vc14-debug:types.obj
 0001:000449b0       _pj_inet_ntop2             004459b0 f   pjlib-i386-win32-vc14-debug:sock_common.obj
 0001:000449f0       _pj_sockaddr_print         004459f0 f   pjlib-i386-win32-vc14-debug:sock_common.obj
 0001:00044b00       _pj_inet_addr              00445b00 f   pjlib-i386-win32-vc14-debug:sock_common.obj
 0001:00044b20       _pj_inet_addr2             00445b20 f   pjlib-i386-win32-vc14-debug:sock_common.obj
 0001:00044b50       _pj_sockaddr_in_init       00445b50 f   pjlib-i386-win32-vc14-debug:sock_common.obj
 0001:00044bd0       _pj_sockaddr_init          00445bd0 f   pjlib-i386-win32-vc14-debug:sock_common.obj
 0001:00044c90       _pj_sockaddr_cmp           00445c90 f   pjlib-i386-win32-vc14-debug:sock_common.obj
 0001:00044d60       _pj_sockaddr_get_addr      00445d60 f   pjlib-i386-win32-vc14-debug:sock_common.obj
 0001:00044e00       _pj_sockaddr_has_addr      00445e00 f   pjlib-i386-win32-vc14-debug:sock_common.obj
 0001:00044ec0       _pj_sockaddr_get_addr_len  00445ec0 f   pjlib-i386-win32-vc14-debug:sock_common.obj
 0001:00044f60       _pj_sockaddr_get_len       00445f60 f   pjlib-i386-win32-vc14-debug:sock_common.obj
 0001:00045000       _pj_sockaddr_copy_addr     00446000 f   pjlib-i386-win32-vc14-debug:sock_common.obj
 0001:00045050       _pj_sockaddr_cp            00446050 f   pjlib-i386-win32-vc14-debug:sock_common.obj
 0001:00045080       _pj_sockaddr_synthesize    00446080 f   pjlib-i386-win32-vc14-debug:sock_common.obj
 0001:000451b0       _pj_sockaddr_in_get_addr   004461b0 f   pjlib-i386-win32-vc14-debug:sock_common.obj
 0001:000451d0       _pj_sockaddr_in_set_addr   004461d0 f   pjlib-i386-win32-vc14-debug:sock_common.obj
 0001:000451f0       _pj_sockaddr_in_set_str_addr 004461f0 f   pjlib-i386-win32-vc14-debug:sock_common.obj
 0001:00045330       _pj_sockaddr_set_str_addr  00446330 f   pjlib-i386-win32-vc14-debug:sock_common.obj
 0001:00045470       _pj_sockaddr_get_port      00446470 f   pjlib-i386-win32-vc14-debug:sock_common.obj
 0001:00045520       _pj_sockaddr_in_get_port   00446520 f   pjlib-i386-win32-vc14-debug:sock_common.obj
 0001:00045540       _pj_sockaddr_set_port      00446540 f   pjlib-i386-win32-vc14-debug:sock_common.obj
 0001:000455e0       _pj_sockaddr_in_set_port   004465e0 f   pjlib-i386-win32-vc14-debug:sock_common.obj
 0001:00045600       _pj_sockaddr_parse         00446600 f   pjlib-i386-win32-vc14-debug:sock_common.obj
 0001:00045740       _pj_sockaddr_parse2        00446740 f   pjlib-i386-win32-vc14-debug:sock_common.obj
 0001:00045ae0       _pj_gethostaddr            00446ae0 f   pjlib-i386-win32-vc14-debug:sock_common.obj
 0001:00045b20       _pj_sock_bind_random       00446b20 f   pjlib-i386-win32-vc14-debug:sock_common.obj
 0001:00045c50       _pj_sock_setsockopt_sobuf  00446c50 f   pjlib-i386-win32-vc14-debug:sock_common.obj
 0001:00045e00       _pj_addr_str_print         00446e00 f   pjlib-i386-win32-vc14-debug:sock_common.obj
 0001:00045f00       _pj_gethostip              00446f00 f   pjlib-i386-win32-vc14-debug:sock_common.obj
 0001:00046930       _pj_getipinterface         00447930 f   pjlib-i386-win32-vc14-debug:sock_common.obj
 0001:00046b10       _pj_getdefaultipinterface  00447b10 f   pjlib-i386-win32-vc14-debug:sock_common.obj
 0001:00047490       _pj_str                    00448490 f   pjlib-i386-win32-vc14-debug:string.obj
 0001:000474d0       _pj_strassign              004484d0 f   pjlib-i386-win32-vc14-debug:string.obj
 0001:000474f0       _pj_strcpy                 004484f0 f   pjlib-i386-win32-vc14-debug:string.obj
 0001:00047530       _pj_strcpy2                00448530 f   pjlib-i386-win32-vc14-debug:string.obj
 0001:00047590       _pj_strncpy                00448590 f   pjlib-i386-win32-vc14-debug:string.obj
 0001:000475f0       _pj_strncpy_with_null      004485f0 f   pjlib-i386-win32-vc14-debug:string.obj
 0001:00047670       _pj_strdup                 00448670 f   pjlib-i386-win32-vc14-debug:string.obj
 0001:000476d0       _pj_strdup_with_null       004486d0 f   pjlib-i386-win32-vc14-debug:string.obj
 0001:00047740       _pj_strdup2                00448740 f   pjlib-i386-win32-vc14-debug:string.obj
 0001:000477c0       _pj_strdup2_with_null      004487c0 f   pjlib-i386-win32-vc14-debug:string.obj
 0001:00047840       _pj_strdup3                00448840 f   pjlib-i386-win32-vc14-debug:string.obj
 0001:00047870       _pj_strcmp                 00448870 f   pjlib-i386-win32-vc14-debug:string.obj
 0001:00047950       _pj_strcmp2                00448950 f   pjlib-i386-win32-vc14-debug:string.obj
 0001:000479a0       _pj_strncmp                004489a0 f   pjlib-i386-win32-vc14-debug:string.obj
 0001:00047a00       _pj_strncmp2               00448a00 f   pjlib-i386-win32-vc14-debug:string.obj
 0001:00047a50       _pj_stricmp                00448a50 f   pjlib-i386-win32-vc14-debug:string.obj
 0001:00047b30       _pj_stricmp2               00448b30 f   pjlib-i386-win32-vc14-debug:string.obj
 0001:00047b80       _pj_strnicmp               00448b80 f   pjlib-i386-win32-vc14-debug:string.obj
 0001:00047be0       _pj_strnicmp2              00448be0 f   pjlib-i386-win32-vc14-debug:string.obj
 0001:00047c30       _pj_strcat                 00448c30 f   pjlib-i386-win32-vc14-debug:string.obj
 0001:00047c80       _pj_strcat2                00448c80 f   pjlib-i386-win32-vc14-debug:string.obj
 0001:00047ce0       _pj_strspn                 00448ce0 f   pjlib-i386-win32-vc14-debug:string.obj
 0001:00047d70       _pj_strspn2                00448d70 f   pjlib-i386-win32-vc14-debug:string.obj
 0001:00047df0       _pj_strcspn                00448df0 f   pjlib-i386-win32-vc14-debug:string.obj
 0001:00047e60       _pj_strcspn2               00448e60 f   pjlib-i386-win32-vc14-debug:string.obj
 0001:00047ed0       _pj_strtok                 00448ed0 f   pjlib-i386-win32-vc14-debug:string.obj
 0001:00047f80       _pj_strtok2                00448f80 f   pjlib-i386-win32-vc14-debug:string.obj
 0001:00048030       _pj_strstr                 00449030 f   pjlib-i386-win32-vc14-debug:string.obj
 0001:000480a0       _pj_stristr                004490a0 f   pjlib-i386-win32-vc14-debug:string.obj
 0001:00048110       _pj_strltrim               00449110 f   pjlib-i386-win32-vc14-debug:string.obj
 0001:00048180       _pj_strrtrim               00449180 f   pjlib-i386-win32-vc14-debug:string.obj
 0001:000481f0       _pj_strtrim                004491f0 f   pjlib-i386-win32-vc14-debug:string.obj
 0001:00048210       _pj_create_random_string   00449210 f   pjlib-i386-win32-vc14-debug:string.obj
 0001:00048310       _pj_strtol                 00449310 f   pjlib-i386-win32-vc14-debug:string.obj
 0001:000483d0       _pj_strtol2                004493d0 f   pjlib-i386-win32-vc14-debug:string.obj
 0001:00048570       _pj_strtoul                00449570 f   pjlib-i386-win32-vc14-debug:string.obj
 0001:000485f0       _pj_strtoul2               004495f0 f   pjlib-i386-win32-vc14-debug:string.obj
 0001:00048720       _pj_strtoul3               00449720 f   pjlib-i386-win32-vc14-debug:string.obj
 0001:00048980       _pj_strtof                 00449980 f   pjlib-i386-win32-vc14-debug:string.obj
 0001:00048af0       _pj_utoa                   00449af0 f   pjlib-i386-win32-vc14-debug:string.obj
 0001:00048b10       _pj_utoa_pad               00449b10 f   pjlib-i386-win32-vc14-debug:string.obj
 0001:00049340       _pj_strerror               0044a340 f   pjlib-i386-win32-vc14-debug:errno.obj
 0001:000494d0       _pj_perror                 0044a4d0 f   pjlib-i386-win32-vc14-debug:errno.obj
 0001:00049510       _pj_register_strerror      0044a510 f   pjlib-i386-win32-vc14-debug:errno.obj
 0001:000496c0       _pj_errno_clear_handlers   0044a6c0 f   pjlib-i386-win32-vc14-debug:errno.obj
 0001:000496e0       _pj_perror_1               0044a6e0 f   pjlib-i386-win32-vc14-debug:errno.obj
 0001:00049710       _pj_perror_2               0044a710 f   pjlib-i386-win32-vc14-debug:errno.obj
 0001:00049740       _pj_perror_3               0044a740 f   pjlib-i386-win32-vc14-debug:errno.obj
 0001:00049770       _pj_perror_4               0044a770 f   pjlib-i386-win32-vc14-debug:errno.obj
 0001:000497a0       _pj_perror_5               0044a7a0 f   pjlib-i386-win32-vc14-debug:errno.obj
 0001:00049b30       _pj_pool_create            0044ab30 f   pjlib-i386-win32-vc14-debug:pool.obj
 0001:00049b60       _pj_pool_release           0044ab60 f   pjlib-i386-win32-vc14-debug:pool.obj
 0001:00049b90       _pj_pool_safe_release      0044ab90 f   pjlib-i386-win32-vc14-debug:pool.obj
 0001:00049bc0       _pj_pool_getobjname        0044abc0 f   pjlib-i386-win32-vc14-debug:pool.obj
 0001:00049bd0       _pj_pool_reset             0044abd0 f   pjlib-i386-win32-vc14-debug:pool.obj
 0001:00049bf0       _pj_pool_get_capacity      0044abf0 f   pjlib-i386-win32-vc14-debug:pool.obj
 0001:00049c00       _pj_pool_get_used_size     0044ac00 f   pjlib-i386-win32-vc14-debug:pool.obj
 0001:00049c50       _pj_pool_alloc             0044ac50 f   pjlib-i386-win32-vc14-debug:pool.obj
 0001:00049c90       _pj_pool_calloc            0044ac90 f   pjlib-i386-win32-vc14-debug:pool.obj
 0001:00049cd0       _pj_pool_alloc_from_block  0044acd0 f   pjlib-i386-win32-vc14-debug:pool.obj
 0001:00049d20       _pj_pool_allocate_find     0044ad20 f   pjlib-i386-win32-vc14-debug:pool.obj
 0001:00049e40       _pj_NO_MEMORY_EXCEPTION    0044ae40 f   pjlib-i386-win32-vc14-debug:pool.obj
 0001:00049e50       _pj_pool_create_int        0044ae50 f   pjlib-i386-win32-vc14-debug:pool.obj
 0001:00049f70       _pj_pool_init_int          0044af70 f   pjlib-i386-win32-vc14-debug:pool.obj
 0001:0004a010       _pj_pool_destroy_int       0044b010 f   pjlib-i386-win32-vc14-debug:pool.obj
 0001:0004a420       _pj_caching_pool_init      0044b420 f   pjlib-i386-win32-vc14-debug:pool_caching.obj
 0001:0004a520       _pj_caching_pool_destroy   0044b520 f   pjlib-i386-win32-vc14-debug:pool_caching.obj
 0001:0004ae20       _pj_log_write              0044be20 f   pjlib-i386-win32-vc14-debug:log_writer_stdout.obj
 0001:0004aee0       _pj_log                    0044bee0 f   pjlib-i386-win32-vc14-debug:log.obj
 0001:0004b720       _pj_log_set_log_func       0044c720 f   pjlib-i386-win32-vc14-debug:log.obj
 0001:0004b730       _pj_log_get_log_func       0044c730 f   pjlib-i386-win32-vc14-debug:log.obj
 0001:0004b740       _pj_log_set_level          0044c740 f   pjlib-i386-win32-vc14-debug:log.obj
 0001:0004b750       _pj_log_get_level          0044c750 f   pjlib-i386-win32-vc14-debug:log.obj
 0001:0004b760       _pj_log_set_decor          0044c760 f   pjlib-i386-win32-vc14-debug:log.obj
 0001:0004b770       _pj_log_get_decor          0044c770 f   pjlib-i386-win32-vc14-debug:log.obj
 0001:0004b780       _pj_log_add_indent         0044c780 f   pjlib-i386-win32-vc14-debug:log.obj
 0001:0004b7a0       _pj_log_push_indent        0044c7a0 f   pjlib-i386-win32-vc14-debug:log.obj
 0001:0004b7b0       _pj_log_pop_indent         0044c7b0 f   pjlib-i386-win32-vc14-debug:log.obj
 0001:0004b7c0       _pj_log_set_color          0044c7c0 f   pjlib-i386-win32-vc14-debug:log.obj
 0001:0004b8b0       _pj_log_get_color          0044c8b0 f   pjlib-i386-win32-vc14-debug:log.obj
 0001:0004b920       _pj_log_init               0044c920 f   pjlib-i386-win32-vc14-debug:log.obj
 0001:0004b9a0       _pj_log_1                  0044c9a0 f   pjlib-i386-win32-vc14-debug:log.obj
 0001:0004b9d0       _pj_log_2                  0044c9d0 f   pjlib-i386-win32-vc14-debug:log.obj
 0001:0004ba00       _pj_log_3                  0044ca00 f   pjlib-i386-win32-vc14-debug:log.obj
 0001:0004ba30       _pj_log_4                  0044ca30 f   pjlib-i386-win32-vc14-debug:log.obj
 0001:0004ba60       _pj_log_5                  0044ca60 f   pjlib-i386-win32-vc14-debug:log.obj
 0001:0004bfc0       _pj_file_open              0044cfc0 f   pjlib-i386-win32-vc14-debug:file_io_win32.obj
 0001:0004c190       _pj_file_close             0044d190 f   pjlib-i386-win32-vc14-debug:file_io_win32.obj
 0001:0004c1f0       _pj_file_write             0044d1f0 f   pjlib-i386-win32-vc14-debug:file_io_win32.obj
 0001:0004c270       _pj_file_read              0044d270 f   pjlib-i386-win32-vc14-debug:file_io_win32.obj
 0001:0004c2f0       _pj_file_setpos            0044d2f0 f   pjlib-i386-win32-vc14-debug:file_io_win32.obj
 0001:0004c3c0       _pj_file_getpos            0044d3c0 f   pjlib-i386-win32-vc14-debug:file_io_win32.obj
 0001:0004c430       _pj_file_flush             0044d430 f   pjlib-i386-win32-vc14-debug:file_io_win32.obj
 0001:0004c6b0       _pj_srand                  0044d6b0 f   pjlib-i386-win32-vc14-debug:rand.obj
 0001:0004c6d0       _pj_rand                   0044d6d0 f   pjlib-i386-win32-vc14-debug:rand.obj
 0001:0004c730       _pj_pool_factory_get_default_policy 0044d730 f   pjlib-i386-win32-vc14-debug:pool_policy_malloc.obj
 0001:0004c860       _pj_ntohs                  0044d860 f   pjlib-i386-win32-vc14-debug:sock_bsd.obj
 0001:0004c870       _pj_htons                  0044d870 f   pjlib-i386-win32-vc14-debug:sock_bsd.obj
 0001:0004c880       _pj_ntohl                  0044d880 f   pjlib-i386-win32-vc14-debug:sock_bsd.obj
 0001:0004c890       _pj_htonl                  0044d890 f   pjlib-i386-win32-vc14-debug:sock_bsd.obj
 0001:0004c8a0       _pj_inet_ntoa              0044d8a0 f   pjlib-i386-win32-vc14-debug:sock_bsd.obj
 0001:0004c8d0       _pj_inet_aton              0044d8d0 f   pjlib-i386-win32-vc14-debug:sock_bsd.obj
 0001:0004c9b0       _pj_inet_pton              0044d9b0 f   pjlib-i386-win32-vc14-debug:sock_bsd.obj
 0001:0004cb90       _pj_inet_ntop              0044db90 f   pjlib-i386-win32-vc14-debug:sock_bsd.obj
 0001:0004cd50       _pj_gethostname            0044dd50 f   pjlib-i386-win32-vc14-debug:sock_bsd.obj
 0001:0004cdd0       _pj_sock_socket            0044ddd0 f   pjlib-i386-win32-vc14-debug:sock_bsd.obj
 0001:0004cee0       _pj_sock_close             0044dee0 f   pjlib-i386-win32-vc14-debug:sock_bsd.obj
 0001:0004cf60       _pj_sock_bind              0044df60 f   pjlib-i386-win32-vc14-debug:sock_bsd.obj
 0001:0004d010       _pj_sock_bind_in           0044e010 f   pjlib-i386-win32-vc14-debug:sock_bsd.obj
 0001:0004d090       _pj_sock_listen            0044e090 f   pjlib-i386-win32-vc14-debug:sock_bsd.obj
 0001:0004d110       _pj_sock_accept            0044e110 f   pjlib-i386-win32-vc14-debug:sock_bsd.obj
 0001:0004d1c0       _pj_sock_connect           0044e1c0 f   pjlib-i386-win32-vc14-debug:sock_bsd.obj
 0001:0004d240       _pj_sock_getpeername       0044e240 f   pjlib-i386-win32-vc14-debug:sock_bsd.obj
 0001:0004d2c0       _pj_sock_getsockname       0044e2c0 f   pjlib-i386-win32-vc14-debug:sock_bsd.obj
 0001:0004d340       _pj_sock_getsockopt        0044e340 f   pjlib-i386-win32-vc14-debug:sock_bsd.obj
 0001:0004d400       _pj_sock_setsockopt        0044e400 f   pjlib-i386-win32-vc14-debug:sock_bsd.obj
 0001:0004d4b0       _pj_sock_setsockopt_params 0044e4b0 f   pjlib-i386-win32-vc14-debug:sock_bsd.obj
 0001:0004d5c0       _pj_sock_recv              0044e5c0 f   pjlib-i386-win32-vc14-debug:sock_bsd.obj
 0001:0004d680       _pj_sock_recvfrom          0044e680 f   pjlib-i386-win32-vc14-debug:sock_bsd.obj
 0001:0004d750       _pj_sock_send              0044e750 f   pjlib-i386-win32-vc14-debug:sock_bsd.obj
 0001:0004d810       _pj_sock_sendto            0044e810 f   pjlib-i386-win32-vc14-debug:sock_bsd.obj
 0001:0004d8d0       _pj_sock_shutdown          0044e8d0 f   pjlib-i386-win32-vc14-debug:sock_bsd.obj
 0001:0004de10       _pj_list_insert_before     0044ee10 f   pjlib-i386-win32-vc14-debug:list.obj
 0001:0004de30       _pj_list_insert_nodes_before 0044ee30 f   pjlib-i386-win32-vc14-debug:list.obj
 0001:0004de50       _pj_list_insert_after      0044ee50 f   pjlib-i386-win32-vc14-debug:list.obj
 0001:0004de80       _pj_list_insert_nodes_after 0044ee80 f   pjlib-i386-win32-vc14-debug:list.obj
 0001:0004dec0       _pj_list_merge_first       0044eec0 f   pjlib-i386-win32-vc14-debug:list.obj
 0001:0004df10       _pj_list_merge_last        0044ef10 f   pjlib-i386-win32-vc14-debug:list.obj
 0001:0004df60       _pj_list_erase             0044ef60 f   pjlib-i386-win32-vc14-debug:list.obj
 0001:0004df90       _pj_list_find_node         0044ef90 f   pjlib-i386-win32-vc14-debug:list.obj
 0001:0004dfe0       _pj_list_search            0044efe0 f   pjlib-i386-win32-vc14-debug:list.obj
 0001:0004e040       _pj_list_size              0044f040 f   pjlib-i386-win32-vc14-debug:list.obj
 0001:0004e170       _pj_get_os_error           0044f170 f   pjlib-i386-win32-vc14-debug:os_error_win32.obj
 0001:0004e1a0       _pj_set_os_error           0044f1a0 f   pjlib-i386-win32-vc14-debug:os_error_win32.obj
 0001:0004e1d0       _pj_get_netos_error        0044f1d0 f   pjlib-i386-win32-vc14-debug:os_error_win32.obj
 0001:0004e200       _pj_set_netos_error        0044f200 f   pjlib-i386-win32-vc14-debug:os_error_win32.obj
 0001:0004e250       _platform_strerror         0044f250 f   pjlib-i386-win32-vc14-debug:os_error_win32.obj
 0001:0004e470       _pj_array_insert           0044f470 f   pjlib-i386-win32-vc14-debug:array.obj
 0001:0004e4d0       _pj_array_erase            0044f4d0 f   pjlib-i386-win32-vc14-debug:array.obj
 0001:0004e530       _pj_array_find             0044f530 f   pjlib-i386-win32-vc14-debug:array.obj
 0001:0004e600       _pj_gettimeofday           0044f600 f   pjlib-i386-win32-vc14-debug:os_time_win32.obj
 0001:0004e6b0       _pj_time_decode            0044f6b0 f   pjlib-i386-win32-vc14-debug:os_time_win32.obj
 0001:0004e780       _pj_time_encode            0044f780 f   pjlib-i386-win32-vc14-debug:os_time_win32.obj
 0001:0004e9e0       _pj_ioqueue_name           0044f9e0 f   pjlib-i386-win32-vc14-debug:ioqueue_select.obj
 0001:0004e9f0       _pj_ioqueue_create         0044f9f0 f   pjlib-i386-win32-vc14-debug:ioqueue_select.obj
 0001:0004ec70       _pj_ioqueue_destroy        0044fc70 f   pjlib-i386-win32-vc14-debug:ioqueue_select.obj
 0001:0004ed70       _pj_ioqueue_set_lock       0044fd70 f   pjlib-i386-win32-vc14-debug:ioqueue_select.obj
 0001:0004ede0       _pj_ioqueue_set_default_concurrency 0044fde0 f   pjlib-i386-win32-vc14-debug:ioqueue_select.obj
 0001:0004ee20       _pj_ioqueue_register_sock  0044fe20 f   pjlib-i386-win32-vc14-debug:ioqueue_select.obj
 0001:0004ee50       _pj_ioqueue_register_sock2 0044fe50 f   pjlib-i386-win32-vc14-debug:ioqueue_select.obj
 0001:0004f070       _pj_ioqueue_unregister     00450070 f   pjlib-i386-win32-vc14-debug:ioqueue_select.obj
 0001:0004f240       _pj_ioqueue_get_user_data  00450240 f   pjlib-i386-win32-vc14-debug:ioqueue_select.obj
 0001:0004f280       _pj_ioqueue_set_user_data  00450280 f   pjlib-i386-win32-vc14-debug:ioqueue_select.obj
 0001:0004f2d0       _pj_ioqueue_set_concurrency 004502d0 f   pjlib-i386-win32-vc14-debug:ioqueue_select.obj
 0001:0004f350       _pj_ioqueue_lock_key       00450350 f   pjlib-i386-win32-vc14-debug:ioqueue_select.obj
 0001:0004f380       _pj_ioqueue_trylock_key    00450380 f   pjlib-i386-win32-vc14-debug:ioqueue_select.obj
 0001:0004f3b0       _pj_ioqueue_unlock_key     004503b0 f   pjlib-i386-win32-vc14-debug:ioqueue_select.obj
 0001:0004f3e0       _pj_ioqueue_op_key_init    004503e0 f   pjlib-i386-win32-vc14-debug:ioqueue_select.obj
 0001:0004f400       _pj_ioqueue_is_pending     00450400 f   pjlib-i386-win32-vc14-debug:ioqueue_select.obj
 0001:0004f430       _pj_ioqueue_post_completion 00450430 f   pjlib-i386-win32-vc14-debug:ioqueue_select.obj
 0001:0004f590       _pj_ioqueue_accept         00450590 f   pjlib-i386-win32-vc14-debug:ioqueue_select.obj
 0001:0004f740       _pj_ioqueue_connect        00450740 f   pjlib-i386-win32-vc14-debug:ioqueue_select.obj
 0001:0004f870       _pj_ioqueue_poll           00450870 f   pjlib-i386-win32-vc14-debug:ioqueue_select.obj
 0001:0004fe20       _pj_ioqueue_recv           00450e20 f   pjlib-i386-win32-vc14-debug:ioqueue_select.obj
 0001:0004ffb0       _pj_ioqueue_recvfrom       00450fb0 f   pjlib-i386-win32-vc14-debug:ioqueue_select.obj
 0001:00050160       _pj_ioqueue_send           00451160 f   pjlib-i386-win32-vc14-debug:ioqueue_select.obj
 0001:00050330       _pj_ioqueue_sendto         00451330 f   pjlib-i386-win32-vc14-debug:ioqueue_select.obj
 0001:00050980       _ioqueue_dispatch_write_event 00451980 f   pjlib-i386-win32-vc14-debug:ioqueue_select.obj
 0001:00050d40       _ioqueue_dispatch_read_event 00451d40 f   pjlib-i386-win32-vc14-debug:ioqueue_select.obj
 0001:00051070       _ioqueue_dispatch_exception_event 00452070 f   pjlib-i386-win32-vc14-debug:ioqueue_select.obj
 0001:00051ee0       _pj_file_exists            00452ee0 f   pjlib-i386-win32-vc14-debug:file_access_win32.obj
 0001:00051f50       _pj_file_size              00452f50 f   pjlib-i386-win32-vc14-debug:file_access_win32.obj
 0001:00051fe0       _pj_file_delete            00452fe0 f   pjlib-i386-win32-vc14-debug:file_access_win32.obj
 0001:00052070       _pj_file_move              00453070 f   pjlib-i386-win32-vc14-debug:file_access_win32.obj
 0001:00052110       _pj_file_getstat           00453110 f   pjlib-i386-win32-vc14-debug:file_access_win32.obj
 0001:000526c0       _pj_exception_id_alloc     004536c0 f   pjlib-i386-win32-vc14-debug:except.obj
 0001:00052720       _pj_exception_id_free      00453720 f   pjlib-i386-win32-vc14-debug:except.obj
 0001:00052780       _pj_exception_id_name      00453780 f   pjlib-i386-win32-vc14-debug:except.obj
 0001:00052800       _pj_throw_exception_       00453800 f   pjlib-i386-win32-vc14-debug:except.obj
 0001:00052880       _pj_push_exception_handler_ 00453880 f   pjlib-i386-win32-vc14-debug:except.obj
 0001:00052900       _pj_pop_exception_handler_ 00453900 f   pjlib-i386-win32-vc14-debug:except.obj
 0001:00052a50       _pj_get_timestamp          00453a50 f   pjlib-i386-win32-vc14-debug:os_timestamp_win32.obj
 0001:00052ac0       _pj_get_timestamp_freq     00453ac0 f   pjlib-i386-win32-vc14-debug:os_timestamp_win32.obj
 0001:00052b60       _pj_lock_create_simple_mutex 00453b60 f   pjlib-i386-win32-vc14-debug:lock.obj
 0001:00052b80       _pj_lock_create_recursive_mutex 00453b80 f   pjlib-i386-win32-vc14-debug:lock.obj
 0001:00052ba0       _pj_lock_create_null_mutex 00453ba0 f   pjlib-i386-win32-vc14-debug:lock.obj
 0001:00052be0       _pj_lock_create_semaphore  00453be0 f   pjlib-i386-win32-vc14-debug:lock.obj
 0001:00052ca0       _pj_lock_acquire           00453ca0 f   pjlib-i386-win32-vc14-debug:lock.obj
 0001:00052cf0       _pj_lock_tryacquire        00453cf0 f   pjlib-i386-win32-vc14-debug:lock.obj
 0001:00052d40       _pj_lock_release           00453d40 f   pjlib-i386-win32-vc14-debug:lock.obj
 0001:00052d90       _pj_lock_destroy           00453d90 f   pjlib-i386-win32-vc14-debug:lock.obj
 0001:00052de0       _pj_grp_lock_config_default 00453de0 f   pjlib-i386-win32-vc14-debug:lock.obj
 0001:00052e00       _pj_grp_lock_create        00453e00 f   pjlib-i386-win32-vc14-debug:lock.obj
 0001:00052f80       _pj_grp_lock_create_w_handler 00453f80 f   pjlib-i386-win32-vc14-debug:lock.obj
 0001:00052fd0       _pj_grp_lock_destroy       00453fd0 f   pjlib-i386-win32-vc14-debug:lock.obj
 0001:00052ff0       _pj_grp_lock_replace       00453ff0 f   pjlib-i386-win32-vc14-debug:lock.obj
 0001:00053080       _pj_grp_lock_acquire       00454080 f   pjlib-i386-win32-vc14-debug:lock.obj
 0001:000530a0       _pj_grp_lock_tryacquire    004540a0 f   pjlib-i386-win32-vc14-debug:lock.obj
 0001:000530c0       _pj_grp_lock_release       004540c0 f   pjlib-i386-win32-vc14-debug:lock.obj
 0001:000530e0       _pj_grp_lock_add_handler   004540e0 f   pjlib-i386-win32-vc14-debug:lock.obj
 0001:00053100       _pj_grp_lock_del_handler   00454100 f   pjlib-i386-win32-vc14-debug:lock.obj
 0001:00053170       _pj_grp_lock_add_ref       00454170 f   pjlib-i386-win32-vc14-debug:lock.obj
 0001:00053190       _pj_grp_lock_dec_ref       00454190 f   pjlib-i386-win32-vc14-debug:lock.obj
 0001:000531b0       _pj_grp_lock_get_ref       004541b0 f   pjlib-i386-win32-vc14-debug:lock.obj
 0001:000531d0       _pj_grp_lock_dump          004541d0 f   pjlib-i386-win32-vc14-debug:lock.obj
 0001:00053210       _pj_grp_lock_chain_lock    00454210 f   pjlib-i386-win32-vc14-debug:lock.obj
 0001:000532d0       _pj_grp_lock_unchain_lock  004542d0 f   pjlib-i386-win32-vc14-debug:lock.obj
 0001:00053cd0       _pj_GUID_STRING_LENGTH     00454cd0 f   pjlib-i386-win32-vc14-debug:guid_win32.obj
 0001:00053ce0       _pj_generate_unique_string 00454ce0 f   pjlib-i386-win32-vc14-debug:guid_win32.obj
 0001:00053e70       _pj_get_version            00454e70 f   pjlib-i386-win32-vc14-debug:config.obj
 0001:00053e80       _pj_dump_config            00454e80 f   pjlib-i386-win32-vc14-debug:config.obj
 0001:000544a0       _pj_enum_ip_interface      004554a0 f   pjlib-i386-win32-vc14-debug:ip_helper_win32.obj
 0001:000545b0       _pj_enum_ip_route          004555b0 f   pjlib-i386-win32-vc14-debug:ip_helper_win32.obj
 0001:000553b0       _pj_gethostbyname          004563b0 f   pjlib-i386-win32-vc14-debug:addr_resolv_sock.obj
 0001:000554d0       _pj_getaddrinfo            004564d0 f   pjlib-i386-win32-vc14-debug:addr_resolv_sock.obj
 0001:00055780       _pj_pool_create_on_buf     00456780 f   pjlib-i386-win32-vc14-debug:pool_buf.obj
 0001:000559b0       _pj_gettickcount           004569b0 f   pjlib-i386-win32-vc14-debug:os_timestamp_common.obj
 0001:00055a00       _pj_elapsed_time           00456a00 f   pjlib-i386-win32-vc14-debug:os_timestamp_common.obj
 0001:00055ab0       _pj_elapsed_msec           00456ab0 f   pjlib-i386-win32-vc14-debug:os_timestamp_common.obj
 0001:00055ae0       _pj_elapsed_msec64         00456ae0 f   pjlib-i386-win32-vc14-debug:os_timestamp_common.obj
 0001:00055b10       _pj_elapsed_usec           00456b10 f   pjlib-i386-win32-vc14-debug:os_timestamp_common.obj
 0001:00055b40       _pj_elapsed_nanosec        00456b40 f   pjlib-i386-win32-vc14-debug:os_timestamp_common.obj
 0001:00055bd0       _pj_elapsed_cycle          00456bd0 f   pjlib-i386-win32-vc14-debug:os_timestamp_common.obj
 0001:00055e30       _PJ_FD_ZERO                00456e30 f   pjlib-i386-win32-vc14-debug:sock_select.obj
 0001:00055e70       _PJ_FD_COUNT               00456e70 f   pjlib-i386-win32-vc14-debug:sock_select.obj
 0001:00055e90       _PJ_FD_SET                 00456e90 f   pjlib-i386-win32-vc14-debug:sock_select.obj
 0001:00055f80       _PJ_FD_CLR                 00456f80 f   pjlib-i386-win32-vc14-debug:sock_select.obj
 0001:00056080       _PJ_FD_ISSET               00457080 f   pjlib-i386-win32-vc14-debug:sock_select.obj
 0001:000560c0       _pj_sock_select            004570c0 f   pjlib-i386-win32-vc14-debug:sock_select.obj
 0001:00056260       _gsm_create                00457260 f   libgsmcodec-i386-win32-vc14-debug:gsm_create.obj
 0001:000562c0       _gsm_destroy               004572c0 f   libgsmcodec-i386-win32-vc14-debug:gsm_destroy.obj
 0001:000562e0       _gsm_encode                004572e0 f   libgsmcodec-i386-win32-vc14-debug:gsm_encode.obj
 0001:00057000       _gsm_decode                00458000 f   libgsmcodec-i386-win32-vc14-debug:gsm_decode.obj
 0001:000580a0       _Gsm_Coder                 004590a0 f   libgsmcodec-i386-win32-vc14-debug:code.obj
 0001:00058390       _Gsm_Decoder               00459390 f   libgsmcodec-i386-win32-vc14-debug:decode.obj
 0001:000586c0       _Gsm_Long_Term_Predictor   004596c0 f   libgsmcodec-i386-win32-vc14-debug:long_term.obj
 0001:000587c0       _Gsm_Long_Term_Synthesis_Filtering 004597c0 f   libgsmcodec-i386-win32-vc14-debug:long_term.obj
 0001:00059ba0       _Gsm_LPC_Analysis          0045aba0 f   libgsmcodec-i386-win32-vc14-debug:lpc.obj
 0001:0005c3b0       _Gsm_Preprocess            0045d3b0 f   libgsmcodec-i386-win32-vc14-debug:preprocess.obj
 0001:0005c810       _Gsm_Short_Term_Analysis_Filter 0045d810 f   libgsmcodec-i386-win32-vc14-debug:short_term.obj
 0001:0005c970       _Gsm_Short_Term_Synthesis_Filter 0045d970 f   libgsmcodec-i386-win32-vc14-debug:short_term.obj
 0001:0005e4e0       _Gsm_RPE_Decoding          0045f4e0 f   libgsmcodec-i386-win32-vc14-debug:rpe.obj
 0001:0005e550       _Gsm_RPE_Encoding          0045f550 f   libgsmcodec-i386-win32-vc14-debug:rpe.obj
 0001:00060440       _gsm_mult                  00461440 f   libgsmcodec-i386-win32-vc14-debug:add.obj
 0001:000604b0       _gsm_L_mult                004614b0 f   libgsmcodec-i386-win32-vc14-debug:add.obj
 0001:000604f0       _gsm_mult_r                004614f0 f   libgsmcodec-i386-win32-vc14-debug:add.obj
 0001:00060540       _gsm_div                   00461540 f   libgsmcodec-i386-win32-vc14-debug:add.obj
 0001:000605f0       _gsm_add                   004615f0 f   libgsmcodec-i386-win32-vc14-debug:add.obj
 0001:00060640       _gsm_L_add                 00461640 f   libgsmcodec-i386-win32-vc14-debug:add.obj
 0001:000606d0       _gsm_sub                   004616d0 f   libgsmcodec-i386-win32-vc14-debug:add.obj
 0001:00060720       _gsm_L_sub                 00461720 f   libgsmcodec-i386-win32-vc14-debug:add.obj
 0001:000607b0       _gsm_abs                   004617b0 f   libgsmcodec-i386-win32-vc14-debug:add.obj
 0001:00060800       _gsm_norm                  00461800 f   libgsmcodec-i386-win32-vc14-debug:add.obj
 0001:000608e0       _gsm_L_asl                 004618e0 f   libgsmcodec-i386-win32-vc14-debug:add.obj
 0001:00060940       _gsm_asl                   00461940 f   libgsmcodec-i386-win32-vc14-debug:add.obj
 0001:000609a0       _gsm_L_asr                 004619a0 f   libgsmcodec-i386-win32-vc14-debug:add.obj
 0001:000609f0       _gsm_asr                   004619f0 f   libgsmcodec-i386-win32-vc14-debug:add.obj
 0001:00060bd0       _initEncode                00461bd0 f   libilbccodec-i386-win32-vc14-debug:iLBC_encode.obj
 0001:00060d10       _iLBC_encode               00461d10 f   libilbccodec-i386-win32-vc14-debug:iLBC_encode.obj
 0001:000626d0       _initDecode                004636d0 f   libilbccodec-i386-win32-vc14-debug:iLBC_decode.obj
 0001:00062920       _Decode                    00463920 f   libilbccodec-i386-win32-vc14-debug:iLBC_decode.obj
 0001:00062ee0       _iLBC_decode               00463ee0 f   libilbccodec-i386-win32-vc14-debug:iLBC_decode.obj
 0001:000641c0       _SimpleAnalysis            004651c0 f   libilbccodec-i386-win32-vc14-debug:LPCencode.obj
 0001:00064390       _LSFinterpolate2a_enc      00465390 f   libilbccodec-i386-win32-vc14-debug:LPCencode.obj
 0001:000643f0       _SimpleInterpolateLSF      004653f0 f   libilbccodec-i386-win32-vc14-debug:LPCencode.obj
 0001:000646e0       _SimplelsfQ                004656e0 f   libilbccodec-i386-win32-vc14-debug:LPCencode.obj
 0001:00064740       _LPCencode                 00465740 f   libilbccodec-i386-win32-vc14-debug:LPCencode.obj
 0001:00064960       _FrameClassify             00465960 f   libilbccodec-i386-win32-vc14-debug:FrameClassify.obj
 0001:00064eb0       _AbsQuantW                 00465eb0 f   libilbccodec-i386-win32-vc14-debug:StateSearchW.obj
 0001:000650e0       _StateSearchW              004660e0 f   libilbccodec-i386-win32-vc14-debug:StateSearchW.obj
 0001:000655d0       _StateConstructW           004665d0 f   libilbccodec-i386-win32-vc14-debug:StateConstructW.obj
 0001:000658b0       _packsplit                 004668b0 f   libilbccodec-i386-win32-vc14-debug:packing.obj
 0001:000658f0       _packcombine               004668f0 f   libilbccodec-i386-win32-vc14-debug:packing.obj
 0001:00065920       _dopack                    00466920 f   libilbccodec-i386-win32-vc14-debug:packing.obj
 0001:00065a10       _unpack                    00466a10 f   libilbccodec-i386-win32-vc14-debug:packing.obj
 0001:00065bc0       _iCBSearch                 00466bc0 f   libilbccodec-i386-win32-vc14-debug:iCBSearch.obj
 0001:000673f0       _index_conv_enc            004683f0 f   libilbccodec-i386-win32-vc14-debug:iCBConstruct.obj
 0001:00067470       _index_conv_dec            00468470 f   libilbccodec-i386-win32-vc14-debug:iCBConstruct.obj
 0001:00067500       _iCBConstruct              00468500 f   libilbccodec-i386-win32-vc14-debug:iCBConstruct.obj
 0001:00067820       _hpInput                   00468820 f   libilbccodec-i386-win32-vc14-debug:hpInput.obj
 0001:00067a70       _anaFilter                 00468a70 f   libilbccodec-i386-win32-vc14-debug:anaFilter.obj
 0001:00067c80       _LSFinterpolate2a_dec      00468c80 f   libilbccodec-i386-win32-vc14-debug:LPCdecode.obj
 0001:00067ce0       _SimplelsfDEQ              00468ce0 f   libilbccodec-i386-win32-vc14-debug:LPCdecode.obj
 0001:00067e50       _DecoderInterpolateLSF     00468e50 f   libilbccodec-i386-win32-vc14-debug:LPCdecode.obj
 0001:00068180       _compCorr                  00469180 f   libilbccodec-i386-win32-vc14-debug:doCPLC.obj
 0001:00068380       _doThePLC                  00469380 f   libilbccodec-i386-win32-vc14-debug:doCPLC.obj
 0001:00068c30       _autocorr                  00469c30 f   libilbccodec-i386-win32-vc14-debug:helpfun.obj
 0001:00068cc0       _window                    00469cc0 f   libilbccodec-i386-win32-vc14-debug:helpfun.obj
 0001:00068d10       _levdurb                   00469d10 f   libilbccodec-i386-win32-vc14-debug:helpfun.obj
 0001:00068f80       _interpolate               00469f80 f   libilbccodec-i386-win32-vc14-debug:helpfun.obj
 0001:00068ff0       _bwexpand                  00469ff0 f   libilbccodec-i386-win32-vc14-debug:helpfun.obj
 0001:00069070       _vq                        0046a070 f   libilbccodec-i386-win32-vc14-debug:helpfun.obj
 0001:000691a0       _SplitVQ                   0046a1a0 f   libilbccodec-i386-win32-vc14-debug:helpfun.obj
 0001:00069250       _sort_sq                   0046a250 f   libilbccodec-i386-win32-vc14-debug:helpfun.obj
 0001:00069320       _LSF_check                 0046a320 f   libilbccodec-i386-win32-vc14-debug:helpfun.obj
 0001:00069700       _NearestNeighbor           0046a700 f   libilbccodec-i386-win32-vc14-debug:enhancer.obj
 0001:000697a0       _mycorr1                   0046a7a0 f   libilbccodec-i386-win32-vc14-debug:enhancer.obj
 0001:00069830       _enh_upsample              0046a830 f   libilbccodec-i386-win32-vc14-debug:enhancer.obj
 0001:00069b30       _refiner                   0046ab30 f   libilbccodec-i386-win32-vc14-debug:enhancer.obj
 0001:00069e30       _smath                     0046ae30 f   libilbccodec-i386-win32-vc14-debug:enhancer.obj
 0001:0006a470       _getsseq                   0046b470 f   libilbccodec-i386-win32-vc14-debug:enhancer.obj
 0001:0006a7e0       _enhancer                  0046b7e0 f   libilbccodec-i386-win32-vc14-debug:enhancer.obj
 0001:0006a850       _xCorrCoef                 0046b850 f   libilbccodec-i386-win32-vc14-debug:enhancer.obj
 0001:0006a900       _enhancerInterface         0046b900 f   libilbccodec-i386-win32-vc14-debug:enhancer.obj
 0001:0006b8f0       _hpOutput                  0046c8f0 f   libilbccodec-i386-win32-vc14-debug:hpOutput.obj
 0001:0006bb40       _syntFilter                0046cb40 f   libilbccodec-i386-win32-vc14-debug:syntFilter.obj
 0001:0006bd50       _a2lsf                     0046cd50 f   libilbccodec-i386-win32-vc14-debug:lsf.obj
 0001:0006c380       _lsf2a                     0046d380 f   libilbccodec-i386-win32-vc14-debug:lsf.obj
 0001:0006cc50       _AllPoleFilter             0046dc50 f   libilbccodec-i386-win32-vc14-debug:filter.obj
 0001:0006ccd0       _AllZeroFilter             0046dcd0 f   libilbccodec-i386-win32-vc14-debug:filter.obj
 0001:0006cd80       _ZeroPoleFilter            0046dd80 f   libilbccodec-i386-win32-vc14-debug:filter.obj
 0001:0006cdc0       _DownSample                0046ddc0 f   libilbccodec-i386-win32-vc14-debug:filter.obj
 0001:0006d100       _gainquant                 0046e100 f   libilbccodec-i386-win32-vc14-debug:gainquant.obj
 0001:0006d200       _gaindequant               0046e200 f   libilbccodec-i386-win32-vc14-debug:gainquant.obj
 0001:0006d320       _filteredCBvecs            0046e320 f   libilbccodec-i386-win32-vc14-debug:createCB.obj
 0001:0006d480       _searchAugmentedCB         0046e480 f   libilbccodec-i386-win32-vc14-debug:createCB.obj
 0001:0006d810       _createAugmentedVec        0046e810 f   libilbccodec-i386-win32-vc14-debug:createCB.obj
 0001:0006dab0       _getCBvec                  0046eab0 f   libilbccodec-i386-win32-vc14-debug:getCBvec.obj
 0001:0006e2f0       _speex_bits_init           0046f2f0 f   libspeex-i386-win32-vc14-debug:bits.obj
 0001:0006e340       _speex_bits_init_buffer    0046f340 f   libspeex-i386-win32-vc14-debug:bits.obj
 0001:0006e370       _speex_bits_set_bit_buffer 0046f370 f   libspeex-i386-win32-vc14-debug:bits.obj
 0001:0006e3c0       _speex_bits_destroy        0046f3c0 f   libspeex-i386-win32-vc14-debug:bits.obj
 0001:0006e3e0       _speex_bits_reset          0046f3e0 f   libspeex-i386-win32-vc14-debug:bits.obj
 0001:0006e420       _speex_bits_rewind         0046f420 f   libspeex-i386-win32-vc14-debug:bits.obj
 0001:0006e450       _speex_bits_read_from      0046f450 f   libspeex-i386-win32-vc14-debug:bits.obj
 0001:0006e570       _speex_bits_read_whole_bytes 0046f570 f   libspeex-i386-win32-vc14-debug:bits.obj
 0001:0006e6c0       _speex_bits_write          0046f6c0 f   libspeex-i386-win32-vc14-debug:bits.obj
 0001:0006e770       _speex_bits_write_whole_bytes 0046f770 f   libspeex-i386-win32-vc14-debug:bits.obj
 0001:0006e820       _speex_bits_pack           0046f820 f   libspeex-i386-win32-vc14-debug:bits.obj
 0001:0006e9b0       _speex_bits_unpack_signed  0046f9b0 f   libspeex-i386-win32-vc14-debug:bits.obj
 0001:0006e9f0       _speex_bits_unpack_unsigned 0046f9f0 f   libspeex-i386-win32-vc14-debug:bits.obj
 0001:0006eab0       _speex_bits_nbytes         0046fab0 f   libspeex-i386-win32-vc14-debug:bits.obj
 0001:0006ead0       _speex_bits_peek_unsigned  0046fad0 f   libspeex-i386-win32-vc14-debug:bits.obj
 0001:0006eb90       _speex_bits_peek           0046fb90 f   libspeex-i386-win32-vc14-debug:bits.obj
 0001:0006ebf0       _speex_bits_advance        0046fbf0 f   libspeex-i386-win32-vc14-debug:bits.obj
 0001:0006ec50       _speex_bits_remaining      0046fc50 f   libspeex-i386-win32-vc14-debug:bits.obj
 0001:0006ec80       _speex_bits_insert_terminator 0046fc80 f   libspeex-i386-win32-vc14-debug:bits.obj
 0001:0006f090       _fprintf                   00470090 f i libspeex-i386-win32-vc14-debug:bits.obj
[...]
 0003:00034365       ?fGetTemplateArgumentList@UnDecorator@@0_NA 005ba365     libvcruntimed:undname.obj
 0003:00034368       ?m_pGetParameter@UnDecorator@@0P6APADJ@ZA 005ba368     libvcruntimed:undname.obj
 0003:000343f0       ?nodes@?1??make@DNameStatusNode@@SAPAV2@W4DNameStatus@@@Z@4PAV2@A 005ba3f0     libvcruntimed:undname.obj
 0003:0003442c       ??_B?1??make@DNameStatusNode@@SAPAV1@W4DNameStatus@@@Z@51 005ba42c     libvcruntimed:undname.obj
 0003:00034430       __nstream                  005ba430     libucrtd:_file.obj
 0003:00034434       ___piob                    005ba434     libucrtd:_file.obj
 0003:0003443c       __cflush                   005ba43c     libucrtd:_file.obj
 0003:00034f84       __environ_table            005baf84     libucrtd:environment_initialization.obj
 0003:00034f88       __wenviron_table           005baf88     libucrtd:environment_initialization.obj
 0003:00034f90       ___dcrt_initial_wide_environment 005baf90     libucrtd:environment_initialization.obj
 0003:00034f94       ___dcrt_initial_narrow_environment 005baf94     libucrtd:environment_initialization.obj
 0003:00034f98       ___argc                    005baf98     libucrtd:argv_data.obj
 0003:00034f9c       ___argv                    005baf9c     libucrtd:argv_data.obj
 0003:00034fa0       ___wargv                   005bafa0     libucrtd:argv_data.obj
 0003:00034fa4       __acmdln                   005bafa4     libucrtd:argv_data.obj
 0003:00034fa8       __wcmdln                   005bafa8     libucrtd:argv_data.obj
 0003:00034fac       __pgmptr                   005bafac     libucrtd:argv_data.obj
 0003:00034fb0       __wpgmptr                  005bafb0     libucrtd:argv_data.obj
 0003:00034fb4       ___acrt_locale_changed_data 005bafb4     libucrtd:wsetlocale.obj
 0003:00034fbc       __commode                  005bafbc     libucrtd:ncommode.obj
 0003:00034fc0       ___acrt_atexit_table       005bafc0     libucrtd:onexit.obj
 0003:00034fd0       ___acrt_at_quick_exit_table 005bafd0     libucrtd:onexit.obj
 0003:00034ffc       __pfnDumpClient            005baffc     libucrtd:debug_heap.obj
 0003:00035110       ___pioinfo                 005bb110     libucrtd:ioinit.obj
 0003:00035378       __nhandle                  005bb378     libucrtd:ioinit.obj
 0003:0003537c       ___acrt_stdout_buffer      005bb37c     libucrtd:_sftbuf.obj
 0003:00035380       ___acrt_stderr_buffer      005bb380     libucrtd:_sftbuf.obj
 0003:00035388       ___acrt_current_locale_data 005bb388     libucrtd:nlsdata.obj
 0003:000353a8       ___fastflag                005bb3a8     libucrtd:fp_flags.obj
 0003:00035530       ___mbcodepage              005bb530     libucrtd:mbctype.obj
 0003:00035534       ___ismbcodepage            005bb534     libucrtd:mbctype.obj
 0003:00035538       ___mbulinfo                005bb538     libucrtd:mbctype.obj
 0003:0003554c       ___mblocalename            005bb54c     libucrtd:mbctype.obj
 0003:00035554       __fmode                    005bb554     libucrtd:txtmode.obj
 0003:00035558       ___acrt_lconv_static_null  005bb558     libucrtd:localeconv.obj
 0003:0003555c       ___acrt_lconv_static_W_null 005bb55c     libucrtd:localeconv.obj
 0003:00035560       ___acrt_heap               005bb560     libucrtd:heap_handle.obj
 0003:00035568       __pReportHookListW         005bb568     libucrtd:dbgrptt.obj
 0003:0003556c       __pfnReportHook            005bb56c     libucrtd:dbgrptt.obj
 0003:00035570       __pReportHookList          005bb570     libucrtd:dbgrptt.obj
 0003:00035578       ?g_OutOfMemoryExceptionCallback@@3P6GPAXXZA 005bb578     libvcruntimed:frame.obj
 0003:00035580       ?_OptionsStorage@?1??__local_stdio_printf_options@@9@9 005bb580     <common>
 0003:00035594       _PJ_NO_MEMORY_EXCEPTION    005bb594     <common>
 0003:000355a0       _bit_string                005bb5a0     <common>
 0003:00035a78       ?_OptionsStorage@?1??__local_stdio_scanf_options@@9@9 005bba78     <common>
 0003:00035a8c       ___scrt_ucrt_dll_is_in_use 005bba8c     <common>
 0003:00035a98       ___dyn_tls_dtor_callback   005bba98     <common>
 0003:00035aa4       ___dyn_tls_init_callback   005bbaa4     <common>
 0003:00035ab0       __setjmpexused             005bbab0     <common>
 0003:00035abc       __pmatherr                 005bbabc     <common>
 0003:00035ac8       ___use_sse2_mathfcns       005bbac8     <common>
 0004:00000000       __imp__SystemFunction036@8 005bc000     advapi32:ADVAPI32.dll
 0004:00000004       \177ADVAPI32_NULL_THUNK_DATA 005bc004     advapi32:ADVAPI32.dll
 0004:00000030       __imp__SetFilePointerEx@20 005bc030     kernel32:KERNEL32.dll
 0004:00000034       __imp__GetConsoleMode@8    005bc034     kernel32:KERNEL32.dll
 0004:00000038       __imp__GetConsoleCP@0      005bc038     kernel32:KERNEL32.dll
 0004:0000003c       __imp__HeapQueryInformation@20 005bc03c     kernel32:KERNEL32.dll
 0004:00000040       __imp__HeapSize@12         005bc040     kernel32:KERNEL32.dll
 0004:00000044       __imp__HeapReAlloc@16      005bc044     kernel32:KERNEL32.dll
 0004:00000048       __imp__HeapFree@12         005bc048     kernel32:KERNEL32.dll
 0004:0000004c       __imp__GetProcessHeap@0    005bc04c     kernel32:KERNEL32.dll
 0004:00000050       __imp__SetStdHandle@8      005bc050     kernel32:KERNEL32.dll
 0004:00000054       __imp__SetEnvironmentVariableW@8 005bc054     kernel32:KERNEL32.dll
 0004:00000058       __imp__SetEnvironmentVariableA@8 005bc058     kernel32:KERNEL32.dll
 0004:0000005c       __imp__FreeEnvironmentStringsW@4 005bc05c     kernel32:KERNEL32.dll
 0004:00000060       __imp__GetEnvironmentStringsW@0 005bc060     kernel32:KERNEL32.dll
 0004:00000064       __imp__GetCPInfo@8         005bc064     kernel32:KERNEL32.dll
 0004:00000068       __imp__GetOEMCP@0          005bc068     kernel32:KERNEL32.dll
 0004:0000006c       __imp__IsValidCodePage@4   005bc06c     kernel32:KERNEL32.dll
 0004:00000070       __imp__FindNextFileW@8     005bc070     kernel32:KERNEL32.dll
 0004:00000074       __imp__FindNextFileA@8     005bc074     kernel32:KERNEL32.dll
 0004:00000078       __imp__FindFirstFileExW@24 005bc078     kernel32:KERNEL32.dll
 0004:0000007c       __imp__FindFirstFileExA@24 005bc07c     kernel32:KERNEL32.dll
 0004:00000080       __imp__FindClose@4         005bc080     kernel32:KERNEL32.dll
 0004:00000084       __imp__DecodePointer@4     005bc084     kernel32:KERNEL32.dll
 0004:00000088       __imp__EncodePointer@4     005bc088     kernel32:KERNEL32.dll
 0004:0000008c       __imp__SetConsoleCtrlHandler@8 005bc08c     kernel32:KERNEL32.dll
 0004:00000090       __imp__WaitForSingleObjectEx@12 005bc090     kernel32:KERNEL32.dll
 0004:00000094       __imp__OutputDebugStringW@4 005bc094     kernel32:KERNEL32.dll
 0004:00000098       __imp__OutputDebugStringA@4 005bc098     kernel32:KERNEL32.dll
 0004:0000009c       __imp__ReadConsoleW@20     005bc09c     kernel32:KERNEL32.dll
 0004:000000a0       __imp__EnumSystemLocalesW@8 005bc0a0     kernel32:KERNEL32.dll
 0004:000000a4       __imp__GetUserDefaultLCID@0 005bc0a4     kernel32:KERNEL32.dll
 0004:000000a8       __imp__IsValidLocale@8     005bc0a8     kernel32:KERNEL32.dll
 0004:000000ac       __imp__GetLocaleInfoW@16   005bc0ac     kernel32:KERNEL32.dll
 0004:000000b0       __imp__LCMapStringW@24     005bc0b0     kernel32:KERNEL32.dll
 0004:000000b4       __imp__CompareStringW@24   005bc0b4     kernel32:KERNEL32.dll
 0004:000000b8       __imp__GetTimeFormatW@24   005bc0b8     kernel32:KERNEL32.dll
 0004:000000bc       __imp__GetDateFormatW@24   005bc0bc     kernel32:KERNEL32.dll
 0004:000000c0       __imp__GetSystemInfo@4     005bc0c0     kernel32:KERNEL32.dll
 0004:000000c4       __imp__HeapValidate@12     005bc0c4     kernel32:KERNEL32.dll
 0004:000000c8       __imp__HeapAlloc@12        005bc0c8     kernel32:KERNEL32.dll
 0004:000000cc       __imp__RaiseException@16   005bc0cc     kernel32:KERNEL32.dll
 0004:000000d0       __imp__GetACP@0            005bc0d0     kernel32:KERNEL32.dll
 0004:000000d4       __imp__GetCommandLineW@0   005bc0d4     kernel32:KERNEL32.dll
 0004:000000d8       __imp__GetCommandLineA@0   005bc0d8     kernel32:KERNEL32.dll
 0004:000000dc       __imp__WideCharToMultiByte@32 005bc0dc     kernel32:KERNEL32.dll
 0004:000000e0       __imp__MultiByteToWideChar@24 005bc0e0     kernel32:KERNEL32.dll
 0004:000000e4       __imp__ExitProcess@4       005bc0e4     kernel32:KERNEL32.dll
 0004:000000e8       __imp__WriteConsoleW@20    005bc0e8     kernel32:KERNEL32.dll
 0004:000000ec       __imp__GetModuleHandleExW@12 005bc0ec     kernel32:KERNEL32.dll
 0004:000000f0       __imp__GetModuleFileNameA@12 005bc0f0     kernel32:KERNEL32.dll
 0004:000000f4       __imp__GetFileType@4       005bc0f4     kernel32:KERNEL32.dll
 0004:000000f8       __imp__LoadLibraryExW@12   005bc0f8     kernel32:KERNEL32.dll
 0004:000000fc       __imp__InitializeCriticalSectionAndSpinCount@8 005bc0fc     kernel32:KERNEL32.dll
 0004:00000100       __imp__RtlUnwind@16        005bc100     kernel32:KERNEL32.dll
 0004:00000104       __imp__InterlockedFlushSList@4 005bc104     kernel32:KERNEL32.dll
 0004:00000108       __imp__InterlockedPushEntrySList@8 005bc108     kernel32:KERNEL32.dll
 0004:0000010c       __imp__GetModuleFileNameW@12 005bc10c     kernel32:KERNEL32.dll
 0004:00000110       __imp__GetStringTypeW@16   005bc110     kernel32:KERNEL32.dll
 0004:00000114       __imp__CreateFileA@28      005bc114     kernel32:KERNEL32.dll
 0004:00000118       __imp__CloseHandle@4       005bc118     kernel32:KERNEL32.dll
 0004:0000011c       __imp__SetEvent@4          005bc11c     kernel32:KERNEL32.dll
 0004:00000120       __imp__CreateEventA@16     005bc120     kernel32:KERNEL32.dll
 0004:00000124       __imp__GetCurrentThread@0  005bc124     kernel32:KERNEL32.dll
 0004:00000128       __imp__SetThreadPriority@8 005bc128     kernel32:KERNEL32.dll
 0004:0000012c       __imp__WaitForMultipleObjects@16 005bc12c     kernel32:KERNEL32.dll
 0004:00000130       __imp__GetStdHandle@4      005bc130     kernel32:KERNEL32.dll
 0004:00000134       __imp__GetLastError@0      005bc134     kernel32:KERNEL32.dll
 0004:00000138       __imp__InitializeCriticalSection@4 005bc138     kernel32:KERNEL32.dll
 0004:0000013c       __imp__EnterCriticalSection@4 005bc13c     kernel32:KERNEL32.dll
 0004:00000140       __imp__LeaveCriticalSection@4 005bc140     kernel32:KERNEL32.dll
 0004:00000144       __imp__TryEnterCriticalSection@4 005bc144     kernel32:KERNEL32.dll
 0004:00000148       __imp__DeleteCriticalSection@4 005bc148     kernel32:KERNEL32.dll
 0004:0000014c       __imp__ResetEvent@4        005bc14c     kernel32:KERNEL32.dll
 0004:00000150       __imp__ReleaseSemaphore@12 005bc150     kernel32:KERNEL32.dll
 0004:00000154       __imp__WaitForSingleObject@8 005bc154     kernel32:KERNEL32.dll
 0004:00000158       __imp__Sleep@4             005bc158     kernel32:KERNEL32.dll
 0004:0000015c       __imp__GetCurrentProcessId@0 005bc15c     kernel32:KERNEL32.dll
 0004:00000160       __imp__CreateThread@24     005bc160     kernel32:KERNEL32.dll
 0004:00000164       __imp__GetCurrentThreadId@0 005bc164     kernel32:KERNEL32.dll
 0004:00000168       __imp__GetThreadPriority@4 005bc168     kernel32:KERNEL32.dll
 0004:0000016c       __imp__ResumeThread@4      005bc16c     kernel32:KERNEL32.dll
 0004:00000170       __imp__TlsAlloc@0          005bc170     kernel32:KERNEL32.dll
 0004:00000174       __imp__TlsGetValue@4       005bc174     kernel32:KERNEL32.dll
 0004:00000178       __imp__TlsSetValue@8       005bc178     kernel32:KERNEL32.dll
 0004:0000017c       __imp__TlsFree@4           005bc17c     kernel32:KERNEL32.dll
 0004:00000180       __imp__PulseEvent@4        005bc180     kernel32:KERNEL32.dll
 0004:00000184       __imp__CreateSemaphoreA@16 005bc184     kernel32:KERNEL32.dll
 0004:00000188       __imp__GetConsoleScreenBufferInfo@8 005bc188     kernel32:KERNEL32.dll
 0004:0000018c       __imp__SetConsoleTextAttribute@8 005bc18c     kernel32:KERNEL32.dll
 0004:00000190       __imp__CreateFileW@28      005bc190     kernel32:KERNEL32.dll
 0004:00000194       __imp__FlushFileBuffers@4  005bc194     kernel32:KERNEL32.dll
 0004:00000198       __imp__ReadFile@20         005bc198     kernel32:KERNEL32.dll
 0004:0000019c       __imp__SetFilePointer@16   005bc19c     kernel32:KERNEL32.dll
 0004:000001a0       __imp__WriteFile@20        005bc1a0     kernel32:KERNEL32.dll
 0004:000001a4       __imp__SetLastError@4      005bc1a4     kernel32:KERNEL32.dll
 0004:000001a8       __imp__FormatMessageA@28   005bc1a8     kernel32:KERNEL32.dll
 0004:000001ac       __imp__GetLocalTime@4      005bc1ac     kernel32:KERNEL32.dll
 0004:000001b0       __imp__FileTimeToSystemTime@8 005bc1b0     kernel32:KERNEL32.dll
 0004:000001b4       __imp__SystemTimeToFileTime@8 005bc1b4     kernel32:KERNEL32.dll
 0004:000001b8       __imp__DeleteFileA@4       005bc1b8     kernel32:KERNEL32.dll
 0004:000001bc       __imp__FileTimeToLocalFileTime@8 005bc1bc     kernel32:KERNEL32.dll
 0004:000001c0       __imp__GetFileSize@8       005bc1c0     kernel32:KERNEL32.dll
 0004:000001c4       __imp__GetFileTime@16      005bc1c4     kernel32:KERNEL32.dll
 0004:000001c8       __imp__MoveFileExA@12      005bc1c8     kernel32:KERNEL32.dll
 0004:000001cc       __imp__QueryPerformanceCounter@4 005bc1cc     kernel32:KERNEL32.dll
 0004:000001d0       __imp__QueryPerformanceFrequency@4 005bc1d0     kernel32:KERNEL32.dll
 0004:000001d4       __imp__FreeLibrary@4       005bc1d4     kernel32:KERNEL32.dll
 0004:000001d8       __imp__GetProcAddress@8    005bc1d8     kernel32:KERNEL32.dll
 0004:000001dc       __imp__LoadLibraryA@4      005bc1dc     kernel32:KERNEL32.dll
 0004:000001e0       __imp__UnhandledExceptionFilter@4 005bc1e0     kernel32:KERNEL32.dll
 0004:000001e4       __imp__SetUnhandledExceptionFilter@4 005bc1e4     kernel32:KERNEL32.dll
 0004:000001e8       __imp__GetCurrentProcess@0 005bc1e8     kernel32:KERNEL32.dll
 0004:000001ec       __imp__TerminateProcess@8  005bc1ec     kernel32:KERNEL32.dll
 0004:000001f0       __imp__IsProcessorFeaturePresent@4 005bc1f0     kernel32:KERNEL32.dll
 0004:000001f4       __imp__GetSystemTimeAsFileTime@4 005bc1f4     kernel32:KERNEL32.dll
 0004:000001f8       __imp__InitializeSListHead@4 005bc1f8     kernel32:KERNEL32.dll
 0004:000001fc       __imp__IsDebuggerPresent@0 005bc1fc     kernel32:KERNEL32.dll
 0004:00000200       __imp__GetStartupInfoW@4   005bc200     kernel32:KERNEL32.dll
 0004:00000204       __imp__GetModuleHandleW@4  005bc204     kernel32:KERNEL32.dll
 0004:00000208       \177KERNEL32_NULL_THUNK_DATA 005bc208     kernel32:KERNEL32.dll
 0004:00000290       __imp__waveInReset@4       005bc290     winmm:WINMM.dll
 0004:00000294       __imp__waveInStop@4        005bc294     winmm:WINMM.dll
 0004:00000298       __imp__waveInStart@4       005bc298     winmm:WINMM.dll
 0004:0000029c       __imp__waveInAddBuffer@12  005bc29c     winmm:WINMM.dll
 0004:000002a0       __imp__waveInUnprepareHeader@12 005bc2a0     winmm:WINMM.dll
 0004:000002a4       __imp__waveInPrepareHeader@12 005bc2a4     winmm:WINMM.dll
 0004:000002a8       __imp__waveInClose@4       005bc2a8     winmm:WINMM.dll
 0004:000002ac       __imp__waveInOpen@24       005bc2ac     winmm:WINMM.dll
 0004:000002b0       __imp__waveInGetDevCapsA@12 005bc2b0     winmm:WINMM.dll
 0004:000002b4       __imp__waveInGetNumDevs@0  005bc2b4     winmm:WINMM.dll
 0004:000002b8       __imp__waveOutReset@4      005bc2b8     winmm:WINMM.dll
 0004:000002bc       __imp__waveOutRestart@4    005bc2bc     winmm:WINMM.dll
 0004:000002c0       __imp__waveOutPause@4      005bc2c0     winmm:WINMM.dll
 0004:000002c4       __imp__waveOutWrite@12     005bc2c4     winmm:WINMM.dll
 0004:000002c8       __imp__waveOutUnprepareHeader@12 005bc2c8     winmm:WINMM.dll
 0004:000002cc       __imp__waveOutPrepareHeader@12 005bc2cc     winmm:WINMM.dll
 0004:000002d0       __imp__waveOutClose@4      005bc2d0     winmm:WINMM.dll
 0004:000002d4       __imp__waveOutOpen@24      005bc2d4     winmm:WINMM.dll
 0004:000002d8       __imp__waveOutSetVolume@8  005bc2d8     winmm:WINMM.dll
 0004:000002dc       __imp__waveOutGetVolume@8  005bc2dc     winmm:WINMM.dll
 0004:000002e0       __imp__waveOutGetDevCapsA@12 005bc2e0     winmm:WINMM.dll
 0004:000002e4       __imp__waveOutGetNumDevs@0 005bc2e4     winmm:WINMM.dll
 0004:000002e8       __imp__waveInGetErrorTextA@12 005bc2e8     winmm:WINMM.dll
 0004:000002ec       __imp__waveOutGetErrorTextA@12 005bc2ec     winmm:WINMM.dll
 0004:000002f0       \177WINMM_NULL_THUNK_DATA  005bc2f0     winmm:WINMM.dll
 0004:0000032c       __imp__select@20           005bc32c     ws2_32:WS2_32.dll
 0004:00000330       __imp____WSAFDIsSet@8      005bc330     ws2_32:WS2_32.dll
 0004:00000334       __imp__gethostbyname@4     005bc334     ws2_32:WS2_32.dll
 0004:00000338       __imp__ioctlsocket@12      005bc338     ws2_32:WS2_32.dll
 0004:0000033c       __imp__WSASetLastError@4   005bc33c     ws2_32:WS2_32.dll
 0004:00000340       __imp__WSAStringToAddressA@20 005bc340     ws2_32:WS2_32.dll
 0004:00000344       __imp__WSAAddressToStringA@20 005bc344     ws2_32:WS2_32.dll
 0004:00000348       __imp__WSASocketA@24       005bc348     ws2_32:WS2_32.dll
 0004:0000034c       __imp__WSAIoctl@36         005bc34c     ws2_32:WS2_32.dll
 0004:00000350       __imp__gethostname@8       005bc350     ws2_32:WS2_32.dll
 0004:00000354       __imp__shutdown@8          005bc354     ws2_32:WS2_32.dll
 0004:00000358       __imp__setsockopt@20       005bc358     ws2_32:WS2_32.dll
 0004:0000035c       __imp__sendto@24           005bc35c     ws2_32:WS2_32.dll
 0004:00000360       __imp__send@16             005bc360     ws2_32:WS2_32.dll
 0004:00000364       __imp__recvfrom@24         005bc364     ws2_32:WS2_32.dll
 0004:00000368       __imp__recv@16             005bc368     ws2_32:WS2_32.dll
 0004:0000036c       __imp__ntohs@4             005bc36c     ws2_32:WS2_32.dll
 0004:00000370       __imp__ntohl@4             005bc370     ws2_32:WS2_32.dll
 0004:00000374       __imp__listen@8            005bc374     ws2_32:WS2_32.dll
 0004:00000378       __imp__inet_ntoa@4         005bc378     ws2_32:WS2_32.dll
 0004:0000037c       __imp__inet_addr@4         005bc37c     ws2_32:WS2_32.dll
 0004:00000380       __imp__htons@4             005bc380     ws2_32:WS2_32.dll
 0004:00000384       __imp__htonl@4             005bc384     ws2_32:WS2_32.dll
 0004:00000388       __imp__getsockopt@20       005bc388     ws2_32:WS2_32.dll
 0004:0000038c       __imp__getsockname@12      005bc38c     ws2_32:WS2_32.dll
 0004:00000390       __imp__getpeername@12      005bc390     ws2_32:WS2_32.dll
 0004:00000394       __imp__connect@12          005bc394     ws2_32:WS2_32.dll
 0004:00000398       __imp__closesocket@4       005bc398     ws2_32:WS2_32.dll
 0004:0000039c       __imp__bind@12             005bc39c     ws2_32:WS2_32.dll
 0004:000003a0       __imp__accept@12           005bc3a0     ws2_32:WS2_32.dll
 0004:000003a4       __imp__WSAGetLastError@0   005bc3a4     ws2_32:WS2_32.dll
 0004:000003a8       __imp__WSACleanup@0        005bc3a8     ws2_32:WS2_32.dll
 0004:000003ac       __imp__WSAStartup@8        005bc3ac     ws2_32:WS2_32.dll
 0004:000003b0       \177WS2_32_NULL_THUNK_DATA 005bc3b0     ws2_32:WS2_32.dll
 0004:000003f4       __imp__CoCreateGuid@4      005bc3f4     ole32:ole32.dll
 0004:000003f8       \177ole32_NULL_THUNK_DATA  005bc3f8     ole32:ole32.dll
 0004:00000424       __IMPORT_DESCRIPTOR_ole32  005bc424     ole32:ole32.dll
 0004:00000438       __IMPORT_DESCRIPTOR_WS2_32 005bc438     ws2_32:WS2_32.dll
 0004:0000044c       __IMPORT_DESCRIPTOR_WINMM  005bc44c     winmm:WINMM.dll
 0004:00000460       __IMPORT_DESCRIPTOR_KERNEL32 005bc460     kernel32:KERNEL32.dll
 0004:00000474       __IMPORT_DESCRIPTOR_ADVAPI32 005bc474     advapi32:ADVAPI32.dll
 0004:00000488       __NULL_IMPORT_DESCRIPTOR   005bc488     ole32:ole32.dll
 0005:00000000       ___guard_check_icall_fptr  005be000     LIBCMTD:guard_support.obj
