 simpleua

 Timestamp is 5ba465de (Fri Sep 21 11:30:38 2018)

 Preferred load address is 00400000

 Start         Length     Name                   Class
 0001:00000000 0000a7bdH .text                   CODE
 0001:0000a7c0 0015f5e1H .text$mn                CODE
 0001:00169db0 000010e8H .text$x                 CODE
 0002:00000000 00000104H .CRT$XCA                DATA
 0002:00000104 00000104H .CRT$XCAA               DATA
 0002:00000208 00000104H .CRT$XCZ                DATA
 0002:0000030c 00000104H .CRT$XIA                DATA
 0002:00000410 00000104H .CRT$XIAA               DATA
 0002:00000514 00000104H .CRT$XIAC               DATA
 0002:00000618 00000113H .CRT$XIC                DATA
 0002:0000072c 00000104H .CRT$XIZ                DATA
 0002:00000830 00000104H .CRT$XPA                DATA
 0002:00000934 00000109H .CRT$XPX                DATA
 0002:00000a40 00000104H .CRT$XPXA               DATA
 0002:00000b44 00000104H .CRT$XPZ                DATA
 0002:00000c48 00000104H .CRT$XTA                DATA
 0002:00000d4c 00000104H .CRT$XTZ                DATA
 0002:00000e50 0003a441H .rdata                  DATA
 0002:0003b294 00000443H .rdata$r                DATA
 0002:0003b6e0 0000012bH .rdata$sxdata           DATA
 0002:0003b810 00000113H .rdata$zETW0            DATA
 0002:0003b923 0000018eH .rdata$zETW1            DATA
 0002:0003bab1 00000134H .rdata$zETW2            DATA
 0002:0003bbe5 00000101H .rdata$zETW9            DATA
 0002:0003bce8 000001acH .rdata$zzzdbg           DATA
 0002:0003be94 00000104H .rtc$IAA                DATA
 0002:0003bf98 00000104H .rtc$IZZ                DATA
 0002:0003c09c 00000104H .rtc$TAA                DATA
 0002:0003c1a0 00000104H .rtc$TZZ                DATA
 0002:0003c2a8 00000f04H .xdata$x                DATA
 0002:0003d1ac 00000000H .edata                  DATA
 0003:00000000 00040c21H .data                   DATA
 0003:00040c24 00000244H .data$r                 DATA
 0003:00040e80 000084b4H .bss                    DATA
 0004:00000000 00000404H .idata$5                DATA
 0004:00000404 00000064H .idata$2                DATA
 0004:00000468 00000014H .idata$3                DATA
 0004:0000047c 00000404H .idata$4                DATA
 0004:00000880 00000cc6H .idata$6                DATA
 0005:00000000 00000104H .00cfg                  DATA

  Address         Publics by Value              Rva+Base       Lib:Object

 0000:00000000       ___guard_fids_table        00000000     <absolute>
 0000:00000000       ___guard_fids_count        00000000     <absolute>
 0000:00000000       __except_list              00000000     <absolute>
 0000:00000009       ___safe_se_handler_count   00000009     <absolute>
 0000:00000100       ___guard_flags             00000100     <absolute>
 0000:00000000       ___ImageBase               00400000     <linker-defined>
 0001:0000a1e0       ?TraceLoggingRegister@__vcrt_trace_logging_provider@@YAJPBU_TlgProvider_t@1@PBU_GUID@@P6GX1KE_K2PAU_EVENT_FILTER_DESCRIPTOR@@PAX@Z4@Z 0040b1e0 f i libvcruntimed:telemetry.obj
 0001:0000a2d0       ?TraceLoggingSetInformation@__vcrt_trace_logging_provider@@YAJPBU_TlgProvider_t@1@W4_EVENT_INFO_CLASS@@PAXK@Z 0040b2d0 f i libvcruntimed:telemetry.obj
 0001:0000a320       ?TraceLoggingUnregister@__vcrt_trace_logging_provider@@YAXPBU_TlgProvider_t@1@@Z 0040b320 f i libvcruntimed:telemetry.obj
 0001:0000a360       ?_TlgCreateSz@__vcrt_trace_logging_provider@@YAXPAU_EVENT_DATA_DESCRIPTOR@@PBD@Z 0040b360 f i libvcruntimed:telemetry.obj
 0001:0000a3c0       ?_TlgCreateWsz@__vcrt_trace_logging_provider@@YAXPAU_EVENT_DATA_DESCRIPTOR@@PB_W@Z 0040b3c0 f i libvcruntimed:telemetry.obj
 0001:0000a420       ?_TlgEnableCallback@__vcrt_trace_logging_provider@@YGXPBU_GUID@@KE_K1PAU_EVENT_FILTER_DESCRIPTOR@@PAX@Z 0040b420 f i libvcruntimed:telemetry.obj
 0001:0000a520       ?_TlgKeywordOn@__vcrt_trace_logging_provider@@YAEPBU_TlgProvider_t@1@_K@Z 0040b520 f i libvcruntimed:telemetry.obj
 0001:0000a5b0       ?_TlgWrite@__vcrt_trace_logging_provider@@YAJPBU_TlgProvider_t@1@PBXPBU_GUID@@2IPAU_EVENT_DATA_DESCRIPTOR@@@Z 0040b5b0 f i libvcruntimed:telemetry.obj
 0001:0000ab00       _get_snd_options           0040bb00 f   simpleua.obj
 0001:0000ae60       _dump_pool_usage           0040be60 f   simpleua.obj
 0001:0000b7c0       _main                      0040c7c0 f   simpleua.obj
 0001:0000c770       ___local_stdio_printf_options 0040d770 f i simpleua.obj
 0001:0000c780       __vsnprintf_l              0040d780 f i simpleua.obj
 0001:0000c7f0       __vsprintf_l               0040d7f0 f i simpleua.obj
 0001:0000c820       _sprintf                   0040d820 f i simpleua.obj
 0001:0000c980       _pjsip_inv_usage_init      0040d980 f   pjsip-ua-i386-win32-vc14-debug:sip_inv.obj
 0001:0000ca80       _pjsip_inv_usage_instance  0040da80 f   pjsip-ua-i386-win32-vc14-debug:sip_inv.obj
 0001:0000ca90       _pjsip_inv_create_uac      0040da90 f   pjsip-ua-i386-win32-vc14-debug:sip_inv.obj
 0001:0000cd00       _pjsip_inv_verify_request  0040dd00 f   pjsip-ua-i386-win32-vc14-debug:sip_inv.obj
 0001:0000cd30       _pjsip_inv_verify_request2 0040dd30 f   pjsip-ua-i386-win32-vc14-debug:sip_inv.obj
 0001:0000cd60       _pjsip_inv_verify_request3 0040dd60 f   pjsip-ua-i386-win32-vc14-debug:sip_inv.obj
 0001:0000df20       _pjsip_inv_create_uas      0040ef20 f   pjsip-ua-i386-win32-vc14-debug:sip_inv.obj
 0001:0000e310       _pjsip_inv_add_ref         0040f310 f   pjsip-ua-i386-win32-vc14-debug:sip_inv.obj
 0001:0000e370       _pjsip_inv_dec_ref         0040f370 f   pjsip-ua-i386-win32-vc14-debug:sip_inv.obj
 0001:0000e410       _pjsip_inv_terminate       0040f410 f   pjsip-ua-i386-win32-vc14-debug:sip_inv.obj
 0001:0000e4f0       _pjsip_inv_uac_restart     0040f4f0 f   pjsip-ua-i386-win32-vc14-debug:sip_inv.obj
 0001:0000e5a0       _pjsip_inv_process_redirect 0040f5a0 f   pjsip-ua-i386-win32-vc14-debug:sip_inv.obj
 0001:0000ea60       _pjsip_inv_invite          0040fa60 f   pjsip-ua-i386-win32-vc14-debug:sip_inv.obj
 0001:0000ede0       _pjsip_inv_initial_answer  0040fde0 f   pjsip-ua-i386-win32-vc14-debug:sip_inv.obj
 0001:0000eff0       _pjsip_inv_answer          0040fff0 f   pjsip-ua-i386-win32-vc14-debug:sip_inv.obj
 0001:0000f1b0       _pjsip_inv_set_local_sdp   004101b0 f   pjsip-ua-i386-win32-vc14-debug:sip_inv.obj
 0001:0000f2a0       _pjsip_inv_set_sdp_answer  004102a0 f   pjsip-ua-i386-win32-vc14-debug:sip_inv.obj
 0001:0000f320       _pjsip_inv_end_session     00410320 f   pjsip-ua-i386-win32-vc14-debug:sip_inv.obj
 0001:0000f5a0       _pjsip_inv_cancel_reinvite 004105a0 f   pjsip-ua-i386-win32-vc14-debug:sip_inv.obj
 0001:0000f6e0       _pjsip_inv_reinvite        004106e0 f   pjsip-ua-i386-win32-vc14-debug:sip_inv.obj
 0001:0000f940       _pjsip_inv_update          00410940 f   pjsip-ua-i386-win32-vc14-debug:sip_inv.obj
 0001:0000fc60       _pjsip_inv_create_ack      00410c60 f   pjsip-ua-i386-win32-vc14-debug:sip_inv.obj
 0001:0000fda0       _pjsip_inv_send_msg        00410da0 f   pjsip-ua-i386-win32-vc14-debug:sip_inv.obj
 0001:00010050       _pjsip_dlg_get_inv_session 00411050 f   pjsip-ua-i386-win32-vc14-debug:sip_inv.obj
 0001:00010070       _pjsip_inv_state_name      00411070 f   pjsip-ua-i386-win32-vc14-debug:sip_inv.obj
 0001:000100c0       _pjsip_create_sdp_body     004110c0 f   pjsip-ua-i386-win32-vc14-debug:sip_inv.obj
 0001:00010170       _pjsip_rdata_get_sdp_info  00411170 f   pjsip-ua-i386-win32-vc14-debug:sip_inv.obj
 0001:00016c00       __snprintf                 00417c00 f i pjsip-ua-i386-win32-vc14-debug:sip_inv.obj
 0001:00016c50       __vsnprintf                00417c50 f i pjsip-ua-i386-win32-vc14-debug:sip_inv.obj
 0001:00016d40       _pjsip_get_prack_method    00417d40 f   pjsip-ua-i386-win32-vc14-debug:sip_100rel.obj
 0001:00016d50       _pjsip_100rel_init_module  00417d50 f   pjsip-ua-i386-win32-vc14-debug:sip_100rel.obj
 0001:00016d80       _pjsip_100rel_attach       00417d80 f   pjsip-ua-i386-win32-vc14-debug:sip_100rel.obj
 0001:00016e20       _pjsip_100rel_is_reliable  00417e20 f   pjsip-ua-i386-win32-vc14-debug:sip_100rel.obj
 0001:00016eb0       _pjsip_100rel_create_prack 00417eb0 f   pjsip-ua-i386-win32-vc14-debug:sip_100rel.obj
 0001:000172a0       _pjsip_100rel_send_prack   004182a0 f   pjsip-ua-i386-win32-vc14-debug:sip_100rel.obj
 0001:00017320       _pjsip_100rel_on_rx_prack  00418320 f   pjsip-ua-i386-win32-vc14-debug:sip_100rel.obj
 0001:000175e0       _pjsip_100rel_tx_response  004185e0 f   pjsip-ua-i386-win32-vc14-debug:sip_100rel.obj
 0001:00017c00       _pjsip_100rel_end_session  00418c00 f   pjsip-ua-i386-win32-vc14-debug:sip_100rel.obj
 0001:000186c0       _pjsip_timer_init_module   004196c0 f   pjsip-ua-i386-win32-vc14-debug:sip_timer.obj
 0001:000187f0       _pjsip_timer_setting_default 004197f0 f   pjsip-ua-i386-win32-vc14-debug:sip_timer.obj
 0001:00018820       _pjsip_timer_init_session  00419820 f   pjsip-ua-i386-win32-vc14-debug:sip_timer.obj
 0001:00018960       _pjsip_sess_expires_hdr_create 00419960 f   pjsip-ua-i386-win32-vc14-debug:sip_timer.obj
 0001:00018a00       _pjsip_min_se_hdr_create   00419a00 f   pjsip-ua-i386-win32-vc14-debug:sip_timer.obj
 0001:00018a80       _pjsip_timer_update_req    00419a80 f   pjsip-ua-i386-win32-vc14-debug:sip_timer.obj
 0001:00018bd0       _pjsip_timer_process_resp  00419bd0 f   pjsip-ua-i386-win32-vc14-debug:sip_timer.obj
 0001:00019200       _pjsip_timer_handle_refresh_error 0041a200 f   pjsip-ua-i386-win32-vc14-debug:sip_timer.obj
 0001:00019470       _pjsip_timer_process_req   0041a470 f   pjsip-ua-i386-win32-vc14-debug:sip_timer.obj
 0001:00019800       _pjsip_timer_update_resp   0041a800 f   pjsip-ua-i386-win32-vc14-debug:sip_timer.obj
 0001:00019a10       _pjsip_timer_end_session   0041aa10 f   pjsip-ua-i386-win32-vc14-debug:sip_timer.obj
 0001:0001b210       _pjsip_get_invite_method   0041c210 f   pjsip-core-i386-win32-vc14-debug:sip_msg.obj
 0001:0001b220       _pjsip_get_cancel_method   0041c220 f   pjsip-core-i386-win32-vc14-debug:sip_msg.obj
 0001:0001b230       _pjsip_get_ack_method      0041c230 f   pjsip-core-i386-win32-vc14-debug:sip_msg.obj
 0001:0001b240       _pjsip_get_bye_method      0041c240 f   pjsip-core-i386-win32-vc14-debug:sip_msg.obj
 0001:0001b250       _pjsip_get_register_method 0041c250 f   pjsip-core-i386-win32-vc14-debug:sip_msg.obj
 0001:0001b260       _pjsip_get_options_method  0041c260 f   pjsip-core-i386-win32-vc14-debug:sip_msg.obj
 0001:0001b270       _pjsip_method_init         0041c270 f   pjsip-core-i386-win32-vc14-debug:sip_msg.obj
 0001:0001b2a0       _pjsip_method_init_np      0041c2a0 f   pjsip-core-i386-win32-vc14-debug:sip_msg.obj
 0001:0001b340       _pjsip_method_set          0041c340 f   pjsip-core-i386-win32-vc14-debug:sip_msg.obj
 0001:0001b390       _pjsip_method_copy         0041c390 f   pjsip-core-i386-win32-vc14-debug:sip_msg.obj
 0001:0001b3e0       _pjsip_method_cmp          0041c3e0 f   pjsip-core-i386-win32-vc14-debug:sip_msg.obj
 0001:0001b440       _pjsip_hdr_clone           0041c440 f   pjsip-core-i386-win32-vc14-debug:sip_msg.obj
 0001:0001b470       _pjsip_hdr_shallow_clone   0041c470 f   pjsip-core-i386-win32-vc14-debug:sip_msg.obj
 0001:0001b4a0       _pjsip_hdr_print_on        0041c4a0 f   pjsip-core-i386-win32-vc14-debug:sip_msg.obj
 0001:0001b500       _pjsip_get_status_text     0041c500 f   pjsip-core-i386-win32-vc14-debug:sip_msg.obj
 0001:0001b560       _pjsip_media_type_init     0041c560 f   pjsip-core-i386-win32-vc14-debug:sip_msg.obj
 0001:0001b5b0       _pjsip_media_type_init2    0041c5b0 f   pjsip-core-i386-win32-vc14-debug:sip_msg.obj
 0001:0001b620       _pjsip_media_type_cmp      0041c620 f   pjsip-core-i386-win32-vc14-debug:sip_msg.obj
 0001:0001b6f0       _pjsip_media_type_cp       0041c6f0 f   pjsip-core-i386-win32-vc14-debug:sip_msg.obj
 0001:0001b780       _pjsip_media_type_print    0041c780 f   pjsip-core-i386-win32-vc14-debug:sip_msg.obj
 0001:0001b7a0       _pjsip_print_text_body     0041c7a0 f   pjsip-core-i386-win32-vc14-debug:sip_msg.obj
 0001:0001b7e0       _pjsip_clone_text_data     0041c7e0 f   pjsip-core-i386-win32-vc14-debug:sip_msg.obj
 0001:0001b820       _pjsip_msg_body_copy       0041c820 f   pjsip-core-i386-win32-vc14-debug:sip_msg.obj
 0001:0001b8c0       _pjsip_msg_body_clone      0041c8c0 f   pjsip-core-i386-win32-vc14-debug:sip_msg.obj
 0001:0001b940       _pjsip_msg_body_create     0041c940 f   pjsip-core-i386-win32-vc14-debug:sip_msg.obj
 0001:0001ba70       _pjsip_msg_create          0041ca70 f   pjsip-core-i386-win32-vc14-debug:sip_msg.obj
 0001:0001bab0       _pjsip_msg_clone           0041cab0 f   pjsip-core-i386-win32-vc14-debug:sip_msg.obj
 0001:0001bba0       _pjsip_msg_find_hdr        0041cba0 f   pjsip-core-i386-win32-vc14-debug:sip_msg.obj
 0001:0001bbf0       _pjsip_msg_find_hdr_by_name 0041cbf0 f   pjsip-core-i386-win32-vc14-debug:sip_msg.obj
 0001:0001bc50       _pjsip_msg_find_hdr_by_names 0041cc50 f   pjsip-core-i386-win32-vc14-debug:sip_msg.obj
 0001:0001bcd0       _pjsip_msg_find_remove_hdr 0041ccd0 f   pjsip-core-i386-win32-vc14-debug:sip_msg.obj
 0001:0001bd30       _pjsip_msg_print           0041cd30 f   pjsip-core-i386-win32-vc14-debug:sip_msg.obj
 0001:0001c220       _pjsip_generic_string_hdr_create 0041d220 f   pjsip-core-i386-win32-vc14-debug:sip_msg.obj
 0001:0001c260       _pjsip_generic_string_hdr_init 0041d260 f   pjsip-core-i386-win32-vc14-debug:sip_msg.obj
 0001:0001c2d0       _pjsip_generic_string_hdr_init2 0041d2d0 f   pjsip-core-i386-win32-vc14-debug:sip_msg.obj
 0001:0001c340       _pjsip_generic_int_hdr_create 0041d340 f   pjsip-core-i386-win32-vc14-debug:sip_msg.obj
 0001:0001c380       _pjsip_generic_int_hdr_init 0041d380 f   pjsip-core-i386-win32-vc14-debug:sip_msg.obj
 0001:0001c3e0       _pjsip_generic_array_hdr_create 0041d3e0 f   pjsip-core-i386-win32-vc14-debug:sip_msg.obj
 0001:0001c410       _pjsip_generic_array_hdr_init 0041d410 f   pjsip-core-i386-win32-vc14-debug:sip_msg.obj
 0001:0001c470       _pjsip_accept_hdr_create   0041d470 f   pjsip-core-i386-win32-vc14-debug:sip_msg.obj
 0001:0001c4a0       _pjsip_accept_hdr_init     0041d4a0 f   pjsip-core-i386-win32-vc14-debug:sip_msg.obj
 0001:0001c4d0       _pjsip_allow_hdr_create    0041d4d0 f   pjsip-core-i386-win32-vc14-debug:sip_msg.obj
 0001:0001c500       _pjsip_allow_hdr_init      0041d500 f   pjsip-core-i386-win32-vc14-debug:sip_msg.obj
 0001:0001c530       _pjsip_cid_hdr_create      0041d530 f   pjsip-core-i386-win32-vc14-debug:sip_msg.obj
 0001:0001c560       _pjsip_cid_hdr_init        0041d560 f   pjsip-core-i386-win32-vc14-debug:sip_msg.obj
 0001:0001c590       _pjsip_clen_hdr_create     0041d590 f   pjsip-core-i386-win32-vc14-debug:sip_msg.obj
 0001:0001c5c0       _pjsip_clen_hdr_init       0041d5c0 f   pjsip-core-i386-win32-vc14-debug:sip_msg.obj
 0001:0001c5f0       _pjsip_cseq_hdr_create     0041d5f0 f   pjsip-core-i386-win32-vc14-debug:sip_msg.obj
 0001:0001c620       _pjsip_cseq_hdr_init       0041d620 f   pjsip-core-i386-win32-vc14-debug:sip_msg.obj
 0001:0001c670       _pjsip_contact_hdr_create  0041d670 f   pjsip-core-i386-win32-vc14-debug:sip_msg.obj
 0001:0001c6a0       _pjsip_contact_hdr_init    0041d6a0 f   pjsip-core-i386-win32-vc14-debug:sip_msg.obj
 0001:0001c6f0       _pjsip_ctype_hdr_create    0041d6f0 f   pjsip-core-i386-win32-vc14-debug:sip_msg.obj
 0001:0001c720       _pjsip_ctype_hdr_init      0041d720 f   pjsip-core-i386-win32-vc14-debug:sip_msg.obj
 0001:0001c770       _pjsip_expires_hdr_create  0041d770 f   pjsip-core-i386-win32-vc14-debug:sip_msg.obj
 0001:0001c7a0       _pjsip_expires_hdr_init    0041d7a0 f   pjsip-core-i386-win32-vc14-debug:sip_msg.obj
 0001:0001c7d0       _pjsip_from_hdr_create     0041d7d0 f   pjsip-core-i386-win32-vc14-debug:sip_msg.obj
 0001:0001c800       _pjsip_from_hdr_init       0041d800 f   pjsip-core-i386-win32-vc14-debug:sip_msg.obj
 0001:0001c850       _pjsip_to_hdr_create       0041d850 f   pjsip-core-i386-win32-vc14-debug:sip_msg.obj
 0001:0001c880       _pjsip_to_hdr_init         0041d880 f   pjsip-core-i386-win32-vc14-debug:sip_msg.obj
 0001:0001c8d0       _pjsip_fromto_hdr_set_from 0041d8d0 f   pjsip-core-i386-win32-vc14-debug:sip_msg.obj
 0001:0001c930       _pjsip_fromto_hdr_set_to   0041d930 f   pjsip-core-i386-win32-vc14-debug:sip_msg.obj
 0001:0001c990       _pjsip_max_fwd_hdr_create  0041d990 f   pjsip-core-i386-win32-vc14-debug:sip_msg.obj
 0001:0001c9c0       _pjsip_max_fwd_hdr_init    0041d9c0 f   pjsip-core-i386-win32-vc14-debug:sip_msg.obj
 0001:0001c9f0       _pjsip_min_expires_hdr_create 0041d9f0 f   pjsip-core-i386-win32-vc14-debug:sip_msg.obj
 0001:0001ca20       _pjsip_min_expires_hdr_init 0041da20 f   pjsip-core-i386-win32-vc14-debug:sip_msg.obj
 0001:0001ca50       _pjsip_rr_hdr_create       0041da50 f   pjsip-core-i386-win32-vc14-debug:sip_msg.obj
 0001:0001ca80       _pjsip_rr_hdr_init         0041da80 f   pjsip-core-i386-win32-vc14-debug:sip_msg.obj
 0001:0001cad0       _pjsip_route_hdr_create    0041dad0 f   pjsip-core-i386-win32-vc14-debug:sip_msg.obj
 0001:0001cb00       _pjsip_route_hdr_init      0041db00 f   pjsip-core-i386-win32-vc14-debug:sip_msg.obj
 0001:0001cb50       _pjsip_routing_hdr_set_rr  0041db50 f   pjsip-core-i386-win32-vc14-debug:sip_msg.obj
 0001:0001cba0       _pjsip_routing_hdr_set_route 0041dba0 f   pjsip-core-i386-win32-vc14-debug:sip_msg.obj
 0001:0001cbf0       _pjsip_require_hdr_create  0041dbf0 f   pjsip-core-i386-win32-vc14-debug:sip_msg.obj
 0001:0001cc20       _pjsip_require_hdr_init    0041dc20 f   pjsip-core-i386-win32-vc14-debug:sip_msg.obj
 0001:0001cc50       _pjsip_retry_after_hdr_create 0041dc50 f   pjsip-core-i386-win32-vc14-debug:sip_msg.obj
 0001:0001cc80       _pjsip_retry_after_hdr_init 0041dc80 f   pjsip-core-i386-win32-vc14-debug:sip_msg.obj
 0001:0001ccd0       _pjsip_supported_hdr_create 0041dcd0 f   pjsip-core-i386-win32-vc14-debug:sip_msg.obj
 0001:0001cd00       _pjsip_supported_hdr_init  0041dd00 f   pjsip-core-i386-win32-vc14-debug:sip_msg.obj
 0001:0001cd30       _pjsip_unsupported_hdr_create 0041dd30 f   pjsip-core-i386-win32-vc14-debug:sip_msg.obj
 0001:0001cd60       _pjsip_unsupported_hdr_init 0041dd60 f   pjsip-core-i386-win32-vc14-debug:sip_msg.obj
 0001:0001cd90       _pjsip_via_hdr_create      0041dd90 f   pjsip-core-i386-win32-vc14-debug:sip_msg.obj
 0001:0001cdc0       _pjsip_via_hdr_init        0041ddc0 f   pjsip-core-i386-win32-vc14-debug:sip_msg.obj
 0001:0001ce20       _pjsip_warning_hdr_create  0041de20 f   pjsip-core-i386-win32-vc14-debug:sip_msg.obj
 0001:0001cea0       _pjsip_warning_hdr_create_from_status 0041dea0 f   pjsip-core-i386-win32-vc14-debug:sip_msg.obj
 0001:000205f0       _pjsip_transport_register_type 004215f0 f   pjsip-core-i386-win32-vc14-debug:sip_transport.obj
 0001:000207a0       _pjsip_transport_get_type_from_name 004217a0 f   pjsip-core-i386-win32-vc14-debug:sip_transport.obj
 0001:00020820       _pjsip_transport_get_type_from_flag 00421820 f   pjsip-core-i386-win32-vc14-debug:sip_transport.obj
 0001:00020880       _pjsip_transport_type_get_af 00421880 f   pjsip-core-i386-win32-vc14-debug:sip_transport.obj
 0001:000208b0       _pjsip_transport_get_flag_from_type 004218b0 f   pjsip-core-i386-win32-vc14-debug:sip_transport.obj
 0001:000208d0       _pjsip_transport_get_default_port_for_type 004218d0 f   pjsip-core-i386-win32-vc14-debug:sip_transport.obj
 0001:000208f0       _pjsip_transport_get_type_name 004218f0 f   pjsip-core-i386-win32-vc14-debug:sip_transport.obj
 0001:00020910       _pjsip_transport_get_type_desc 00421910 f   pjsip-core-i386-win32-vc14-debug:sip_transport.obj
 0001:00020930       _pjsip_tpselector_add_ref  00421930 f   pjsip-core-i386-win32-vc14-debug:sip_transport.obj
 0001:00020960       _pjsip_tpselector_dec_ref  00421960 f   pjsip-core-i386-win32-vc14-debug:sip_transport.obj
 0001:00020990       _pjsip_rx_data_get_info    00421990 f   pjsip-core-i386-win32-vc14-debug:sip_transport.obj
 0001:00020a60       _pjsip_rx_data_clone       00421a60 f   pjsip-core-i386-win32-vc14-debug:sip_transport.obj
 0001:00020da0       _pjsip_rx_data_free_cloned 00421da0 f   pjsip-core-i386-win32-vc14-debug:sip_transport.obj
 0001:00020e00       _pjsip_tx_data_create      00421e00 f   pjsip-core-i386-win32-vc14-debug:sip_transport.obj
 0001:00020f90       _pjsip_tx_data_add_ref     00421f90 f   pjsip-core-i386-win32-vc14-debug:sip_transport.obj
 0001:00020fb0       _pjsip_tx_data_dec_ref     00421fb0 f   pjsip-core-i386-win32-vc14-debug:sip_transport.obj
 0001:00021050       _pjsip_tx_data_encode      00422050 f   pjsip-core-i386-win32-vc14-debug:sip_transport.obj
 0001:000211a0       _pjsip_tx_data_is_valid    004221a0 f   pjsip-core-i386-win32-vc14-debug:sip_transport.obj
 0001:000211d0       _pjsip_tx_data_invalidate_msg 004221d0 f   pjsip-core-i386-win32-vc14-debug:sip_transport.obj
 0001:00021200       _pjsip_tx_data_get_info    00422200 f   pjsip-core-i386-win32-vc14-debug:sip_transport.obj
 0001:000212b0       _pjsip_tx_data_set_transport 004222b0 f   pjsip-core-i386-win32-vc14-debug:sip_transport.obj
 0001:00021350       _pjsip_tx_data_clone       00422350 f   pjsip-core-i386-win32-vc14-debug:sip_transport.obj
 0001:000214b0       _pjsip_transport_register  004224b0 f   pjsip-core-i386-win32-vc14-debug:sip_transport.obj
 0001:000215d0       _pjsip_transport_shutdown  004225d0 f   pjsip-core-i386-win32-vc14-debug:sip_transport.obj
 0001:000215f0       _pjsip_transport_shutdown2 004225f0 f   pjsip-core-i386-win32-vc14-debug:sip_transport.obj
 0001:00021760       _pjsip_transport_destroy   00422760 f   pjsip-core-i386-win32-vc14-debug:sip_transport.obj
 0001:00021810       _pjsip_transport_add_ref   00422810 f   pjsip-core-i386-win32-vc14-debug:sip_transport.obj
 0001:00021930       _pjsip_transport_dec_ref   00422930 f   pjsip-core-i386-win32-vc14-debug:sip_transport.obj
 0001:00021af0       _pjsip_tpmgr_receive_packet 00422af0 f   pjsip-core-i386-win32-vc14-debug:sip_transport.obj
 0001:00022220       _pjsip_tpmgr_register_tpfactory 00423220 f   pjsip-core-i386-win32-vc14-debug:sip_transport.obj
 0001:000222d0       _pjsip_tpmgr_unregister_tpfactory 004232d0 f   pjsip-core-i386-win32-vc14-debug:sip_transport.obj
 0001:00022330       _pjsip_tpmgr_create        00423330 f   pjsip-core-i386-win32-vc14-debug:sip_transport.obj
 0001:000224e0       _pjsip_tpmgr_find_local_addr 004234e0 f   pjsip-core-i386-win32-vc14-debug:sip_transport.obj
 0001:00022540       _pjsip_tpmgr_fla2_param_default 00423540 f   pjsip-core-i386-win32-vc14-debug:sip_transport.obj
 0001:00022560       _pjsip_tpmgr_find_local_addr2 00423560 f   pjsip-core-i386-win32-vc14-debug:sip_transport.obj
 0001:000229e0       _pjsip_tpmgr_get_transport_count 004239e0 f   pjsip-core-i386-win32-vc14-debug:sip_transport.obj
 0001:00022a50       _pjsip_tpmgr_destroy       00423a50 f   pjsip-core-i386-win32-vc14-debug:sip_transport.obj
 0001:00022c80       _pjsip_tpmgr_dump_transports 00423c80 f   pjsip-core-i386-win32-vc14-debug:sip_transport.obj
 0001:00022e30       _pjsip_tpmgr_acquire_transport 00423e30 f   pjsip-core-i386-win32-vc14-debug:sip_transport.obj
 0001:00022e60       _pjsip_tpmgr_acquire_transport2 00423e60 f   pjsip-core-i386-win32-vc14-debug:sip_transport.obj
 0001:00023270       _pjsip_transport_send      00424270 f   pjsip-core-i386-win32-vc14-debug:sip_transport.obj
 0001:00023480       _pjsip_tpmgr_send_raw      00424480 f   pjsip-core-i386-win32-vc14-debug:sip_transport.obj
 0001:00023610       _pjsip_tpmgr_set_state_cb  00424610 f   pjsip-core-i386-win32-vc14-debug:sip_transport.obj
 0001:00023660       _pjsip_tpmgr_get_state_cb  00424660 f   pjsip-core-i386-win32-vc14-debug:sip_transport.obj
 0001:000236a0       _pjsip_transport_add_state_listener 004246a0 f   pjsip-core-i386-win32-vc14-debug:sip_transport.obj
 0001:000237a0       _pjsip_transport_remove_state_listener 004247a0 f   pjsip-core-i386-win32-vc14-debug:sip_transport.obj
 0001:000238c0       _pjsip_tpmgr_set_drop_data_cb 004248c0 f   pjsip-core-i386-win32-vc14-debug:sip_transport.obj
 0001:000250a0       _pjsip_endpt_create        004260a0 f   pjsip-core-i386-win32-vc14-debug:sip_endpoint.obj
 0001:00025480       _pjsip_endpt_destroy       00426480 f   pjsip-core-i386-win32-vc14-debug:sip_endpoint.obj
 0001:000255f0       _pjsip_endpt_name          004265f0 f   pjsip-core-i386-win32-vc14-debug:sip_endpoint.obj
 0001:00025600       _pjsip_endpt_handle_events 00426600 f   pjsip-core-i386-win32-vc14-debug:sip_endpoint.obj
 0001:00025620       _pjsip_endpt_handle_events2 00426620 f   pjsip-core-i386-win32-vc14-debug:sip_endpoint.obj
 0001:000257a0       _pjsip_endpt_schedule_timer 004267a0 f   pjsip-core-i386-win32-vc14-debug:sip_endpoint.obj
 0001:000257d0       _pjsip_endpt_cancel_timer  004267d0 f   pjsip-core-i386-win32-vc14-debug:sip_endpoint.obj
 0001:00025800       _pjsip_endpt_get_timer_heap 00426800 f   pjsip-core-i386-win32-vc14-debug:sip_endpoint.obj
 0001:00025810       _pjsip_endpt_register_module 00426810 f   pjsip-core-i386-win32-vc14-debug:sip_endpoint.obj
 0001:00025a30       _pjsip_endpt_unregister_module 00426a30 f   pjsip-core-i386-win32-vc14-debug:sip_endpoint.obj
 0001:00025bb0       _pjsip_process_rdata_param_default 00426bb0 f   pjsip-core-i386-win32-vc14-debug:sip_endpoint.obj
 0001:00025bd0       _pjsip_endpt_process_rx_data 00426bd0 f   pjsip-core-i386-win32-vc14-debug:sip_endpoint.obj
 0001:00025e10       _pjsip_endpt_create_pool   00426e10 f   pjsip-core-i386-win32-vc14-debug:sip_endpoint.obj
 0001:00025e70       _pjsip_endpt_release_pool  00426e70 f   pjsip-core-i386-win32-vc14-debug:sip_endpoint.obj
 0001:00025e90       _pjsip_endpt_create_tdata  00426e90 f   pjsip-core-i386-win32-vc14-debug:sip_endpoint.obj
 0001:00025eb0       _pjsip_endpt_create_resolver 00426eb0 f   pjsip-core-i386-win32-vc14-debug:sip_endpoint.obj
 0001:00025f20       _pjsip_endpt_set_resolver  00426f20 f   pjsip-core-i386-win32-vc14-debug:sip_endpoint.obj
 0001:00025f40       _pjsip_endpt_set_ext_resolver 00426f40 f   pjsip-core-i386-win32-vc14-debug:sip_endpoint.obj
 0001:00025f60       _pjsip_endpt_get_resolver  00426f60 f   pjsip-core-i386-win32-vc14-debug:sip_endpoint.obj
 0001:00025fa0       _pjsip_endpt_resolve       00426fa0 f   pjsip-core-i386-win32-vc14-debug:sip_endpoint.obj
 0001:00025fd0       _pjsip_endpt_get_tpmgr     00426fd0 f   pjsip-core-i386-win32-vc14-debug:sip_endpoint.obj
 0001:00025fe0       _pjsip_endpt_get_ioqueue   00426fe0 f   pjsip-core-i386-win32-vc14-debug:sip_endpoint.obj
 0001:00025ff0       _pjsip_endpt_acquire_transport 00426ff0 f   pjsip-core-i386-win32-vc14-debug:sip_endpoint.obj
 0001:00026020       _pjsip_endpt_acquire_transport2 00427020 f   pjsip-core-i386-win32-vc14-debug:sip_endpoint.obj
 0001:00026050       _pjsip_endpt_get_capability 00427050 f   pjsip-core-i386-win32-vc14-debug:sip_endpoint.obj
 0001:00026100       _pjsip_endpt_has_capability 00427100 f   pjsip-core-i386-win32-vc14-debug:sip_endpoint.obj
 0001:000261a0       _pjsip_endpt_add_capability 004271a0 f   pjsip-core-i386-win32-vc14-debug:sip_endpoint.obj
 0001:00026360       _pjsip_endpt_get_request_headers 00427360 f   pjsip-core-i386-win32-vc14-debug:sip_endpoint.obj
 0001:00026370       _pjsip_endpt_dump          00427370 f   pjsip-core-i386-win32-vc14-debug:sip_endpoint.obj
 0001:00026490       _pjsip_endpt_atexit        00427490 f   pjsip-core-i386-win32-vc14-debug:sip_endpoint.obj
 0001:00026530       _pjsip_endpt_log_error     00427530 f   pjsip-core-i386-win32-vc14-debug:sip_endpoint.obj
 0001:00027300       _pjsip_target_set_add_uri  00428300 f   pjsip-core-i386-win32-vc14-debug:sip_util.obj
 0001:00027430       _pjsip_target_set_add_from_msg 00428430 f   pjsip-core-i386-win32-vc14-debug:sip_util.obj
 0001:00027510       _pjsip_target_set_get_next 00428510 f   pjsip-core-i386-win32-vc14-debug:sip_util.obj
 0001:00027590       _pjsip_target_set_set_current 00428590 f   pjsip-core-i386-win32-vc14-debug:sip_util.obj
 0001:00027630       _pjsip_target_assign_status 00428630 f   pjsip-core-i386-win32-vc14-debug:sip_util.obj
 0001:000276b0       _pjsip_endpt_create_request 004286b0 f   pjsip-core-i386-win32-vc14-debug:sip_util.obj
 0001:000279c0       _pjsip_endpt_create_request_from_hdr 004289c0 f   pjsip-core-i386-win32-vc14-debug:sip_util.obj
 0001:00027c40       _pjsip_endpt_create_response 00428c40 f   pjsip-core-i386-win32-vc14-debug:sip_util.obj
 0001:00027fe0       _pjsip_endpt_create_ack    00428fe0 f   pjsip-core-i386-win32-vc14-debug:sip_util.obj
 0001:000282c0       _pjsip_endpt_create_cancel 004292c0 f   pjsip-core-i386-win32-vc14-debug:sip_util.obj
 0001:00028620       _pjsip_get_dest_info       00429620 f   pjsip-core-i386-win32-vc14-debug:sip_util.obj
 0001:00028880       _pjsip_get_request_dest    00429880 f   pjsip-core-i386-win32-vc14-debug:sip_util.obj
 0001:00028960       _pjsip_process_route_set   00429960 f   pjsip-core-i386-win32-vc14-debug:sip_util.obj
 0001:00028c90       _pjsip_restore_strict_route_set 00429c90 f   pjsip-core-i386-win32-vc14-debug:sip_util.obj
 0001:00028d90       _pjsip_endpt_send_request_stateless 00429d90 f   pjsip-core-i386-win32-vc14-debug:sip_util.obj
 0001:00028ed0       _pjsip_endpt_send_raw      00429ed0 f   pjsip-core-i386-win32-vc14-debug:sip_util.obj
 0001:00028f10       _pjsip_endpt_send_raw_to_uri 00429f10 f   pjsip-core-i386-win32-vc14-debug:sip_util.obj
 0001:000290f0       _pjsip_get_response_addr   0042a0f0 f   pjsip-core-i386-win32-vc14-debug:sip_util.obj
 0001:00029420       _pjsip_endpt_send_response 0042a420 f   pjsip-core-i386-win32-vc14-debug:sip_util.obj
 0001:00029560       _pjsip_endpt_send_response2 0042a560 f   pjsip-core-i386-win32-vc14-debug:sip_util.obj
 0001:000295d0       _pjsip_endpt_respond_stateless 0042a5d0 f   pjsip-core-i386-win32-vc14-debug:sip_util.obj
 0001:000297d0       _pjsip_event_str           0042a7d0 f   pjsip-core-i386-win32-vc14-debug:sip_util.obj
 0001:0002b2f0       _pjsip_udp_transport_cfg_default 0042c2f0 f   pjsip-core-i386-win32-vc14-debug:sip_transport_udp.obj
 0001:0002b340       _pjsip_udp_transport_start2 0042c340 f   pjsip-core-i386-win32-vc14-debug:sip_transport_udp.obj
 0001:0002b4e0       _pjsip_udp_transport_start 0042c4e0 f   pjsip-core-i386-win32-vc14-debug:sip_transport_udp.obj
 0001:0002b570       _pjsip_udp_transport_start6 0042c570 f   pjsip-core-i386-win32-vc14-debug:sip_transport_udp.obj
 0001:0002b600       _pjsip_udp_transport_attach 0042c600 f   pjsip-core-i386-win32-vc14-debug:sip_transport_udp.obj
 0001:0002b630       _pjsip_udp_transport_attach2 0042c630 f   pjsip-core-i386-win32-vc14-debug:sip_transport_udp.obj
 0001:0002b660       _pjsip_udp_transport_get_socket 0042c660 f   pjsip-core-i386-win32-vc14-debug:sip_transport_udp.obj
 0001:0002b6b0       _pjsip_udp_transport_pause 0042c6b0 f   pjsip-core-i386-win32-vc14-debug:sip_transport_udp.obj
 0001:0002b860       _pjsip_udp_transport_restart 0042c860 f   pjsip-core-i386-win32-vc14-debug:sip_transport_udp.obj
 0001:0002b890       _pjsip_udp_transport_restart2 0042c890 f   pjsip-core-i386-win32-vc14-debug:sip_transport_udp.obj
 0001:0002d4d0       _pjsip_tsx_layer_init_module 0042e4d0 f   pjsip-core-i386-win32-vc14-debug:sip_transaction.obj
 0001:0002d6f0       _pjsip_tsx_layer_instance  0042e6f0 f   pjsip-core-i386-win32-vc14-debug:sip_transaction.obj
 0001:0002d700       _pjsip_tsx_layer_destroy   0042e700 f   pjsip-core-i386-win32-vc14-debug:sip_transaction.obj
 0001:0002d750       _pjsip_tsx_layer_get_tsx_count 0042e750 f   pjsip-core-i386-win32-vc14-debug:sip_transaction.obj
 0001:0002d7c0       _pjsip_tsx_layer_find_tsx  0042e7c0 f   pjsip-core-i386-win32-vc14-debug:sip_transaction.obj
 0001:0002d7e0       _pjsip_tsx_layer_find_tsx2 0042e7e0 f   pjsip-core-i386-win32-vc14-debug:sip_transaction.obj
 0001:0002d800       _pjsip_tsx_create_uac      0042e800 f   pjsip-core-i386-win32-vc14-debug:sip_transaction.obj
 0001:0002d820       _pjsip_tsx_create_uac2     0042e820 f   pjsip-core-i386-win32-vc14-debug:sip_transaction.obj
 0001:0002dc00       _pjsip_tsx_create_uas      0042ec00 f   pjsip-core-i386-win32-vc14-debug:sip_transaction.obj
 0001:0002dc20       _pjsip_tsx_create_uas2     0042ec20 f   pjsip-core-i386-win32-vc14-debug:sip_transaction.obj
 0001:0002dff0       _pjsip_tsx_set_transport   0042eff0 f   pjsip-core-i386-win32-vc14-debug:sip_transaction.obj
 0001:0002e090       _pjsip_tsx_recv_msg        0042f090 f   pjsip-core-i386-win32-vc14-debug:sip_transaction.obj
 0001:0002e140       _pjsip_tsx_send_msg        0042f140 f   pjsip-core-i386-win32-vc14-debug:sip_transaction.obj
 0001:0002e250       _pjsip_tsx_retransmit_no_state 0042f250 f   pjsip-core-i386-win32-vc14-debug:sip_transaction.obj
 0001:0002e2c0       _pjsip_tsx_create_key      0042f2c0 f   pjsip-core-i386-win32-vc14-debug:sip_transaction.obj
 0001:0002e340       _pjsip_tsx_terminate       0042f340 f   pjsip-core-i386-win32-vc14-debug:sip_transaction.obj
 0001:0002e430       _pjsip_tsx_stop_retransmit 0042f430 f   pjsip-core-i386-win32-vc14-debug:sip_transaction.obj
 0001:0002e510       _pjsip_tsx_set_timeout     0042f510 f   pjsip-core-i386-win32-vc14-debug:sip_transaction.obj
 0001:0002e630       _pjsip_rdata_get_tsx       0042f630 f   pjsip-core-i386-win32-vc14-debug:sip_transaction.obj
 0001:0002e650       _pjsip_tsx_layer_dump      0042f650 f   pjsip-core-i386-win32-vc14-debug:sip_transaction.obj
 0001:0002e7c0       _pjsip_tsx_state_str       0042f7c0 f   pjsip-core-i386-win32-vc14-debug:sip_transaction.obj
 0001:0002e7d0       _pjsip_role_name           0042f7d0 f   pjsip-core-i386-win32-vc14-debug:sip_transaction.obj
 0001:00033240       _pjsip_ua_init_module      00434240 f   pjsip-core-i386-win32-vc14-debug:sip_ua_layer.obj
 0001:000332b0       _pjsip_ua_instance         004342b0 f   pjsip-core-i386-win32-vc14-debug:sip_ua_layer.obj
 0001:000332c0       _pjsip_ua_get_dlg_set_count 004342c0 f   pjsip-core-i386-win32-vc14-debug:sip_ua_layer.obj
 0001:00033330       _pjsip_ua_find_dialog      00434330 f   pjsip-core-i386-win32-vc14-debug:sip_ua_layer.obj
 0001:000334c0       _pjsip_ua_destroy          004344c0 f   pjsip-core-i386-win32-vc14-debug:sip_ua_layer.obj
 0001:00033510       _pjsip_ua_dump             00434510 f   pjsip-core-i386-win32-vc14-debug:sip_ua_layer.obj
 0001:00033720       _pjsip_ua_get_endpt        00434720 f   pjsip-core-i386-win32-vc14-debug:sip_ua_layer.obj
 0001:00033750       _pjsip_ua_register_dlg     00434750 f   pjsip-core-i386-win32-vc14-debug:sip_ua_layer.obj
 0001:000339a0       _pjsip_ua_unregister_dlg   004349a0 f   pjsip-core-i386-win32-vc14-debug:sip_ua_layer.obj
 0001:00033b70       _pjsip_rdata_get_dlg       00434b70 f   pjsip-core-i386-win32-vc14-debug:sip_ua_layer.obj
 0001:00033b90       _pjsip_tdata_get_dlg       00434b90 f   pjsip-core-i386-win32-vc14-debug:sip_ua_layer.obj
 0001:00033bb0       _pjsip_tsx_get_dlg         00434bb0 f   pjsip-core-i386-win32-vc14-debug:sip_ua_layer.obj
 0001:00034c80       _pjsip_method_creates_dialog 00435c80 f   pjsip-core-i386-win32-vc14-debug:sip_dialog.obj
 0001:00034d50       _pjsip_dlg_create_uac      00435d50 f   pjsip-core-i386-win32-vc14-debug:sip_dialog.obj
 0001:00035330       _pjsip_dlg_create_uas_and_inc_lock 00436330 f   pjsip-core-i386-win32-vc14-debug:sip_dialog.obj
 0001:00035350       _pjsip_dlg_set_transport   00436350 f   pjsip-core-i386-win32-vc14-debug:sip_dialog.obj
 0001:000353f0       _pjsip_dlg_set_via_sent_by 004363f0 f   pjsip-core-i386-win32-vc14-debug:sip_dialog.obj
 0001:000354a0       _pjsip_dlg_fork            004364a0 f   pjsip-core-i386-win32-vc14-debug:sip_dialog.obj
 0001:00035930       _pjsip_dlg_terminate       00436930 f   pjsip-core-i386-win32-vc14-debug:sip_dialog.obj
 0001:000359c0       _pjsip_dlg_set_route_set   004369c0 f   pjsip-core-i386-win32-vc14-debug:sip_dialog.obj
 0001:00035a90       _pjsip_dlg_inc_session     00436a90 f   pjsip-core-i386-win32-vc14-debug:sip_dialog.obj
 0001:00035b50       _pjsip_dlg_dec_session     00436b50 f   pjsip-core-i386-win32-vc14-debug:sip_dialog.obj
 0001:00035c00       _pjsip_dlg_add_usage       00436c00 f   pjsip-core-i386-win32-vc14-debug:sip_dialog.obj
 0001:00035e20       _pjsip_dlg_has_usage       00436e20 f   pjsip-core-i386-win32-vc14-debug:sip_dialog.obj
 0001:00035e90       _pjsip_dlg_set_mod_data    00436e90 f   pjsip-core-i386-win32-vc14-debug:sip_dialog.obj
 0001:00035f10       _pjsip_dlg_get_mod_data    00436f10 f   pjsip-core-i386-win32-vc14-debug:sip_dialog.obj
 0001:00035f90       _pjsip_dlg_inc_lock        00436f90 f   pjsip-core-i386-win32-vc14-debug:sip_dialog.obj
 0001:00035fd0       _pjsip_dlg_try_inc_lock    00436fd0 f   pjsip-core-i386-win32-vc14-debug:sip_dialog.obj
 0001:00036030       _pjsip_dlg_dec_lock        00437030 f   pjsip-core-i386-win32-vc14-debug:sip_dialog.obj
 0001:00036100       _pjsip_dlg_create_request  00437100 f   pjsip-core-i386-win32-vc14-debug:sip_dialog.obj
 0001:00036230       _pjsip_dlg_send_request    00437230 f   pjsip-core-i386-win32-vc14-debug:sip_dialog.obj
 0001:00036560       _pjsip_dlg_create_response 00437560 f   pjsip-core-i386-win32-vc14-debug:sip_dialog.obj
 0001:000365f0       _pjsip_dlg_modify_response 004375f0 f   pjsip-core-i386-win32-vc14-debug:sip_dialog.obj
 0001:000367c0       _pjsip_dlg_send_response   004377c0 f   pjsip-core-i386-win32-vc14-debug:sip_dialog.obj
 0001:00036a80       _pjsip_dlg_respond         00437a80 f   pjsip-core-i386-win32-vc14-debug:sip_dialog.obj
 0001:00036c70       _pjsip_dlg_remote_has_cap  00437c70 f   pjsip-core-i386-win32-vc14-debug:sip_dialog.obj
 0001:00036d50       _pjsip_dlg_get_remote_cap_hdr 00437d50 f   pjsip-core-i386-win32-vc14-debug:sip_dialog.obj
 0001:00036e50       _pjsip_dlg_set_remote_cap_hdr 00437e50 f   pjsip-core-i386-win32-vc14-debug:sip_dialog.obj
 0001:00036fb0       _pjsip_dlg_remove_remote_cap_hdr 00437fb0 f   pjsip-core-i386-win32-vc14-debug:sip_dialog.obj
 0001:00037090       _pjsip_dlg_update_remote_cap 00438090 f   pjsip-core-i386-win32-vc14-debug:sip_dialog.obj
 0001:000372b0       _pjsip_dlg_on_tsx_state    004382b0 f   pjsip-core-i386-win32-vc14-debug:sip_dialog.obj
 0001:000373e0       _pjsip_dlg_on_rx_request   004383e0 f   pjsip-core-i386-win32-vc14-debug:sip_dialog.obj
 0001:000377c0       _pjsip_dlg_on_rx_response  004387c0 f   pjsip-core-i386-win32-vc14-debug:sip_dialog.obj
 0001:00037f40       _create_uas_dialog         00438f40 f   pjsip-core-i386-win32-vc14-debug:sip_dialog.obj
 0001:00039de0       _pjsip_auth_clt_pref_dup   0043ade0 f   pjsip-core-i386-win32-vc14-debug:sip_auth_client.obj
 0001:00039e20       _pjsip_cred_info_dup       0043ae20 f   pjsip-core-i386-win32-vc14-debug:sip_auth_client.obj
 0001:00039f00       _pjsip_cred_info_cmp       0043af00 f   pjsip-core-i386-win32-vc14-debug:sip_auth_client.obj
 0001:0003a030       _pjsip_auth_clt_init       0043b030 f   pjsip-core-i386-win32-vc14-debug:sip_auth_client.obj
 0001:0003a0c0       _pjsip_auth_clt_deinit     0043b0c0 f   pjsip-core-i386-win32-vc14-debug:sip_auth_client.obj
 0001:0003a140       _pjsip_auth_clt_clone      0043b140 f   pjsip-core-i386-win32-vc14-debug:sip_auth_client.obj
 0001:0003a2d0       _pjsip_auth_clt_set_credentials 0043b2d0 f   pjsip-core-i386-win32-vc14-debug:sip_auth_client.obj
 0001:0003a650       _pjsip_auth_clt_set_prefs  0043b650 f   pjsip-core-i386-win32-vc14-debug:sip_auth_client.obj
 0001:0003a6d0       _pjsip_auth_clt_get_prefs  0043b6d0 f   pjsip-core-i386-win32-vc14-debug:sip_auth_client.obj
 0001:0003a730       _pjsip_auth_clt_init_req   0043b730 f   pjsip-core-i386-win32-vc14-debug:sip_auth_client.obj
 0001:0003aa00       _pjsip_auth_clt_reinit_req 0043ba00 f   pjsip-core-i386-win32-vc14-debug:sip_auth_client.obj
 0001:0003adc0       _pjsip_auth_create_digest  0043bdc0 f   pjsip-core-i386-win32-vc14-debug:sip_auth_client.obj
 0001:0003c740       _pjsip_register_hdr_parser 0043d740 f   pjsip-core-i386-win32-vc14-debug:sip_parser.obj
 0001:0003c860       _pjsip_register_uri_parser 0043d860 f   pjsip-core-i386-win32-vc14-debug:sip_parser.obj
 0001:0003c8c0       _pjsip_parse_uri           0043d8c0 f   pjsip-core-i386-win32-vc14-debug:sip_parser.obj
 0001:0003c9a0       _pjsip_parse_status_line   0043d9a0 f   pjsip-core-i386-win32-vc14-debug:sip_parser.obj
 0001:0003ca70       _pjsip_parse_msg           0043da70 f   pjsip-core-i386-win32-vc14-debug:sip_parser.obj
 0001:0003cae0       _pjsip_parse_rdata         0043dae0 f   pjsip-core-i386-win32-vc14-debug:sip_parser.obj
 0001:0003cb50       _pjsip_find_msg            0043db50 f   pjsip-core-i386-win32-vc14-debug:sip_parser.obj
 0001:0003ce50       _pjsip_parse_hdr           0043de50 f   pjsip-core-i386-win32-vc14-debug:sip_parser.obj
 0001:0003cf70       _pjsip_parse_headers       0043df70 f   pjsip-core-i386-win32-vc14-debug:sip_parser.obj
 0001:0003d1e0       _pjsip_parser_const        0043e1e0 f   pjsip-core-i386-win32-vc14-debug:sip_parser.obj
 0001:0003d1f0       _pjsip_parse_param_imp     0043e1f0 f   pjsip-core-i386-win32-vc14-debug:sip_parser.obj
 0001:0003d220       _pjsip_parse_uri_param_imp 0043e220 f   pjsip-core-i386-win32-vc14-debug:sip_parser.obj
 0001:0003d250       _pjsip_concat_param_imp    0043e250 f   pjsip-core-i386-win32-vc14-debug:sip_parser.obj
 0001:0003d350       _pjsip_parse_end_hdr_imp   0043e350 f   pjsip-core-i386-win32-vc14-debug:sip_parser.obj
 0001:0003d370       _pjsip_parse_generic_array_hdr_imp 0043e370 f   pjsip-core-i386-win32-vc14-debug:sip_parser.obj
 0001:0003ffe0       _init_sip_parser           00440fe0 f   pjsip-core-i386-win32-vc14-debug:sip_parser.obj
 0001:00040010       _deinit_sip_parser         00441010 f   pjsip-core-i386-win32-vc14-debug:sip_parser.obj
 0001:00042120       _pjsip_multipart_create    00443120 f   pjsip-core-i386-win32-vc14-debug:sip_multipart.obj
 0001:000422a0       _pjsip_multipart_create_part 004432a0 f   pjsip-core-i386-win32-vc14-debug:sip_multipart.obj
 0001:000422d0       _pjsip_multipart_clone_part 004432d0 f   pjsip-core-i386-win32-vc14-debug:sip_multipart.obj
 0001:00042350       _pjsip_multipart_add_part  00443350 f   pjsip-core-i386-win32-vc14-debug:sip_multipart.obj
 0001:00042450       _pjsip_multipart_get_first_part 00443450 f   pjsip-core-i386-win32-vc14-debug:sip_multipart.obj
 0001:000424e0       _pjsip_multipart_get_next_part 004434e0 f   pjsip-core-i386-win32-vc14-debug:sip_multipart.obj
 0001:000425d0       _pjsip_multipart_find_part 004435d0 f   pjsip-core-i386-win32-vc14-debug:sip_multipart.obj
 0001:000426b0       _pjsip_multipart_parse     004436b0 f   pjsip-core-i386-win32-vc14-debug:sip_multipart.obj
 0001:00042ab0       _pjsip_multipart_get_raw   00443ab0 f   pjsip-core-i386-win32-vc14-debug:sip_multipart.obj
 0001:000439b0       _pjsip_param_find          004449b0 f   pjsip-core-i386-win32-vc14-debug:sip_uri.obj
 0001:00043a00       _pjsip_param_cmp           00444a00 f   pjsip-core-i386-win32-vc14-debug:sip_uri.obj
 0001:00043ab0       _pjsip_param_clone         00444ab0 f   pjsip-core-i386-win32-vc14-debug:sip_uri.obj
 0001:00043b40       _pjsip_param_shallow_clone 00444b40 f   pjsip-core-i386-win32-vc14-debug:sip_uri.obj
 0001:00043bc0       _pjsip_param_print_on      00444bc0 f   pjsip-core-i386-win32-vc14-debug:sip_uri.obj
 0001:00043e00       _pjsip_sip_uri_create      00444e00 f   pjsip-core-i386-win32-vc14-debug:sip_uri.obj
 0001:00043e30       _pjsip_sip_uri_set_secure  00444e30 f   pjsip-core-i386-win32-vc14-debug:sip_uri.obj
 0001:00043e60       _pjsip_sip_uri_init        00444e60 f   pjsip-core-i386-win32-vc14-debug:sip_uri.obj
 0001:00043eb0       _pjsip_sip_uri_assign      00444eb0 f   pjsip-core-i386-win32-vc14-debug:sip_uri.obj
 0001:00043fd0       _pjsip_name_addr_create    00444fd0 f   pjsip-core-i386-win32-vc14-debug:sip_uri.obj
 0001:00044000       _pjsip_name_addr_init      00445000 f   pjsip-core-i386-win32-vc14-debug:sip_uri.obj
 0001:00044030       _pjsip_name_addr_assign    00445030 f   pjsip-core-i386-win32-vc14-debug:sip_uri.obj
 0001:00044070       _pjsip_other_uri_create    00445070 f   pjsip-core-i386-win32-vc14-debug:sip_uri.obj
 0001:000456e0       _pjsip_resolver_create     004466e0 f   pjsip-core-i386-win32-vc14-debug:sip_resolve.obj
 0001:00045740       _pjsip_resolver_set_resolver 00446740 f   pjsip-core-i386-win32-vc14-debug:sip_resolve.obj
 0001:00045750       _pjsip_resolver_set_ext_resolver 00446750 f   pjsip-core-i386-win32-vc14-debug:sip_resolve.obj
 0001:000457a0       _pjsip_resolver_get_resolver 004467a0 f   pjsip-core-i386-win32-vc14-debug:sip_resolve.obj
 0001:000457b0       _pjsip_resolver_destroy    004467b0 f   pjsip-core-i386-win32-vc14-debug:sip_resolve.obj
 0001:000457e0       _pjsip_resolve             004467e0 f   pjsip-core-i386-win32-vc14-debug:sip_resolve.obj
 0001:00047080       _pjsip_strerror            00448080 f   pjsip-core-i386-win32-vc14-debug:sip_errno.obj
 0001:000472e0       _pjsip_tel_uri_create      004482e0 f   pjsip-core-i386-win32-vc14-debug:sip_tel_uri.obj
 0001:00047320       _pjsip_tel_nb_cmp          00448320 f   pjsip-core-i386-win32-vc14-debug:sip_tel_uri.obj
 0001:00047c80       _pjsip_tel_uri_subsys_init 00448c80 f   pjsip-core-i386-win32-vc14-debug:sip_tel_uri.obj
 0001:00048400       _pjsip_endpt_respond       00449400 f   pjsip-core-i386-win32-vc14-debug:sip_util_statefull.obj
 0001:00048590       _pjsip_endpt_send_request  00449590 f   pjsip-core-i386-win32-vc14-debug:sip_util_statefull.obj
 0001:00048820       _pjsip_authorization_hdr_create 00449820 f   pjsip-core-i386-win32-vc14-debug:sip_auth_msg.obj
 0001:00048870       _pjsip_proxy_authorization_hdr_create 00449870 f   pjsip-core-i386-win32-vc14-debug:sip_auth_msg.obj
 0001:000488c0       _pjsip_www_authenticate_hdr_create 004498c0 f   pjsip-core-i386-win32-vc14-debug:sip_auth_msg.obj
 0001:00048900       _pjsip_proxy_authenticate_hdr_create 00449900 f   pjsip-core-i386-win32-vc14-debug:sip_auth_msg.obj
 0001:0004a470       _pjsip_auth_init_parser    0044b470 f   pjsip-core-i386-win32-vc14-debug:sip_auth_parser.obj
 0001:0004a590       _pjsip_auth_deinit_parser  0044b590 f   pjsip-core-i386-win32-vc14-debug:sip_auth_parser.obj
 0001:0004af80       _pjmedia_aud_subsys_init   0044bf80 f   pjmedia-audiodev-i386-win32-vc14-debug:audiodev.obj
 0001:0004b090       _pjmedia_aud_subsys_get_pool_factory 0044c090 f   pjmedia-audiodev-i386-win32-vc14-debug:audiodev.obj
 0001:0004b0b0       _pjmedia_aud_subsys_shutdown 0044c0b0 f   pjmedia-audiodev-i386-win32-vc14-debug:audiodev.obj
 0001:0004b120       _pjmedia_aud_register_factory 0044c120 f   pjmedia-audiodev-i386-win32-vc14-debug:audiodev.obj
 0001:0004b190       _pjmedia_aud_unregister_factory 0044c190 f   pjmedia-audiodev-i386-win32-vc14-debug:audiodev.obj
 0001:0004b2f0       _pjmedia_audiodev_strerror 0044c2f0 f   pjmedia-audiodev-i386-win32-vc14-debug:errno.obj
 0001:0004c980       _pjmedia_wmme_factory      0044d980 f   pjmedia-audiodev-i386-win32-vc14-debug:wmme_dev.obj
 0001:0004e430       _pjmedia_endpt_create2     0044f430 f   pjmedia-i386-win32-vc14-debug:endpoint.obj
 0001:0004e6f0       _pjmedia_endpt_destroy2    0044f6f0 f   pjmedia-i386-win32-vc14-debug:endpoint.obj
 0001:0004e7a0       _pjmedia_endpt_set_flag    0044f7a0 f   pjmedia-i386-win32-vc14-debug:endpoint.obj
 0001:0004e800       _pjmedia_endpt_get_flag    0044f800 f   pjmedia-i386-win32-vc14-debug:endpoint.obj
 0001:0004e860       _pjmedia_endpt_get_ioqueue 0044f860 f   pjmedia-i386-win32-vc14-debug:endpoint.obj
 0001:0004e8a0       _pjmedia_endpt_get_thread_count 0044f8a0 f   pjmedia-i386-win32-vc14-debug:endpoint.obj
 0001:0004e8e0       _pjmedia_endpt_get_thread  0044f8e0 f   pjmedia-i386-win32-vc14-debug:endpoint.obj
 0001:0004e960       _pjmedia_endpt_stop_threads 0044f960 f   pjmedia-i386-win32-vc14-debug:endpoint.obj
 0001:0004ea20       _pjmedia_endpt_create_pool 0044fa20 f   pjmedia-i386-win32-vc14-debug:endpoint.obj
 0001:0004ea60       _pjmedia_endpt_get_codec_mgr 0044fa60 f   pjmedia-i386-win32-vc14-debug:endpoint.obj
 0001:0004ea70       _pjmedia_endpt_create_sdp  0044fa70 f   pjmedia-i386-win32-vc14-debug:endpoint.obj
 0001:0004eba0       _pjmedia_endpt_create_base_sdp 0044fba0 f   pjmedia-i386-win32-vc14-debug:endpoint.obj
 0001:0004ed70       _pjmedia_endpt_create_audio_sdp 0044fd70 f   pjmedia-i386-win32-vc14-debug:endpoint.obj
 0001:0004f530       _pjmedia_endpt_dump        00450530 f   pjmedia-i386-win32-vc14-debug:endpoint.obj
 0001:0004f840       _pjmedia_endpt_atexit      00450840 f   pjmedia-i386-win32-vc14-debug:endpoint.obj
 0001:000502e0       _pjmedia_codec_g711_init   004512e0 f   pjmedia-i386-win32-vc14-debug:g711.obj
 0001:00050400       _pjmedia_codec_g711_deinit 00451400 f   pjmedia-i386-win32-vc14-debug:g711.obj
 0001:000512a0       _pjmedia_sdp_neg_state_str 004522a0 f   pjmedia-i386-win32-vc14-debug:sdp_neg.obj
 0001:000512d0       _pjmedia_sdp_neg_create_w_local_offer 004522d0 f   pjmedia-i386-win32-vc14-debug:sdp_neg.obj
 0001:00051410       _pjmedia_sdp_neg_create_w_remote_offer 00452410 f   pjmedia-i386-win32-vc14-debug:sdp_neg.obj
 0001:000515a0       _pjmedia_sdp_neg_set_prefer_remote_codec_order 004525a0 f   pjmedia-i386-win32-vc14-debug:sdp_neg.obj
 0001:000515e0       _pjmedia_sdp_neg_set_answer_multiple_codecs 004525e0 f   pjmedia-i386-win32-vc14-debug:sdp_neg.obj
 0001:00051620       _pjmedia_sdp_neg_get_state 00452620 f   pjmedia-i386-win32-vc14-debug:sdp_neg.obj
 0001:00051660       _pjmedia_sdp_neg_get_active_local 00452660 f   pjmedia-i386-win32-vc14-debug:sdp_neg.obj
 0001:000516e0       _pjmedia_sdp_neg_get_active_remote 004526e0 f   pjmedia-i386-win32-vc14-debug:sdp_neg.obj
 0001:00051760       _pjmedia_sdp_neg_was_answer_remote 00452760 f   pjmedia-i386-win32-vc14-debug:sdp_neg.obj
 0001:000517a0       _pjmedia_sdp_neg_get_neg_remote 004527a0 f   pjmedia-i386-win32-vc14-debug:sdp_neg.obj
 0001:00051820       _pjmedia_sdp_neg_get_neg_local 00452820 f   pjmedia-i386-win32-vc14-debug:sdp_neg.obj
 0001:000518a0       _pjmedia_sdp_neg_modify_local_offer 004528a0 f   pjmedia-i386-win32-vc14-debug:sdp_neg.obj
 0001:000518c0       _pjmedia_sdp_neg_modify_local_offer2 004528c0 f   pjmedia-i386-win32-vc14-debug:sdp_neg.obj
 0001:00051c20       _pjmedia_sdp_neg_send_local_offer 00452c20 f   pjmedia-i386-win32-vc14-debug:sdp_neg.obj
 0001:00051d60       _pjmedia_sdp_neg_set_remote_answer 00452d60 f   pjmedia-i386-win32-vc14-debug:sdp_neg.obj
 0001:00051e10       _pjmedia_sdp_neg_set_remote_offer 00452e10 f   pjmedia-i386-win32-vc14-debug:sdp_neg.obj
 0001:00051eb0       _pjmedia_sdp_neg_set_local_answer 00452eb0 f   pjmedia-i386-win32-vc14-debug:sdp_neg.obj
 0001:00052040       _pjmedia_sdp_neg_has_local_answer 00453040 f   pjmedia-i386-win32-vc14-debug:sdp_neg.obj
 0001:00052090       _pjmedia_sdp_neg_cancel_offer 00453090 f   pjmedia-i386-win32-vc14-debug:sdp_neg.obj
 0001:00052180       _pjmedia_sdp_neg_negotiate 00453180 f   pjmedia-i386-win32-vc14-debug:sdp_neg.obj
 0001:00052360       _pjmedia_sdp_neg_register_fmt_match_cb 00453360 f   pjmedia-i386-win32-vc14-debug:sdp_neg.obj
 0001:000524a0       _pjmedia_sdp_neg_fmt_match 004534a0 f   pjmedia-i386-win32-vc14-debug:sdp_neg.obj
 0001:00054f40       _pjmedia_snd_port_param_default 00455f40 f   pjmedia-i386-win32-vc14-debug:sound_port.obj
 0001:00054f60       _pjmedia_snd_port_create   00455f60 f   pjmedia-i386-win32-vc14-debug:sound_port.obj
 0001:00055030       _pjmedia_snd_port_create_rec 00456030 f   pjmedia-i386-win32-vc14-debug:sound_port.obj
 0001:000550f0       _pjmedia_snd_port_create_player 004560f0 f   pjmedia-i386-win32-vc14-debug:sound_port.obj
 0001:000551b0       _pjmedia_snd_port_create2  004561b0 f   pjmedia-i386-win32-vc14-debug:sound_port.obj
 0001:000553b0       _pjmedia_snd_port_destroy  004563b0 f   pjmedia-i386-win32-vc14-debug:sound_port.obj
 0001:000553f0       _pjmedia_snd_port_get_snd_stream 004563f0 f   pjmedia-i386-win32-vc14-debug:sound_port.obj
 0001:00055430       _pjmedia_snd_port_set_ec   00456430 f   pjmedia-i386-win32-vc14-debug:sound_port.obj
 0001:00055720       _pjmedia_snd_port_get_ec_tail 00456720 f   pjmedia-i386-win32-vc14-debug:sound_port.obj
 0001:00055820       _pjmedia_snd_port_get_clock_src 00456820 f   pjmedia-i386-win32-vc14-debug:sound_port.obj
 0001:00055850       _pjmedia_snd_port_connect  00456850 f   pjmedia-i386-win32-vc14-debug:sound_port.obj
 0001:00055920       _pjmedia_snd_port_get_port 00456920 f   pjmedia-i386-win32-vc14-debug:sound_port.obj
 0001:00055960       _pjmedia_snd_port_disconnect 00456960 f   pjmedia-i386-win32-vc14-debug:sound_port.obj
 0001:000565a0       _pjmedia_stream_info_from_sdp 004575a0 f   pjmedia-i386-win32-vc14-debug:stream_info.obj
 0001:00057ff0       _pjmedia_stream_create     00458ff0 f   pjmedia-i386-win32-vc14-debug:stream.obj
 0001:000593d0       _pjmedia_stream_destroy    0045a3d0 f   pjmedia-i386-win32-vc14-debug:stream.obj
 0001:00059660       _pjmedia_stream_get_last_jb_frame_type 0045a660 f   pjmedia-i386-win32-vc14-debug:stream.obj
 0001:00059670       _pjmedia_stream_get_port   0045a670 f   pjmedia-i386-win32-vc14-debug:stream.obj
 0001:00059690       _pjmedia_stream_get_transport 0045a690 f   pjmedia-i386-win32-vc14-debug:stream.obj
 0001:000596a0       _pjmedia_stream_start      0045a6a0 f   pjmedia-i386-win32-vc14-debug:stream.obj
 0001:00059800       _pjmedia_stream_get_info   0045a800 f   pjmedia-i386-win32-vc14-debug:stream.obj
 0001:00059860       _pjmedia_stream_get_stat   0045a860 f   pjmedia-i386-win32-vc14-debug:stream.obj
 0001:000598c0       _pjmedia_stream_reset_stat 0045a8c0 f   pjmedia-i386-win32-vc14-debug:stream.obj
 0001:00059910       _pjmedia_stream_get_stat_jbuf 0045a910 f   pjmedia-i386-win32-vc14-debug:stream.obj
 0001:00059970       _pjmedia_stream_pause      0045a970 f   pjmedia-i386-win32-vc14-debug:stream.obj
 0001:00059a70       _pjmedia_stream_resume     0045aa70 f   pjmedia-i386-win32-vc14-debug:stream.obj
 0001:00059b40       _pjmedia_stream_dial_dtmf  0045ab40 f   pjmedia-i386-win32-vc14-debug:stream.obj
 0001:00059d10       _pjmedia_stream_check_dtmf 0045ad10 f   pjmedia-i386-win32-vc14-debug:stream.obj
 0001:00059d40       _pjmedia_stream_get_dtmf   0045ad40 f   pjmedia-i386-win32-vc14-debug:stream.obj
 0001:00059e50       _pjmedia_stream_set_dtmf_callback 0045ae50 f   pjmedia-i386-win32-vc14-debug:stream.obj
 0001:00059ed0       _pjmedia_stream_send_rtcp_sdes 0045aed0 f   pjmedia-i386-win32-vc14-debug:stream.obj
 0001:00059f20       _pjmedia_stream_send_rtcp_bye 0045af20 f   pjmedia-i386-win32-vc14-debug:stream.obj
 0001:00059f90       _pjmedia_stream_get_rtp_session_info 0045af90 f   pjmedia-i386-win32-vc14-debug:stream.obj
 0001:0005e590       _pjmedia_transport_udp_create 0045f590 f   pjmedia-i386-win32-vc14-debug:transport_udp.obj
 0001:0005e5c0       _pjmedia_transport_udp_create2 0045f5c0 f   pjmedia-i386-win32-vc14-debug:transport_udp.obj
 0001:0005e5f0       _pjmedia_transport_udp_create3 0045f5f0 f   pjmedia-i386-win32-vc14-debug:transport_udp.obj
 0001:0005e7b0       _pjmedia_transport_udp_attach 0045f7b0 f   pjmedia-i386-win32-vc14-debug:transport_udp.obj
 0001:000603d0       _pjmedia_sdp_attr_create   004613d0 f   pjmedia-i386-win32-vc14-debug:sdp.obj
 0001:00060470       _pjmedia_sdp_attr_clone    00461470 f   pjmedia-i386-win32-vc14-debug:sdp.obj
 0001:00060500       _pjmedia_sdp_attr_find     00461500 f   pjmedia-i386-win32-vc14-debug:sdp.obj
 0001:000605d0       _pjmedia_sdp_attr_find2    004615d0 f   pjmedia-i386-win32-vc14-debug:sdp.obj
 0001:00060610       _pjmedia_sdp_attr_add      00461610 f   pjmedia-i386-win32-vc14-debug:sdp.obj
 0001:000606b0       _pjmedia_sdp_attr_remove_all 004616b0 f   pjmedia-i386-win32-vc14-debug:sdp.obj
 0001:000607c0       _pjmedia_sdp_attr_remove   004617c0 f   pjmedia-i386-win32-vc14-debug:sdp.obj
 0001:000608c0       _pjmedia_sdp_attr_to_rtpmap 004618c0 f   pjmedia-i386-win32-vc14-debug:sdp.obj
 0001:00060970       _pjmedia_sdp_attr_get_rtpmap 00461970 f   pjmedia-i386-win32-vc14-debug:sdp.obj
 0001:00060bf0       _pjmedia_sdp_rtpmap_to_attr 00461bf0 f   pjmedia-i386-win32-vc14-debug:sdp.obj
 0001:00060e00       _pjmedia_sdp_attr_get_fmtp 00461e00 f   pjmedia-i386-win32-vc14-debug:sdp.obj
 0001:00060f00       _pjmedia_sdp_attr_get_rtcp 00461f00 f   pjmedia-i386-win32-vc14-debug:sdp.obj
 0001:000610b0       _pjmedia_sdp_attr_create_rtcp 004620b0 f   pjmedia-i386-win32-vc14-debug:sdp.obj
 0001:000611e0       _pjmedia_sdp_attr_get_ssrc 004621e0 f   pjmedia-i386-win32-vc14-debug:sdp.obj
 0001:00061390       _pjmedia_sdp_attr_create_ssrc 00462390 f   pjmedia-i386-win32-vc14-debug:sdp.obj
 0001:00061420       _pjmedia_sdp_conn_clone    00462420 f   pjmedia-i386-win32-vc14-debug:sdp.obj
 0001:000614b0       _pjmedia_sdp_bandw_clone   004624b0 f   pjmedia-i386-win32-vc14-debug:sdp.obj
 0001:00061500       _pjmedia_sdp_media_clone   00462500 f   pjmedia-i386-win32-vc14-debug:sdp.obj
 0001:000617a0       _pjmedia_sdp_media_find_attr 004627a0 f   pjmedia-i386-win32-vc14-debug:sdp.obj
 0001:00061800       _pjmedia_sdp_media_find_attr2 00462800 f   pjmedia-i386-win32-vc14-debug:sdp.obj
 0001:00061860       _pjmedia_sdp_media_add_attr 00462860 f   pjmedia-i386-win32-vc14-debug:sdp.obj
 0001:00061890       _pjmedia_sdp_media_remove_all_attr 00462890 f   pjmedia-i386-win32-vc14-debug:sdp.obj
 0001:000618c0       _pjmedia_sdp_media_remove_attr 004628c0 f   pjmedia-i386-win32-vc14-debug:sdp.obj
 0001:000618f0       _pjmedia_sdp_transport_cmp 004628f0 f   pjmedia-i386-win32-vc14-debug:sdp.obj
 0001:00061960       _pjmedia_sdp_transport_get_proto 00462960 f   pjmedia-i386-win32-vc14-debug:sdp.obj
 0001:00061ae0       _pjmedia_sdp_media_deactivate 00462ae0 f   pjmedia-i386-win32-vc14-debug:sdp.obj
 0001:00061b30       _pjmedia_sdp_media_clone_deactivate 00462b30 f   pjmedia-i386-win32-vc14-debug:sdp.obj
 0001:00061d20       _pjmedia_sdp_parse         00462d20 f   pjmedia-i386-win32-vc14-debug:sdp.obj
 0001:00062400       _pjmedia_sdp_print         00463400 f   pjmedia-i386-win32-vc14-debug:sdp.obj
 0001:00062420       _pjmedia_sdp_validate      00463420 f   pjmedia-i386-win32-vc14-debug:sdp.obj
 0001:00062440       _pjmedia_sdp_validate2     00463440 f   pjmedia-i386-win32-vc14-debug:sdp.obj
 0001:000626e0       _pjmedia_sdp_session_clone 004636e0 f   pjmedia-i386-win32-vc14-debug:sdp.obj
 0001:00062960       _pjmedia_sdp_session_add_attr 00463960 f   pjmedia-i386-win32-vc14-debug:sdp.obj
 0001:00064b70       _pjmedia_get_aud_subsys    00465b70 f   pjmedia-i386-win32-vc14-debug:audiodev.obj
 0001:00064b80       _pjmedia_aud_driver_init   00465b80 f   pjmedia-i386-win32-vc14-debug:audiodev.obj
 0001:00064f00       _pjmedia_aud_driver_deinit 00465f00 f   pjmedia-i386-win32-vc14-debug:audiodev.obj
 0001:00064f70       _pjmedia_aud_dev_cap_name  00465f70 f   pjmedia-i386-win32-vc14-debug:audiodev.obj
 0001:00064fe0       _pjmedia_aud_param_set_cap 00465fe0 f   pjmedia-i386-win32-vc14-debug:audiodev.obj
 0001:00065040       _pjmedia_aud_param_get_cap 00466040 f   pjmedia-i386-win32-vc14-debug:audiodev.obj
 0001:000650b0       _pjmedia_aud_dev_refresh   004660b0 f   pjmedia-i386-win32-vc14-debug:audiodev.obj
 0001:00065160       _pjmedia_aud_dev_count     00466160 f   pjmedia-i386-win32-vc14-debug:audiodev.obj
 0001:00065170       _pjmedia_aud_dev_get_info  00466170 f   pjmedia-i386-win32-vc14-debug:audiodev.obj
 0001:00065230       _pjmedia_aud_dev_lookup    00466230 f   pjmedia-i386-win32-vc14-debug:audiodev.obj
 0001:00065410       _pjmedia_aud_dev_default_param 00466410 f   pjmedia-i386-win32-vc14-debug:audiodev.obj
 0001:00065510       _pjmedia_aud_stream_create 00466510 f   pjmedia-i386-win32-vc14-debug:audiodev.obj
 0001:00065790       _pjmedia_aud_stream_get_param 00466790 f   pjmedia-i386-win32-vc14-debug:audiodev.obj
 0001:00065860       _pjmedia_aud_stream_get_cap 00466860 f   pjmedia-i386-win32-vc14-debug:audiodev.obj
 0001:00065880       _pjmedia_aud_stream_set_cap 00466880 f   pjmedia-i386-win32-vc14-debug:audiodev.obj
 0001:000658a0       _pjmedia_aud_stream_start  004668a0 f   pjmedia-i386-win32-vc14-debug:audiodev.obj
 0001:000658c0       _pjmedia_aud_stream_stop   004668c0 f   pjmedia-i386-win32-vc14-debug:audiodev.obj
 0001:000658e0       _pjmedia_aud_stream_destroy 004668e0 f   pjmedia-i386-win32-vc14-debug:audiodev.obj
 0001:000661f0       _pjmedia_codec_param_clone 004671f0 f   pjmedia-i386-win32-vc14-debug:codec.obj
 0001:00066350       _pjmedia_codec_mgr_init    00467350 f   pjmedia-i386-win32-vc14-debug:codec.obj
 0001:00066420       _pjmedia_codec_mgr_destroy 00467420 f   pjmedia-i386-win32-vc14-debug:codec.obj
 0001:00066540       _pjmedia_codec_mgr_register_factory 00467540 f   pjmedia-i386-win32-vc14-debug:codec.obj
 0001:00066760       _pjmedia_codec_mgr_unregister_factory 00467760 f   pjmedia-i386-win32-vc14-debug:codec.obj
 0001:000668b0       _pjmedia_codec_mgr_enum_codecs 004678b0 f   pjmedia-i386-win32-vc14-debug:codec.obj
 0001:000669b0       _pjmedia_codec_mgr_get_codec_info 004679b0 f   pjmedia-i386-win32-vc14-debug:codec.obj
 0001:00066a80       _pjmedia_codec_info_to_id  00467a80 f   pjmedia-i386-win32-vc14-debug:codec.obj
 0001:00066b30       _pjmedia_codec_mgr_find_codecs_by_id 00467b30 f   pjmedia-i386-win32-vc14-debug:codec.obj
 0001:00066c80       _pjmedia_codec_mgr_set_codec_priority 00467c80 f   pjmedia-i386-win32-vc14-debug:codec.obj
 0001:00066d80       _pjmedia_codec_mgr_get_default_param 00467d80 f   pjmedia-i386-win32-vc14-debug:codec.obj
 0001:00066f70       _pjmedia_codec_mgr_set_default_param 00467f70 f   pjmedia-i386-win32-vc14-debug:codec.obj
 0001:00067180       _pjmedia_codec_mgr_alloc_codec 00468180 f   pjmedia-i386-win32-vc14-debug:codec.obj
 0001:00067270       _pjmedia_codec_mgr_dealloc_codec 00468270 f   pjmedia-i386-win32-vc14-debug:codec.obj
 0001:000678d0       _pjmedia_strerror          004688d0 f   pjmedia-i386-win32-vc14-debug:errno.obj
 0001:00067ad0       _pjmedia_plc_create        00468ad0 f   pjmedia-i386-win32-vc14-debug:plc_common.obj
 0001:00067ba0       _pjmedia_plc_save          00468ba0 f   pjmedia-i386-win32-vc14-debug:plc_common.obj
 0001:00067c00       _pjmedia_plc_generate      00468c00 f   pjmedia-i386-win32-vc14-debug:plc_common.obj
 0001:00067e00       _pjmedia_silence_det_create 00468e00 f   pjmedia-i386-win32-vc14-debug:silencedet.obj
 0001:00067ec0       _pjmedia_silence_det_set_name 00468ec0 f   pjmedia-i386-win32-vc14-debug:silencedet.obj
 0001:00067f30       _pjmedia_silence_det_set_fixed 00468f30 f   pjmedia-i386-win32-vc14-debug:silencedet.obj
 0001:00067f90       _pjmedia_silence_det_set_adaptive 00468f90 f   pjmedia-i386-win32-vc14-debug:silencedet.obj
 0001:00067ff0       _pjmedia_silence_det_set_params 00468ff0 f   pjmedia-i386-win32-vc14-debug:silencedet.obj
 0001:00068070       _pjmedia_silence_det_disable 00469070 f   pjmedia-i386-win32-vc14-debug:silencedet.obj
 0001:000680b0       _pjmedia_silence_det_detect 004690b0 f   pjmedia-i386-win32-vc14-debug:silencedet.obj
 0001:000680f0       _pjmedia_calc_avg_signal   004690f0 f   pjmedia-i386-win32-vc14-debug:silencedet.obj
 0001:00068170       _pjmedia_silence_det_apply 00469170 f   pjmedia-i386-win32-vc14-debug:silencedet.obj
 0001:00068620       _pjmedia_format_copy       00469620 f   pjmedia-i386-win32-vc14-debug:format.obj
 0001:00068640       _pjmedia_format_get_audio_format_detail 00469640 f   pjmedia-i386-win32-vc14-debug:format.obj
 0001:000686c0       _pjmedia_clock_src_init    004696c0 f   pjmedia-i386-win32-vc14-debug:clock_thread.obj
 0001:00068730       _pjmedia_clock_src_update  00469730 f   pjmedia-i386-win32-vc14-debug:clock_thread.obj
 0001:00068790       _pjmedia_clock_src_get_current_timestamp 00469790 f   pjmedia-i386-win32-vc14-debug:clock_thread.obj
 0001:00068830       _pjmedia_clock_src_get_time_msec 00469830 f   pjmedia-i386-win32-vc14-debug:clock_thread.obj
 0001:000688b0       _pjmedia_clock_create      004698b0 f   pjmedia-i386-win32-vc14-debug:clock_thread.obj
 0001:00068910       _pjmedia_clock_create2     00469910 f   pjmedia-i386-win32-vc14-debug:clock_thread.obj
 0001:00068ae0       _pjmedia_clock_start       00469ae0 f   pjmedia-i386-win32-vc14-debug:clock_thread.obj
 0001:00068bd0       _pjmedia_clock_stop        00469bd0 f   pjmedia-i386-win32-vc14-debug:clock_thread.obj
 0001:00068c70       _pjmedia_clock_modify      00469c70 f   pjmedia-i386-win32-vc14-debug:clock_thread.obj
 0001:00068cd0       _pjmedia_clock_wait        00469cd0 f   pjmedia-i386-win32-vc14-debug:clock_thread.obj
 0001:00068e50       _pjmedia_clock_destroy     00469e50 f   pjmedia-i386-win32-vc14-debug:clock_thread.obj
 0001:00069440       _pjmedia_port_info_init    0046a440 f   pjmedia-i386-win32-vc14-debug:port.obj
 0001:000694e0       _pjmedia_port_info_init2   0046a4e0 f   pjmedia-i386-win32-vc14-debug:port.obj
 0001:00069530       _pjmedia_port_get_clock_src 0046a530 f   pjmedia-i386-win32-vc14-debug:port.obj
 0001:00069560       _pjmedia_port_get_frame    0046a560 f   pjmedia-i386-win32-vc14-debug:port.obj
 0001:000695d0       _pjmedia_port_put_frame    0046a5d0 f   pjmedia-i386-win32-vc14-debug:port.obj
 0001:00069640       _pjmedia_port_destroy      0046a640 f   pjmedia-i386-win32-vc14-debug:port.obj
 0001:00069750       _pjmedia_echo_create       0046a750 f   pjmedia-i386-win32-vc14-debug:echo_common.obj
 0001:00069780       _pjmedia_echo_create2      0046a780 f   pjmedia-i386-win32-vc14-debug:echo_common.obj
 0001:00069a70       _pjmedia_echo_destroy      0046aa70 f   pjmedia-i386-win32-vc14-debug:echo_common.obj
 0001:00069ac0       _pjmedia_echo_reset        0046aac0 f   pjmedia-i386-win32-vc14-debug:echo_common.obj
 0001:00069b40       _pjmedia_echo_playback     0046ab40 f   pjmedia-i386-win32-vc14-debug:echo_common.obj
 0001:00069c50       _pjmedia_echo_capture      0046ac50 f   pjmedia-i386-win32-vc14-debug:echo_common.obj
 0001:00069d60       _pjmedia_echo_cancel       0046ad60 f   pjmedia-i386-win32-vc14-debug:echo_common.obj
 0001:0006a150       _pjmedia_rtcp_fb_setting_default 0046b150 f   pjmedia-i386-win32-vc14-debug:rtcp_fb.obj
 0001:0006a170       _pjmedia_rtcp_fb_setting_dup 0046b170 f   pjmedia-i386-win32-vc14-debug:rtcp_fb.obj
 0001:0006a200       _pjmedia_rtcp_fb_info_dup  0046b200 f   pjmedia-i386-win32-vc14-debug:rtcp_fb.obj
 0001:0006a290       _pjmedia_rtcp_fb_encode_sdp 0046b290 f   pjmedia-i386-win32-vc14-debug:rtcp_fb.obj
 0001:0006a640       _pjmedia_rtcp_fb_decode_sdp 0046b640 f   pjmedia-i386-win32-vc14-debug:rtcp_fb.obj
 0001:0006aa80       _pjmedia_rtcp_fb_build_nack 0046ba80 f   pjmedia-i386-win32-vc14-debug:rtcp_fb.obj
 0001:0006ac10       _pjmedia_rtcp_fb_build_pli 0046bc10 f   pjmedia-i386-win32-vc14-debug:rtcp_fb.obj
 0001:0006ad00       _pjmedia_rtcp_fb_build_sli 0046bd00 f   pjmedia-i386-win32-vc14-debug:rtcp_fb.obj
 0001:0006af00       _pjmedia_rtcp_fb_build_rpsi 0046bf00 f   pjmedia-i386-win32-vc14-debug:rtcp_fb.obj
 0001:0006b0e0       _pjmedia_rtcp_fb_parse_nack 0046c0e0 f   pjmedia-i386-win32-vc14-debug:rtcp_fb.obj
 0001:0006b280       _pjmedia_rtcp_fb_parse_pli 0046c280 f   pjmedia-i386-win32-vc14-debug:rtcp_fb.obj
 0001:0006b320       _pjmedia_rtcp_fb_parse_sli 0046c320 f   pjmedia-i386-win32-vc14-debug:rtcp_fb.obj
 0001:0006b510       _pjmedia_rtcp_fb_parse_rpsi 0046c510 f   pjmedia-i386-win32-vc14-debug:rtcp_fb.obj
 0001:0006c040       _pjmedia_stream_info_parse_fmtp 0046d040 f   pjmedia-i386-win32-vc14-debug:stream_common.obj
 0001:0006c390       _pjmedia_event_mgr_create  0046d390 f   pjmedia-i386-win32-vc14-debug:event.obj
 0001:0006c4d0       _pjmedia_event_mgr_instance 0046d4d0 f   pjmedia-i386-win32-vc14-debug:event.obj
 0001:0006c4e0       _pjmedia_event_mgr_set_instance 0046d4e0 f   pjmedia-i386-win32-vc14-debug:event.obj
 0001:0006c4f0       _pjmedia_event_mgr_destroy 0046d4f0 f   pjmedia-i386-win32-vc14-debug:event.obj
 0001:0006c5d0       _pjmedia_event_init        0046d5d0 f   pjmedia-i386-win32-vc14-debug:event.obj
 0001:0006c620       _pjmedia_event_subscribe   0046d620 f   pjmedia-i386-win32-vc14-debug:event.obj
 0001:0006c790       _pjmedia_event_unsubscribe 0046d790 f   pjmedia-i386-win32-vc14-debug:event.obj
 0001:0006c900       _pjmedia_event_publish     0046d900 f   pjmedia-i386-win32-vc14-debug:event.obj
 0001:0006d0d0       _pjmedia_jbuf_create       0046e0d0 f   pjmedia-i386-win32-vc14-debug:jbuf.obj
 0001:0006d230       _pjmedia_jbuf_set_ptime    0046e230 f   pjmedia-i386-win32-vc14-debug:jbuf.obj
 0001:0006d2c0       _pjmedia_jbuf_set_fixed    0046e2c0 f   pjmedia-i386-win32-vc14-debug:jbuf.obj
 0001:0006d360       _pjmedia_jbuf_set_adaptive 0046e360 f   pjmedia-i386-win32-vc14-debug:jbuf.obj
 0001:0006d420       _pjmedia_jbuf_set_discard  0046e420 f   pjmedia-i386-win32-vc14-debug:jbuf.obj
 0001:0006d4d0       _pjmedia_jbuf_destroy      0046e4d0 f   pjmedia-i386-win32-vc14-debug:jbuf.obj
 0001:0006d5c0       _pjmedia_jbuf_reset        0046e5c0 f   pjmedia-i386-win32-vc14-debug:jbuf.obj
 0001:0006d650       _pjmedia_jbuf_put_frame    0046e650 f   pjmedia-i386-win32-vc14-debug:jbuf.obj
 0001:0006d680       _pjmedia_jbuf_put_frame2   0046e680 f   pjmedia-i386-win32-vc14-debug:jbuf.obj
 0001:0006d6b0       _pjmedia_jbuf_put_frame3   0046e6b0 f   pjmedia-i386-win32-vc14-debug:jbuf.obj
 0001:0006d890       _pjmedia_jbuf_get_frame    0046e890 f   pjmedia-i386-win32-vc14-debug:jbuf.obj
 0001:0006d8c0       _pjmedia_jbuf_get_frame2   0046e8c0 f   pjmedia-i386-win32-vc14-debug:jbuf.obj
 0001:0006d8f0       _pjmedia_jbuf_get_frame3   0046e8f0 f   pjmedia-i386-win32-vc14-debug:jbuf.obj
 0001:0006da30       _pjmedia_jbuf_peek_frame   0046ea30 f   pjmedia-i386-win32-vc14-debug:jbuf.obj
 0001:0006da90       _pjmedia_jbuf_remove_frame 0046ea90 f   pjmedia-i386-win32-vc14-debug:jbuf.obj
 0001:0006db00       _pjmedia_jbuf_is_full      0046eb00 f   pjmedia-i386-win32-vc14-debug:jbuf.obj
 0001:0006db30       _pjmedia_jbuf_get_state    0046eb30 f   pjmedia-i386-win32-vc14-debug:jbuf.obj
 0001:0006f3f0       _pjmedia_rtp_session_init  004703f0 f   pjmedia-i386-win32-vc14-debug:rtp.obj
 0001:0006f560       _pjmedia_rtp_session_init2 00470560 f   pjmedia-i386-win32-vc14-debug:rtp.obj
 0001:0006f620       _pjmedia_rtp_encode_rtp    00470620 f   pjmedia-i386-win32-vc14-debug:rtp.obj
 0001:0006f6f0       _pjmedia_rtp_decode_rtp    004706f0 f   pjmedia-i386-win32-vc14-debug:rtp.obj
 0001:0006f720       _pjmedia_rtp_decode_rtp2   00470720 f   pjmedia-i386-win32-vc14-debug:rtp.obj
 0001:0006f860       _pjmedia_rtp_session_update 00470860 f   pjmedia-i386-win32-vc14-debug:rtp.obj
 0001:0006f880       _pjmedia_rtp_session_update2 00470880 f   pjmedia-i386-win32-vc14-debug:rtp.obj
 0001:0006fa20       _pjmedia_rtp_seq_init      00470a20 f   pjmedia-i386-win32-vc14-debug:rtp.obj
 0001:0006fa50       _pjmedia_rtp_seq_update    00470a50 f   pjmedia-i386-win32-vc14-debug:rtp.obj
 0001:0006ffc0       _pjmedia_rtcp_session_setting_default 00470fc0 f   pjmedia-i386-win32-vc14-debug:rtcp.obj
 0001:0006ffe0       _pjmedia_rtcp_init_stat    00470fe0 f   pjmedia-i386-win32-vc14-debug:rtcp.obj
 0001:00070090       _pjmedia_rtcp_init         00471090 f   pjmedia-i386-win32-vc14-debug:rtcp.obj
 0001:000700d0       _pjmedia_rtcp_init2        004710d0 f   pjmedia-i386-win32-vc14-debug:rtcp.obj
 0001:00070270       _pjmedia_rtcp_get_ntp_time 00471270 f   pjmedia-i386-win32-vc14-debug:rtcp.obj
 0001:000704c0       _pjmedia_rtcp_fini         004714c0 f   pjmedia-i386-win32-vc14-debug:rtcp.obj
 0001:000704d0       _pjmedia_rtcp_rx_rtp       004714d0 f   pjmedia-i386-win32-vc14-debug:rtcp.obj
 0001:000704f0       _pjmedia_rtcp_rx_rtp2      004714f0 f   pjmedia-i386-win32-vc14-debug:rtcp.obj
 0001:000707c0       _pjmedia_rtcp_tx_rtp       004717c0 f   pjmedia-i386-win32-vc14-debug:rtcp.obj
 0001:000707f0       _pjmedia_rtcp_rx_rtcp      004717f0 f   pjmedia-i386-win32-vc14-debug:rtcp.obj
 0001:000708f0       _pjmedia_rtcp_build_rtcp   004718f0 f   pjmedia-i386-win32-vc14-debug:rtcp.obj
 0001:00070d30       _pjmedia_rtcp_build_rtcp_sdes 00471d30 f   pjmedia-i386-win32-vc14-debug:rtcp.obj
 0001:000711e0       _pjmedia_rtcp_build_rtcp_bye 004721e0 f   pjmedia-i386-win32-vc14-debug:rtcp.obj
 0001:000713a0       _pjmedia_rtcp_enable_xr    004723a0 f   pjmedia-i386-win32-vc14-debug:rtcp.obj
 0001:000724e0       _pjmedia_srtp_init_lib     004734e0 f   pjmedia-i386-win32-vc14-debug:transport_srtp.obj
 0001:00072590       _pjmedia_srtp_setting_default 00473590 f   pjmedia-i386-win32-vc14-debug:transport_srtp.obj
 0001:000725e0       _pjmedia_srtp_enum_crypto  004735e0 f   pjmedia-i386-win32-vc14-debug:transport_srtp.obj
 0001:000726a0       _pjmedia_srtp_enum_keying  004736a0 f   pjmedia-i386-win32-vc14-debug:transport_srtp.obj
 0001:00072720       _pjmedia_transport_srtp_create 00473720 f   pjmedia-i386-win32-vc14-debug:transport_srtp.obj
 0001:00072b10       _pjmedia_transport_srtp_dtls_get_fingerprint 00473b10 f   pjmedia-i386-win32-vc14-debug:transport_srtp.obj
 0001:00072b20       _pjmedia_transport_srtp_dtls_start_nego 00473b20 f   pjmedia-i386-win32-vc14-debug:transport_srtp.obj
 0001:00072b30       _pjmedia_transport_srtp_start 00473b30 f   pjmedia-i386-win32-vc14-debug:transport_srtp.obj
 0001:00073490       _pjmedia_transport_srtp_stop 00474490 f   pjmedia-i386-win32-vc14-debug:transport_srtp.obj
 0001:000735f0       _pjmedia_transport_srtp_decrypt_pkt 004745f0 f   pjmedia-i386-win32-vc14-debug:transport_srtp.obj
 0001:000737c0       _pjmedia_transport_srtp_get_member 004747c0 f   pjmedia-i386-win32-vc14-debug:transport_srtp.obj
 0001:00075040       _get_libsrtp_errstr        00476040 f   pjmedia-i386-win32-vc14-debug:transport_srtp.obj
 0001:00077810       _pjmedia_wsola_create      00478810 f   pjmedia-i386-win32-vc14-debug:wsola.obj
 0001:00077b60       _pjmedia_wsola_set_max_expand 00478b60 f   pjmedia-i386-win32-vc14-debug:wsola.obj
 0001:00077bb0       _pjmedia_wsola_destroy     00478bb0 f   pjmedia-i386-win32-vc14-debug:wsola.obj
 0001:00077bc0       _pjmedia_wsola_reset       00478bc0 f   pjmedia-i386-win32-vc14-debug:wsola.obj
 0001:00077c60       _pjmedia_wsola_save        00478c60 f   pjmedia-i386-win32-vc14-debug:wsola.obj
 0001:000780a0       _pjmedia_wsola_generate    004790a0 f   pjmedia-i386-win32-vc14-debug:wsola.obj
 0001:00078190       _pjmedia_wsola_discard     00479190 f   pjmedia-i386-win32-vc14-debug:wsola.obj
 0001:00079c70       _echo_supp_create          0047ac70 f   pjmedia-i386-win32-vc14-debug:echo_suppress.obj
 0001:00079e40       _echo_supp_destroy         0047ae40 f   pjmedia-i386-win32-vc14-debug:echo_suppress.obj
 0001:00079e50       _echo_supp_reset           0047ae50 f   pjmedia-i386-win32-vc14-debug:echo_suppress.obj
 0001:00079fa0       _echo_supp_cancel_echo     0047afa0 f   pjmedia-i386-win32-vc14-debug:echo_suppress.obj
 0001:0007a4b0       _echo_supp_soft_reset      0047b4b0 f   pjmedia-i386-win32-vc14-debug:echo_suppress.obj
 0001:0007b550       _speex_aec_create          0047c550 f   pjmedia-i386-win32-vc14-debug:echo_speex.obj
 0001:0007b710       _speex_aec_destroy         0047c710 f   pjmedia-i386-win32-vc14-debug:echo_speex.obj
 0001:0007b7a0       _speex_aec_reset           0047c7a0 f   pjmedia-i386-win32-vc14-debug:echo_speex.obj
 0001:0007b7c0       _speex_aec_cancel_echo     0047c7c0 f   pjmedia-i386-win32-vc14-debug:echo_speex.obj
 0001:0007b880       _speex_aec_playback        0047c880 f   pjmedia-i386-win32-vc14-debug:echo_speex.obj
 0001:0007b8e0       _speex_aec_capture         0047c8e0 f   pjmedia-i386-win32-vc14-debug:echo_speex.obj
 0001:0007ba90       _pjmedia_delay_buf_create  0047ca90 f   pjmedia-i386-win32-vc14-debug:delaybuf.obj
 0001:0007bc80       _pjmedia_delay_buf_put     0047cc80 f   pjmedia-i386-win32-vc14-debug:delaybuf.obj
 0001:0007be50       _pjmedia_delay_buf_get     0047ce50 f   pjmedia-i386-win32-vc14-debug:delaybuf.obj
 0001:0007c050       _pjmedia_delay_buf_reset   0047d050 f   pjmedia-i386-win32-vc14-debug:delaybuf.obj
 0001:0007c100       _pjmedia_delay_buf_destroy 0047d100 f   pjmedia-i386-win32-vc14-debug:delaybuf.obj
 0001:0007cc30       _pjlib_util_init           0047dc30 f   pjlib-util-i386-win32-vc14-debug:errno.obj
 0001:0007cc80       _pjlib_util_strerror       0047dc80 f   pjlib-util-i386-win32-vc14-debug:errno.obj
 0001:0007ce20       _pj_getopt                 0047de20 f   pjlib-util-i386-win32-vc14-debug:getopt.obj
 0001:0007ce40       _pj_getopt_long            0047de40 f   pjlib-util-i386-win32-vc14-debug:getopt.obj
 0001:0007dea0       _pj_cis_buf_init           0047eea0 f   pjlib-util-i386-win32-vc14-debug:scanner.obj
 0001:0007ded0       _pj_cis_init               0047eed0 f   pjlib-util-i386-win32-vc14-debug:scanner.obj
 0001:0007df50       _pj_cis_dup                0047ef50 f   pjlib-util-i386-win32-vc14-debug:scanner.obj
 0001:0007e010       _pj_cis_add_range          0047f010 f   pjlib-util-i386-win32-vc14-debug:scanner.obj
 0001:0007e070       _pj_cis_add_alpha          0047f070 f   pjlib-util-i386-win32-vc14-debug:scanner.obj
 0001:0007e0a0       _pj_cis_add_num            0047f0a0 f   pjlib-util-i386-win32-vc14-debug:scanner.obj
 0001:0007e0c0       _pj_cis_add_str            0047f0c0 f   pjlib-util-i386-win32-vc14-debug:scanner.obj
 0001:0007e110       _pj_cis_add_cis            0047f110 f   pjlib-util-i386-win32-vc14-debug:scanner.obj
 0001:0007e180       _pj_cis_del_range          0047f180 f   pjlib-util-i386-win32-vc14-debug:scanner.obj
 0001:0007e1c0       _pj_cis_del_str            0047f1c0 f   pjlib-util-i386-win32-vc14-debug:scanner.obj
 0001:0007e210       _pj_cis_invert             0047f210 f   pjlib-util-i386-win32-vc14-debug:scanner.obj
 0001:0007e2a0       _pj_scan_init              0047f2a0 f   pjlib-util-i386-win32-vc14-debug:scanner.obj
 0001:0007e310       _pj_scan_fini              0047f310 f   pjlib-util-i386-win32-vc14-debug:scanner.obj
 0001:0007e330       _pj_scan_peek              0047f330 f   pjlib-util-i386-win32-vc14-debug:scanner.obj
 0001:0007e3a0       _pj_scan_peek_n            0047f3a0 f   pjlib-util-i386-win32-vc14-debug:scanner.obj
 0001:0007e3f0       _pj_scan_peek_until        0047f3f0 f   pjlib-util-i386-win32-vc14-debug:scanner.obj
 0001:0007e470       _pj_scan_get               0047f470 f   pjlib-util-i386-win32-vc14-debug:scanner.obj
 0001:0007e530       _pj_scan_get_unescape      0047f530 f   pjlib-util-i386-win32-vc14-debug:scanner.obj
 0001:0007e750       _pj_scan_get_quote         0047f750 f   pjlib-util-i386-win32-vc14-debug:scanner.obj
 0001:0007e780       _pj_scan_get_quotes        0047f780 f   pjlib-util-i386-win32-vc14-debug:scanner.obj
 0001:0007e930       _pj_scan_get_n             0047f930 f   pjlib-util-i386-win32-vc14-debug:scanner.obj
 0001:0007e9a0       _pj_scan_get_char          0047f9a0 f   pjlib-util-i386-win32-vc14-debug:scanner.obj
 0001:0007ea00       _pj_scan_get_until         0047fa00 f   pjlib-util-i386-win32-vc14-debug:scanner.obj
 0001:0007eaa0       _pj_scan_get_until_ch      0047faa0 f   pjlib-util-i386-win32-vc14-debug:scanner.obj
 0001:0007eb30       _pj_scan_get_until_chr     0047fb30 f   pjlib-util-i386-win32-vc14-debug:scanner.obj
 0001:0007ebe0       _pj_scan_advance_n         0047fbe0 f   pjlib-util-i386-win32-vc14-debug:scanner.obj
 0001:0007ec40       _pj_scan_strcmp            0047fc40 f   pjlib-util-i386-win32-vc14-debug:scanner.obj
 0001:0007ec80       _pj_scan_stricmp           0047fc80 f   pjlib-util-i386-win32-vc14-debug:scanner.obj
 0001:0007ecc0       _pj_scan_stricmp_alnum     0047fcc0 f   pjlib-util-i386-win32-vc14-debug:scanner.obj
 0001:0007ed00       _pj_scan_get_newline       0047fd00 f   pjlib-util-i386-win32-vc14-debug:scanner.obj
 0001:0007ed90       _pj_scan_skip_whitespace   0047fd90 f   pjlib-util-i386-win32-vc14-debug:scanner.obj
 0001:0007ef80       _pj_scan_skip_line         0047ff80 f   pjlib-util-i386-win32-vc14-debug:scanner.obj
 0001:0007efe0       _pj_scan_save_state        0047ffe0 f   pjlib-util-i386-win32-vc14-debug:scanner.obj
[...]
 0003:00047b9c       ?name@UnDecorator@@0PBDB   005f1b9c     libvcruntimed:undname.obj
 0003:00047ba0       ?outputString@UnDecorator@@0PADA 005f1ba0     libvcruntimed:undname.obj
 0003:00047ba4       ?maxStringLength@UnDecorator@@0HA 005f1ba4     libvcruntimed:undname.obj
 0003:00047ba8       ?disableFlags@UnDecorator@@0KA 005f1ba8     libvcruntimed:undname.obj
 0003:00047bac       ?fExplicitTemplateParams@UnDecorator@@0_NA 005f1bac     libvcruntimed:undname.obj
 0003:00047bad       ?fGetTemplateArgumentList@UnDecorator@@0_NA 005f1bad     libvcruntimed:undname.obj
 0003:00047bb0       ?m_pGetParameter@UnDecorator@@0P6APADJ@ZA 005f1bb0     libvcruntimed:undname.obj
 0003:00047c38       ?nodes@?1??make@DNameStatusNode@@SAPAV2@W4DNameStatus@@@Z@4PAV2@A 005f1c38     libvcruntimed:undname.obj
 0003:00047c74       ??_B?1??make@DNameStatusNode@@SAPAV1@W4DNameStatus@@@Z@51 005f1c74     libvcruntimed:undname.obj
 0003:00047c78       __nstream                  005f1c78     libucrtd:_file.obj
 0003:00047c7c       ___piob                    005f1c7c     libucrtd:_file.obj
 0003:00047c84       __cflush                   005f1c84     libucrtd:_file.obj
 0003:000487cc       __environ_table            005f27cc     libucrtd:environment_initialization.obj
 0003:000487d0       __wenviron_table           005f27d0     libucrtd:environment_initialization.obj
 0003:000487d8       ___dcrt_initial_wide_environment 005f27d8     libucrtd:environment_initialization.obj
 0003:000487dc       ___dcrt_initial_narrow_environment 005f27dc     libucrtd:environment_initialization.obj
 0003:000487e0       ___argc                    005f27e0     libucrtd:argv_data.obj
 0003:000487e4       ___argv                    005f27e4     libucrtd:argv_data.obj
 0003:000487e8       ___wargv                   005f27e8     libucrtd:argv_data.obj
 0003:000487ec       __acmdln                   005f27ec     libucrtd:argv_data.obj
 0003:000487f0       __wcmdln                   005f27f0     libucrtd:argv_data.obj
 0003:000487f4       __pgmptr                   005f27f4     libucrtd:argv_data.obj
 0003:000487f8       __wpgmptr                  005f27f8     libucrtd:argv_data.obj
 0003:000487fc       ___acrt_locale_changed_data 005f27fc     libucrtd:wsetlocale.obj
 0003:00048804       __commode                  005f2804     libucrtd:ncommode.obj
 0003:00048808       ___acrt_atexit_table       005f2808     libucrtd:onexit.obj
 0003:00048818       ___acrt_at_quick_exit_table 005f2818     libucrtd:onexit.obj
 0003:00048844       __pfnDumpClient            005f2844     libucrtd:debug_heap.obj
 0003:00048854       ___acrt_stdout_buffer      005f2854     libucrtd:_sftbuf.obj
 0003:00048858       ___acrt_stderr_buffer      005f2858     libucrtd:_sftbuf.obj
 0003:0004885c       ___acrt_current_locale_data 005f285c     libucrtd:nlsdata.obj
 0003:00048860       ___pioinfo                 005f2860     libucrtd:ioinit.obj
 0003:00048ac8       __nhandle                  005f2ac8     libucrtd:ioinit.obj
 0003:00048ae8       ___fastflag                005f2ae8     libucrtd:fp_flags.obj
 0003:00048d74       ___mbcodepage              005f2d74     libucrtd:mbctype.obj
 0003:00048d78       ___ismbcodepage            005f2d78     libucrtd:mbctype.obj
 0003:00048d7c       ___mbulinfo                005f2d7c     libucrtd:mbctype.obj
 0003:00048d90       ___mblocalename            005f2d90     libucrtd:mbctype.obj
 0003:00048d98       __fmode                    005f2d98     libucrtd:txtmode.obj
 0003:00048d9c       ___acrt_lconv_static_null  005f2d9c     libucrtd:localeconv.obj
 0003:00048da0       ___acrt_lconv_static_W_null 005f2da0     libucrtd:localeconv.obj
 0003:00048da4       ___acrt_heap               005f2da4     libucrtd:heap_handle.obj
 0003:00048dac       __pReportHookListW         005f2dac     libucrtd:dbgrptt.obj
 0003:00048db0       __pfnReportHook            005f2db0     libucrtd:dbgrptt.obj
 0003:00048db4       __pReportHookList          005f2db4     libucrtd:dbgrptt.obj
 0003:00048dbc       ?g_OutOfMemoryExceptionCallback@@3P6GPAXXZA 005f2dbc     libvcruntimed:frame.obj
 0003:00048dc0       ?_OptionsStorage@?1??__local_stdio_printf_options@@9@9 005f2dc0     <common>
 0003:00048dd4       _pjsip_dlg_lock_tls_id     005f2dd4     <common>
 0003:00048de0       _PJ_NO_MEMORY_EXCEPTION    005f2de0     <common>
 0003:00048e00       _bit_string                005f2e00     <common>
 0003:000492d8       ?_OptionsStorage@?1??__local_stdio_scanf_options@@9@9 005f32d8     <common>
 0003:000492ec       ___scrt_ucrt_dll_is_in_use 005f32ec     <common>
 0003:000492f8       ___dyn_tls_dtor_callback   005f32f8     <common>
 0003:00049304       ___dyn_tls_init_callback   005f3304     <common>
 0003:00049310       __setjmpexused             005f3310     <common>
 0003:0004931c       __pmatherr                 005f331c     <common>
 0003:00049328       ___use_sse2_mathfcns       005f3328     <common>
 0004:00000000       __imp__SystemFunction036@8 005f4000     advapi32:ADVAPI32.dll
 0004:00000004       \177ADVAPI32_NULL_THUNK_DATA 005f4004     advapi32:ADVAPI32.dll
 0004:00000030       __imp__ReadFile@20         005f4030     kernel32:KERNEL32.dll
 0004:00000034       __imp__SetFilePointerEx@20 005f4034     kernel32:KERNEL32.dll
 0004:00000038       __imp__GetConsoleMode@8    005f4038     kernel32:KERNEL32.dll
 0004:0000003c       __imp__GetConsoleCP@0      005f403c     kernel32:KERNEL32.dll
 0004:00000040       __imp__FlushFileBuffers@4  005f4040     kernel32:KERNEL32.dll
 0004:00000044       __imp__HeapQueryInformation@20 005f4044     kernel32:KERNEL32.dll
 0004:00000048       __imp__HeapSize@12         005f4048     kernel32:KERNEL32.dll
 0004:0000004c       __imp__HeapReAlloc@16      005f404c     kernel32:KERNEL32.dll
 0004:00000050       __imp__HeapFree@12         005f4050     kernel32:KERNEL32.dll
 0004:00000054       __imp__GetProcessHeap@0    005f4054     kernel32:KERNEL32.dll
 0004:00000058       __imp__SetStdHandle@8      005f4058     kernel32:KERNEL32.dll
 0004:0000005c       __imp__SetEnvironmentVariableW@8 005f405c     kernel32:KERNEL32.dll
 0004:00000060       __imp__SetEnvironmentVariableA@8 005f4060     kernel32:KERNEL32.dll
 0004:00000064       __imp__FreeEnvironmentStringsW@4 005f4064     kernel32:KERNEL32.dll
 0004:00000068       __imp__GetEnvironmentStringsW@0 005f4068     kernel32:KERNEL32.dll
 0004:0000006c       __imp__GetCPInfo@8         005f406c     kernel32:KERNEL32.dll
 0004:00000070       __imp__GetOEMCP@0          005f4070     kernel32:KERNEL32.dll
 0004:00000074       __imp__IsValidCodePage@4   005f4074     kernel32:KERNEL32.dll
 0004:00000078       __imp__FindNextFileW@8     005f4078     kernel32:KERNEL32.dll
 0004:0000007c       __imp__FindNextFileA@8     005f407c     kernel32:KERNEL32.dll
 0004:00000080       __imp__FindFirstFileExW@24 005f4080     kernel32:KERNEL32.dll
 0004:00000084       __imp__FindFirstFileExA@24 005f4084     kernel32:KERNEL32.dll
 0004:00000088       __imp__FindClose@4         005f4088     kernel32:KERNEL32.dll
 0004:0000008c       __imp__DecodePointer@4     005f408c     kernel32:KERNEL32.dll
 0004:00000090       __imp__EncodePointer@4     005f4090     kernel32:KERNEL32.dll
 0004:00000094       __imp__EnumSystemLocalesW@8 005f4094     kernel32:KERNEL32.dll
 0004:00000098       __imp__GetUserDefaultLCID@0 005f4098     kernel32:KERNEL32.dll
 0004:0000009c       __imp__IsValidLocale@8     005f409c     kernel32:KERNEL32.dll
 0004:000000a0       __imp__GetLocaleInfoW@16   005f40a0     kernel32:KERNEL32.dll
 0004:000000a4       __imp__LCMapStringW@24     005f40a4     kernel32:KERNEL32.dll
 0004:000000a8       __imp__CompareStringW@24   005f40a8     kernel32:KERNEL32.dll
 0004:000000ac       __imp__GetTimeFormatW@24   005f40ac     kernel32:KERNEL32.dll
 0004:000000b0       __imp__GetDateFormatW@24   005f40b0     kernel32:KERNEL32.dll
 0004:000000b4       __imp__SetConsoleCtrlHandler@8 005f40b4     kernel32:KERNEL32.dll
 0004:000000b8       __imp__WaitForSingleObjectEx@12 005f40b8     kernel32:KERNEL32.dll
 0004:000000bc       __imp__OutputDebugStringW@4 005f40bc     kernel32:KERNEL32.dll
 0004:000000c0       __imp__OutputDebugStringA@4 005f40c0     kernel32:KERNEL32.dll
 0004:000000c4       __imp__GetStringTypeW@16   005f40c4     kernel32:KERNEL32.dll
 0004:000000c8       __imp__GetSystemInfo@4     005f40c8     kernel32:KERNEL32.dll
 0004:000000cc       __imp__HeapValidate@12     005f40cc     kernel32:KERNEL32.dll
 0004:000000d0       __imp__HeapAlloc@12        005f40d0     kernel32:KERNEL32.dll
 0004:000000d4       __imp__RaiseException@16   005f40d4     kernel32:KERNEL32.dll
 0004:000000d8       __imp__GetACP@0            005f40d8     kernel32:KERNEL32.dll
 0004:000000dc       __imp__GetCommandLineW@0   005f40dc     kernel32:KERNEL32.dll
 0004:000000e0       __imp__GetCommandLineA@0   005f40e0     kernel32:KERNEL32.dll
 0004:000000e4       __imp__WideCharToMultiByte@32 005f40e4     kernel32:KERNEL32.dll
 0004:000000e8       __imp__MultiByteToWideChar@24 005f40e8     kernel32:KERNEL32.dll
 0004:000000ec       __imp__WriteFile@20        005f40ec     kernel32:KERNEL32.dll
 0004:000000f0       __imp__ExitProcess@4       005f40f0     kernel32:KERNEL32.dll
 0004:000000f4       __imp__WriteConsoleW@20    005f40f4     kernel32:KERNEL32.dll
 0004:000000f8       __imp__GetModuleHandleExW@12 005f40f8     kernel32:KERNEL32.dll
 0004:000000fc       __imp__GetModuleFileNameA@12 005f40fc     kernel32:KERNEL32.dll
 0004:00000100       __imp__GetFileType@4       005f4100     kernel32:KERNEL32.dll
 0004:00000104       __imp__LoadLibraryExW@12   005f4104     kernel32:KERNEL32.dll
 0004:00000108       __imp__ReadConsoleW@20     005f4108     kernel32:KERNEL32.dll
 0004:0000010c       __imp__RtlUnwind@16        005f410c     kernel32:KERNEL32.dll
 0004:00000110       __imp__InterlockedFlushSList@4 005f4110     kernel32:KERNEL32.dll
 0004:00000114       __imp__InterlockedPushEntrySList@8 005f4114     kernel32:KERNEL32.dll
 0004:00000118       __imp__GetModuleFileNameW@12 005f4118     kernel32:KERNEL32.dll
 0004:0000011c       __imp__CloseHandle@4       005f411c     kernel32:KERNEL32.dll
 0004:00000120       __imp__SetEvent@4          005f4120     kernel32:KERNEL32.dll
 0004:00000124       __imp__CreateEventA@16     005f4124     kernel32:KERNEL32.dll
 0004:00000128       __imp__GetCurrentThread@0  005f4128     kernel32:KERNEL32.dll
 0004:0000012c       __imp__SetThreadPriority@8 005f412c     kernel32:KERNEL32.dll
 0004:00000130       __imp__WaitForMultipleObjects@16 005f4130     kernel32:KERNEL32.dll
 0004:00000134       __imp__GetStdHandle@4      005f4134     kernel32:KERNEL32.dll
 0004:00000138       __imp__GetLastError@0      005f4138     kernel32:KERNEL32.dll
 0004:0000013c       __imp__InitializeCriticalSection@4 005f413c     kernel32:KERNEL32.dll
 0004:00000140       __imp__EnterCriticalSection@4 005f4140     kernel32:KERNEL32.dll
 0004:00000144       __imp__LeaveCriticalSection@4 005f4144     kernel32:KERNEL32.dll
 0004:00000148       __imp__TryEnterCriticalSection@4 005f4148     kernel32:KERNEL32.dll
 0004:0000014c       __imp__DeleteCriticalSection@4 005f414c     kernel32:KERNEL32.dll
 0004:00000150       __imp__ResetEvent@4        005f4150     kernel32:KERNEL32.dll
 0004:00000154       __imp__ReleaseSemaphore@12 005f4154     kernel32:KERNEL32.dll
 0004:00000158       __imp__WaitForSingleObject@8 005f4158     kernel32:KERNEL32.dll
 0004:0000015c       __imp__Sleep@4             005f415c     kernel32:KERNEL32.dll
 0004:00000160       __imp__GetCurrentProcessId@0 005f4160     kernel32:KERNEL32.dll
 0004:00000164       __imp__CreateThread@24     005f4164     kernel32:KERNEL32.dll
 0004:00000168       __imp__GetCurrentThreadId@0 005f4168     kernel32:KERNEL32.dll
 0004:0000016c       __imp__GetThreadPriority@4 005f416c     kernel32:KERNEL32.dll
 0004:00000170       __imp__ResumeThread@4      005f4170     kernel32:KERNEL32.dll
 0004:00000174       __imp__TlsAlloc@0          005f4174     kernel32:KERNEL32.dll
 0004:00000178       __imp__TlsGetValue@4       005f4178     kernel32:KERNEL32.dll
 0004:0000017c       __imp__TlsSetValue@8       005f417c     kernel32:KERNEL32.dll
 0004:00000180       __imp__TlsFree@4           005f4180     kernel32:KERNEL32.dll
 0004:00000184       __imp__CreateFileW@28      005f4184     kernel32:KERNEL32.dll
 0004:00000188       __imp__CreateSemaphoreA@16 005f4188     kernel32:KERNEL32.dll
 0004:0000018c       __imp__GetConsoleScreenBufferInfo@8 005f418c     kernel32:KERNEL32.dll
 0004:00000190       __imp__SetConsoleTextAttribute@8 005f4190     kernel32:KERNEL32.dll
 0004:00000194       __imp__GetLocalTime@4      005f4194     kernel32:KERNEL32.dll
 0004:00000198       __imp__FileTimeToSystemTime@8 005f4198     kernel32:KERNEL32.dll
 0004:0000019c       __imp__SystemTimeToFileTime@8 005f419c     kernel32:KERNEL32.dll
 0004:000001a0       __imp__QueryPerformanceCounter@4 005f41a0     kernel32:KERNEL32.dll
 0004:000001a4       __imp__QueryPerformanceFrequency@4 005f41a4     kernel32:KERNEL32.dll
 0004:000001a8       __imp__SetLastError@4      005f41a8     kernel32:KERNEL32.dll
 0004:000001ac       __imp__FormatMessageA@28   005f41ac     kernel32:KERNEL32.dll
 0004:000001b0       __imp__FreeLibrary@4       005f41b0     kernel32:KERNEL32.dll
 0004:000001b4       __imp__GetProcAddress@8    005f41b4     kernel32:KERNEL32.dll
 0004:000001b8       __imp__LoadLibraryA@4      005f41b8     kernel32:KERNEL32.dll
 0004:000001bc       __imp__UnhandledExceptionFilter@4 005f41bc     kernel32:KERNEL32.dll
 0004:000001c0       __imp__SetUnhandledExceptionFilter@4 005f41c0     kernel32:KERNEL32.dll
 0004:000001c4       __imp__GetCurrentProcess@0 005f41c4     kernel32:KERNEL32.dll
 0004:000001c8       __imp__TerminateProcess@8  005f41c8     kernel32:KERNEL32.dll
 0004:000001cc       __imp__IsProcessorFeaturePresent@4 005f41cc     kernel32:KERNEL32.dll
 0004:000001d0       __imp__GetSystemTimeAsFileTime@4 005f41d0     kernel32:KERNEL32.dll
 0004:000001d4       __imp__InitializeSListHead@4 005f41d4     kernel32:KERNEL32.dll
 0004:000001d8       __imp__IsDebuggerPresent@0 005f41d8     kernel32:KERNEL32.dll
 0004:000001dc       __imp__GetStartupInfoW@4   005f41dc     kernel32:KERNEL32.dll
 0004:000001e0       __imp__GetModuleHandleW@4  005f41e0     kernel32:KERNEL32.dll
 0004:000001e4       __imp__InitializeCriticalSectionAndSpinCount@8 005f41e4     kernel32:KERNEL32.dll
 0004:000001e8       __imp__PulseEvent@4        005f41e8     kernel32:KERNEL32.dll
 0004:000001ec       \177KERNEL32_NULL_THUNK_DATA 005f41ec     kernel32:KERNEL32.dll
 0004:00000270       __imp__waveInReset@4       005f4270     winmm:WINMM.dll
 0004:00000274       __imp__waveInStop@4        005f4274     winmm:WINMM.dll
 0004:00000278       __imp__waveInStart@4       005f4278     winmm:WINMM.dll
 0004:0000027c       __imp__waveInAddBuffer@12  005f427c     winmm:WINMM.dll
 0004:00000280       __imp__waveInUnprepareHeader@12 005f4280     winmm:WINMM.dll
 0004:00000284       __imp__waveInPrepareHeader@12 005f4284     winmm:WINMM.dll
 0004:00000288       __imp__waveInClose@4       005f4288     winmm:WINMM.dll
 0004:0000028c       __imp__waveInOpen@24       005f428c     winmm:WINMM.dll
 0004:00000290       __imp__waveInGetDevCapsA@12 005f4290     winmm:WINMM.dll
 0004:00000294       __imp__waveInGetNumDevs@0  005f4294     winmm:WINMM.dll
 0004:00000298       __imp__waveOutReset@4      005f4298     winmm:WINMM.dll
 0004:0000029c       __imp__waveOutRestart@4    005f429c     winmm:WINMM.dll
 0004:000002a0       __imp__waveOutPause@4      005f42a0     winmm:WINMM.dll
 0004:000002a4       __imp__waveOutWrite@12     005f42a4     winmm:WINMM.dll
 0004:000002a8       __imp__waveOutUnprepareHeader@12 005f42a8     winmm:WINMM.dll
 0004:000002ac       __imp__waveOutPrepareHeader@12 005f42ac     winmm:WINMM.dll
 0004:000002b0       __imp__waveOutClose@4      005f42b0     winmm:WINMM.dll
 0004:000002b4       __imp__waveOutOpen@24      005f42b4     winmm:WINMM.dll
 0004:000002b8       __imp__waveOutSetVolume@8  005f42b8     winmm:WINMM.dll
 0004:000002bc       __imp__waveOutGetVolume@8  005f42bc     winmm:WINMM.dll
 0004:000002c0       __imp__waveOutGetDevCapsA@12 005f42c0     winmm:WINMM.dll
 0004:000002c4       __imp__waveOutGetNumDevs@0 005f42c4     winmm:WINMM.dll
 0004:000002c8       __imp__waveInGetErrorTextA@12 005f42c8     winmm:WINMM.dll
 0004:000002cc       __imp__waveOutGetErrorTextA@12 005f42cc     winmm:WINMM.dll
 0004:000002d0       \177WINMM_NULL_THUNK_DATA  005f42d0     winmm:WINMM.dll
 0004:0000030c       __imp__select@20           005f430c     ws2_32:WS2_32.dll
 0004:00000310       __imp____WSAFDIsSet@8      005f4310     ws2_32:WS2_32.dll
 0004:00000314       __imp__gethostbyname@4     005f4314     ws2_32:WS2_32.dll
 0004:00000318       __imp__WSASetLastError@4   005f4318     ws2_32:WS2_32.dll
 0004:0000031c       __imp__ioctlsocket@12      005f431c     ws2_32:WS2_32.dll
 0004:00000320       __imp__WSAStringToAddressA@20 005f4320     ws2_32:WS2_32.dll
 0004:00000324       __imp__WSAAddressToStringA@20 005f4324     ws2_32:WS2_32.dll
 0004:00000328       __imp__WSASocketA@24       005f4328     ws2_32:WS2_32.dll
 0004:0000032c       __imp__WSAIoctl@36         005f432c     ws2_32:WS2_32.dll
 0004:00000330       __imp__gethostname@8       005f4330     ws2_32:WS2_32.dll
 0004:00000334       __imp__shutdown@8          005f4334     ws2_32:WS2_32.dll
 0004:00000338       __imp__setsockopt@20       005f4338     ws2_32:WS2_32.dll
 0004:0000033c       __imp__sendto@24           005f433c     ws2_32:WS2_32.dll
 0004:00000340       __imp__send@16             005f4340     ws2_32:WS2_32.dll
 0004:00000344       __imp__recvfrom@24         005f4344     ws2_32:WS2_32.dll
 0004:00000348       __imp__recv@16             005f4348     ws2_32:WS2_32.dll
 0004:0000034c       __imp__ntohs@4             005f434c     ws2_32:WS2_32.dll
 0004:00000350       __imp__ntohl@4             005f4350     ws2_32:WS2_32.dll
 0004:00000354       __imp__listen@8            005f4354     ws2_32:WS2_32.dll
 0004:00000358       __imp__inet_ntoa@4         005f4358     ws2_32:WS2_32.dll
 0004:0000035c       __imp__inet_addr@4         005f435c     ws2_32:WS2_32.dll
 0004:00000360       __imp__htons@4             005f4360     ws2_32:WS2_32.dll
 0004:00000364       __imp__htonl@4             005f4364     ws2_32:WS2_32.dll
 0004:00000368       __imp__getsockopt@20       005f4368     ws2_32:WS2_32.dll
 0004:0000036c       __imp__getsockname@12      005f436c     ws2_32:WS2_32.dll
 0004:00000370       __imp__getpeername@12      005f4370     ws2_32:WS2_32.dll
 0004:00000374       __imp__connect@12          005f4374     ws2_32:WS2_32.dll
 0004:00000378       __imp__closesocket@4       005f4378     ws2_32:WS2_32.dll
 0004:0000037c       __imp__bind@12             005f437c     ws2_32:WS2_32.dll
 0004:00000380       __imp__accept@12           005f4380     ws2_32:WS2_32.dll
 0004:00000384       __imp__WSAGetLastError@0   005f4384     ws2_32:WS2_32.dll
 0004:00000388       __imp__WSACleanup@0        005f4388     ws2_32:WS2_32.dll
 0004:0000038c       __imp__WSAStartup@8        005f438c     ws2_32:WS2_32.dll
 0004:00000390       \177WS2_32_NULL_THUNK_DATA 005f4390     ws2_32:WS2_32.dll
 0004:000003d4       __imp__CoCreateGuid@4      005f43d4     ole32:ole32.dll
 0004:000003d8       \177ole32_NULL_THUNK_DATA  005f43d8     ole32:ole32.dll
 0004:00000404       __IMPORT_DESCRIPTOR_ole32  005f4404     ole32:ole32.dll
 0004:00000418       __IMPORT_DESCRIPTOR_WS2_32 005f4418     ws2_32:WS2_32.dll
 0004:0000042c       __IMPORT_DESCRIPTOR_WINMM  005f442c     winmm:WINMM.dll
 0004:00000440       __IMPORT_DESCRIPTOR_KERNEL32 005f4440     kernel32:KERNEL32.dll
 0004:00000454       __IMPORT_DESCRIPTOR_ADVAPI32 005f4454     advapi32:ADVAPI32.dll
 0004:00000468       __NULL_IMPORT_DESCRIPTOR   005f4468     ole32:ole32.dll
 0005:00000000       ___guard_check_icall_fptr  005f6000     LIBCMTD:guard_support.obj
