 vid_streamutil

 Timestamp is 5ba465f2 (Fri Sep 21 11:30:58 2018)

 Preferred load address is 00400000

 Start         Length     Name                   Class
 0001:00000000 0000648dH .text                   CODE
 0001:00006490 0008b0f8H .text$mn                CODE
 0001:00091590 000010e8H .text$x                 CODE
 0002:00000000 00000104H .CRT$XCA                DATA
 0002:00000104 00000104H .CRT$XCAA               DATA
 0002:00000208 00000104H .CRT$XCZ                DATA
 0002:0000030c 00000104H .CRT$XIA                DATA
 0002:00000410 00000104H .CRT$XIAA               DATA
 0002:00000514 00000104H .CRT$XIAC               DATA
 0002:00000618 0000010eH .CRT$XIC                DATA
 0002:00000728 00000104H .CRT$XIZ                DATA
 0002:0000082c 00000104H .CRT$XPA                DATA
 0002:00000930 00000109H .CRT$XPX                DATA
 0002:00000a3c 00000104H .CRT$XPXA               DATA
 0002:00000b40 00000104H .CRT$XPZ                DATA
 0002:00000c44 00000104H .CRT$XTA                DATA
 0002:00000d48 00000104H .CRT$XTZ                DATA
 0002:00000e50 0001fe4fH .rdata                  DATA
 0002:00020ca0 00000443H .rdata$r                DATA
 0002:000210f0 0000012bH .rdata$sxdata           DATA
 0002:00021220 00000113H .rdata$zETW0            DATA
 0002:00021333 0000018eH .rdata$zETW1            DATA
 0002:000214c1 00000134H .rdata$zETW2            DATA
 0002:000215f5 00000101H .rdata$zETW9            DATA
 0002:000216f8 000001b6H .rdata$zzzdbg           DATA
 0002:000218b0 00000104H .rtc$IAA                DATA
 0002:000219b4 00000104H .rtc$IZZ                DATA
 0002:00021ab8 00000104H .rtc$TAA                DATA
 0002:00021bbc 00000104H .rtc$TZZ                DATA
 0002:00021cc0 00000e08H .xdata$x                DATA
 0002:00022ac8 00000000H .edata                  DATA
 0003:00000000 00001e85H .data                   DATA
 0003:00001e88 00000244H .data$r                 DATA
 0003:000020d0 00001720H .bss                    DATA
 0004:00000000 000001fcH .idata$5                DATA
 0004:000001fc 00000028H .idata$2                DATA
 0004:00000224 00000014H .idata$3                DATA
 0004:00000238 000001fcH .idata$4                DATA
 0004:00000434 00000850H .idata$6                DATA
 0005:00000000 00000104H .00cfg                  DATA

  Address         Publics by Value              Rva+Base       Lib:Object

 0000:00000000       ___guard_fids_table        00000000     <absolute>
 0000:00000000       ___guard_fids_count        00000000     <absolute>
 0000:00000000       __except_list              00000000     <absolute>
 0000:00000009       ___safe_se_handler_count   00000009     <absolute>
 0000:00000100       ___guard_flags             00000100     <absolute>
 0000:00000000       ___ImageBase               00400000     <linker-defined>
 0001:00005eb0       ?TraceLoggingRegister@__vcrt_trace_logging_provider@@YAJPBU_TlgProvider_t@1@PBU_GUID@@P6GX1KE_K2PAU_EVENT_FILTER_DESCRIPTOR@@PAX@Z4@Z 00406eb0 f i libvcruntimed:telemetry.obj
 0001:00005fa0       ?TraceLoggingSetInformation@__vcrt_trace_logging_provider@@YAJPBU_TlgProvider_t@1@W4_EVENT_INFO_CLASS@@PAXK@Z 00406fa0 f i libvcruntimed:telemetry.obj
 0001:00005ff0       ?TraceLoggingUnregister@__vcrt_trace_logging_provider@@YAXPBU_TlgProvider_t@1@@Z 00406ff0 f i libvcruntimed:telemetry.obj
 0001:00006030       ?_TlgCreateSz@__vcrt_trace_logging_provider@@YAXPAU_EVENT_DATA_DESCRIPTOR@@PBD@Z 00407030 f i libvcruntimed:telemetry.obj
 0001:00006090       ?_TlgCreateWsz@__vcrt_trace_logging_provider@@YAXPAU_EVENT_DATA_DESCRIPTOR@@PB_W@Z 00407090 f i libvcruntimed:telemetry.obj
 0001:000060f0       ?_TlgEnableCallback@__vcrt_trace_logging_provider@@YGXPBU_GUID@@KE_K1PAU_EVENT_FILTER_DESCRIPTOR@@PAX@Z 004070f0 f i libvcruntimed:telemetry.obj
 0001:000061f0       ?_TlgKeywordOn@__vcrt_trace_logging_provider@@YAEPBU_TlgProvider_t@1@_K@Z 004071f0 f i libvcruntimed:telemetry.obj
 0001:00006280       ?_TlgWrite@__vcrt_trace_logging_provider@@YAJPBU_TlgProvider_t@1@PBXPBU_GUID@@2IPAU_EVENT_DATA_DESCRIPTOR@@@Z 00407280 f i libvcruntimed:telemetry.obj
 0001:00006490       _main                      00407490 f   vid_streamutil.obj
 0001:00006890       ?configure_argv@__scrt_narrow_argv_policy@@SAHXZ 00407890 f i LIBCMTD:exe_main.obj
 0001:000068b0       ?get_app_type@__scrt_main_policy@@SA?AW4_crt_app_type@@XZ 004078b0 f i LIBCMTD:exe_main.obj
 0001:00006900       _mainCRTStartup            00407900 f   LIBCMTD:exe_main.obj
 0001:00006910       ??$__crt_fast_decode_pointer@PAP6AXXZ@@YAPAP6AXXZQAP6AXXZ@Z 00407910 f i LIBCMTD:utility.obj
 0001:00006940       ??$__crt_fast_encode_pointer@PAP6AXXZ@@YAPAP6AXXZQAP6AXXZ@Z 00407940 f i LIBCMTD:utility.obj
 0001:00006980       ?__crt_rotate_pointer_value@@YAIIH@Z 00407980 f i LIBCMTD:utility.obj
 0001:00006ad0       _NtCurrentTeb              00407ad0 f i LIBCMTD:utility.obj
 0001:00006ae0       ___scrt_acquire_startup_lock 00407ae0 f   LIBCMTD:utility.obj
 0001:00006b40       ___scrt_dllmain_after_initialize_c 00407b40 f   LIBCMTD:utility.obj
 0001:00006b70       ___scrt_dllmain_before_initialize_c 00407b70 f   LIBCMTD:utility.obj
 0001:00006ba0       ___scrt_dllmain_crt_thread_attach 00407ba0 f   LIBCMTD:utility.obj
 0001:00006be0       ___scrt_dllmain_crt_thread_detach 00407be0 f   LIBCMTD:utility.obj
 0001:00006c00       ___scrt_dllmain_exception_filter 00407c00 f   LIBCMTD:utility.obj
 0001:00006c60       ___scrt_dllmain_uninitialize_c 00407c60 f   LIBCMTD:utility.obj
 0001:00006ca0       ___scrt_dllmain_uninitialize_critical 00407ca0 f   LIBCMTD:utility.obj
 0001:00006cc0       ___scrt_initialize_crt     00407cc0 f   LIBCMTD:utility.obj
 0001:00006d20       ___scrt_initialize_onexit_tables 00407d20 f   LIBCMTD:utility.obj
 0001:00006e20       ___scrt_is_nonwritable_in_current_image 00407e20 f   LIBCMTD:utility.obj
 0001:00006fa0       ___scrt_release_startup_lock 00407fa0 f   LIBCMTD:utility.obj
 0001:00006fd0       ___scrt_uninitialize_crt   00407fd0 f   LIBCMTD:utility.obj
 0001:00007020       __onexit                   00408020 f   LIBCMTD:utility.obj
 0001:000070b0       _at_quick_exit             004080b0 f   LIBCMTD:utility.obj
 0001:00007110       _atexit                    00408110 f   LIBCMTD:utility.obj
 0001:00007150       ___security_init_cookie    00408150 f   LIBCMTD:gs_support.obj
 0001:00007270       __matherr                  00408270 f   LIBCMTD:matherr.obj
 0001:00007280       __get_startup_argv_mode    00408280 f   LIBCMTD:argv_mode.obj
 0001:00007290       __get_startup_commit_mode  00408290 f   LIBCMTD:commit_mode.obj
 0001:000072a0       __get_startup_file_mode    004082a0 f   LIBCMTD:file_mode.obj
 0001:000072b0       __get_startup_new_mode     004082b0 f   LIBCMTD:new_mode.obj
 0001:000072c0       __get_startup_thread_locale_mode 004082c0 f   LIBCMTD:thread_locale.obj
 0001:000072d0       ?__scrt_initialize_type_info@@YAXXZ 004082d0 f   LIBCMTD:tncleanup.obj
 0001:000072f0       ?__scrt_uninitialize_type_info@@YAXXZ 004082f0 f   LIBCMTD:tncleanup.obj
 0001:00007310       __initialize_default_precision 00408310 f   LIBCMTD:default_precision.obj
 0001:00007340       __initialize_invalid_parameter_handler 00408340 f   LIBCMTD:invalid_parameter_handler.obj
 0001:00007350       __initialize_denormal_control 00408350 f   LIBCMTD:denormal_control.obj
 0001:00007360       ___local_stdio_printf_options 00408360 f i LIBCMTD:default_local_stdio_options.obj
 0001:00007370       ___local_stdio_scanf_options 00408370 f i LIBCMTD:default_local_stdio_options.obj
 0001:00007380       ___scrt_initialize_default_local_stdio_options 00408380 f   LIBCMTD:default_local_stdio_options.obj
 0001:000073d0       ___scrt_is_user_matherr_present 004083d0 f   LIBCMTD:matherr_detection.obj
 0001:00007400       ___scrt_get_dyn_tls_init_callback 00408400 f   LIBCMTD:dyn_tls_init.obj
 0001:00007410       ___scrt_get_dyn_tls_dtor_callback 00408410 f   LIBCMTD:dyn_tls_dtor.obj
 0001:00007420       ___scrt_fastfail           00408420 f   LIBCMTD:utility_desktop.obj
 0001:000075b0       ___scrt_get_show_window_mode 004085b0 f   LIBCMTD:utility_desktop.obj
 0001:00007600       ___scrt_initialize_winrt   00408600 f   LIBCMTD:utility_desktop.obj
 0001:00007610       ___scrt_is_managed_app     00408610 f   LIBCMTD:utility_desktop.obj
 0001:000076c0       ___scrt_set_unhandled_exception_filter 004086c0 f   LIBCMTD:utility_desktop.obj
 0001:000076e0       ___scrt_unhandled_exception_filter@4 004086e0 f   LIBCMTD:utility_desktop.obj
 0001:00007760       __crt_debugger_hook        00408760 f   LIBCMTD:utility_desktop.obj
 0001:00007780       __RTC_Initialize           00408780 f   LIBCMTD:_initsect_.obj
 0001:000077c0       __RTC_Terminate            004087c0 f   LIBCMTD:_initsect_.obj
 0001:00007800       @_guard_check_icall@4      00408800 f i LIBCMTD:checkcfg.obj
 0001:00007820       ___isa_available_init      00408820 f   LIBCMTD:_cpu_disp_.obj
 0001:00007bb0       ___scrt_is_ucrt_dll_in_use 00408bb0 f   LIBCMTD:ucrt_detection.obj
 0001:00007be0       @_guard_check_icall_nop@4  00408be0 f i LIBCMTD:guard_support.obj
 0001:00007bf0       __guard_icall_checks_enforced 00408bf0 f i LIBCMTD:guard_support.obj
 0001:00007c20       @__security_check_cookie@4 00408c20 f   LIBCMTD:_secchk_.obj
 0001:00007c40       ___raise_securityfailure   00408c40 f   LIBCMTD:gs_report.obj
 0001:00007c80       ___report_gsfailure        00408c80 f   LIBCMTD:gs_report.obj
 0001:00007dd0       ___report_rangecheckfailure 00408dd0 f   LIBCMTD:gs_report.obj
 0001:00007de0       ___report_securityfailure  00408de0 f   LIBCMTD:gs_report.obj
 0001:00007ef0       ___report_securityfailureEx 00408ef0 f   LIBCMTD:gs_report.obj
 0001:0000805e       _QueryPerformanceCounter@4 0040905e f   kernel32:KERNEL32.dll
 0001:00008064       _GetCurrentProcessId@0     00409064 f   kernel32:KERNEL32.dll
 0001:0000806a       _GetCurrentThreadId@0      0040906a f   kernel32:KERNEL32.dll
 0001:00008070       _GetSystemTimeAsFileTime@4 00409070 f   kernel32:KERNEL32.dll
 0001:00008076       _InitializeSListHead@4     00409076 f   kernel32:KERNEL32.dll
 0001:0000807c       _IsDebuggerPresent@0       0040907c f   kernel32:KERNEL32.dll
 0001:00008082       _UnhandledExceptionFilter@4 00409082 f   kernel32:KERNEL32.dll
 0001:00008088       _SetUnhandledExceptionFilter@4 00409088 f   kernel32:KERNEL32.dll
 0001:0000808e       _GetStartupInfoW@4         0040908e f   kernel32:KERNEL32.dll
 0001:00008094       _IsProcessorFeaturePresent@4 00409094 f   kernel32:KERNEL32.dll
 0001:0000809a       _GetModuleHandleW@4        0040909a f   kernel32:KERNEL32.dll
 0001:000080a0       _GetCurrentProcess@0       004090a0 f   kernel32:KERNEL32.dll
 0001:000080a6       _TerminateProcess@8        004090a6 f   kernel32:KERNEL32.dll
 0001:00008130       _EventDataDescCreate       00409130 f i libvcruntimed:telemetry.obj
 0001:00008160       _HRESULT_FROM_WIN32        00409160 f i libvcruntimed:telemetry.obj
 0001:000081a0       ___telemetry_main_invoke_trigger 004091a0 f   libvcruntimed:telemetry.obj
 0001:00008330       ___telemetry_main_return_trigger 00409330 f   libvcruntimed:telemetry.obj
 0001:000084c0       ___vcrt_initialize_telemetry_provider 004094c0 f   libvcruntimed:telemetry.obj
 0001:000084e0       ___vcrt_uninitialize_telemetry_provider 004094e0 f   libvcruntimed:telemetry.obj
 0001:00008580       __except_handler4          00409580 f   libvcruntimed:_chandler4_.obj
 0001:000087d0       ___vcrt_initialize         004097d0 f   libvcruntimed:initialization.obj
 0001:00008820       ___vcrt_thread_attach      00409820 f   libvcruntimed:initialization.obj
 0001:00008840       ___vcrt_thread_detach      00409840 f   libvcruntimed:initialization.obj
 0001:00008860       ___vcrt_uninitialize       00409860 f   libvcruntimed:initialization.obj
 0001:00008890       ___vcrt_uninitialize_critical 00409890 f   libvcruntimed:initialization.obj
 0001:000088f0       ??$?RD@__crt_internal_free_policy@@QBEXQBD@Z 004098f0 f i libvcruntimed:std_type_info.obj
 0001:00008920       ??$?RX@__crt_internal_free_policy@@QBEXQBX@Z 00409920 f i libvcruntimed:std_type_info.obj
 0001:00008950       ??$__crt_interlocked_compare_exchange_pointer@$$CBD$$T$$T@@YAPBDPDSBD$$T1@Z 00409950 f i libvcruntimed:std_type_info.obj
 0001:00008970       ??$__crt_interlocked_compare_exchange_pointer@$$CBDPAD$$T@@YAPBDPDSBDQAD$$T@Z 00409970 f i libvcruntimed:std_type_info.obj
 0001:00008990       ??$__crt_interlocked_read_pointer@$$CBD@@YAPBDPDSBD@Z 00409990 f i libvcruntimed:std_type_info.obj
 0001:000089b0       ??0?$__crt_unique_heap_ptr@DU__crt_internal_free_policy@@@@QAE@QAD@Z 004099b0 f i libvcruntimed:std_type_info.obj
 0001:000089d0       ??0?$__crt_unique_heap_ptr@XU__crt_internal_free_policy@@@@QAE@QAX@Z 004099d0 f i libvcruntimed:std_type_info.obj
 0001:000089f0       ??1?$__crt_unique_heap_ptr@DU__crt_internal_free_policy@@@@QAE@XZ 004099f0 f i libvcruntimed:std_type_info.obj
 0001:00008a10       ??1?$__crt_unique_heap_ptr@XU__crt_internal_free_policy@@@@QAE@XZ 00409a10 f i libvcruntimed:std_type_info.obj
 0001:00008a70       ??B?$__crt_unique_heap_ptr@DU__crt_internal_free_policy@@@@QBE_NXZ 00409a70 f i libvcruntimed:std_type_info.obj
 0001:00008a90       ??B?$__crt_unique_heap_ptr@XU__crt_internal_free_policy@@@@QBE_NXZ 00409a90 f i libvcruntimed:std_type_info.obj
 0001:00008b10       ?detach@?$__crt_unique_heap_ptr@XU__crt_internal_free_policy@@@@QAEPAXXZ 00409b10 f i libvcruntimed:std_type_info.obj
 0001:00008b40       ?get@?$__crt_unique_heap_ptr@DU__crt_internal_free_policy@@@@QBEPADXZ 00409b40 f i libvcruntimed:std_type_info.obj
 0001:00008b60       ?get@?$__crt_unique_heap_ptr@XU__crt_internal_free_policy@@@@QBEPAXXZ 00409b60 f i libvcruntimed:std_type_info.obj
 0001:00008b80       ?is_valid@?$__crt_unique_heap_ptr@DU__crt_internal_free_policy@@@@QBE_NXZ 00409b80 f i libvcruntimed:std_type_info.obj
 0001:00008bc0       ?is_valid@?$__crt_unique_heap_ptr@XU__crt_internal_free_policy@@@@QBE_NXZ 00409bc0 f i libvcruntimed:std_type_info.obj
 0001:00008c00       ?release@?$__crt_unique_heap_ptr@DU__crt_internal_free_policy@@@@QAEXXZ 00409c00 f i libvcruntimed:std_type_info.obj
 0001:00008c30       ?release@?$__crt_unique_heap_ptr@XU__crt_internal_free_policy@@@@QAEXXZ 00409c30 f i libvcruntimed:std_type_info.obj
 0001:00008c60       ___std_type_info_compare   00409c60 f   libvcruntimed:std_type_info.obj
 0001:00008c90       ___std_type_info_destroy_list 00409c90 f   libvcruntimed:std_type_info.obj
 0001:00008ce0       ___std_type_info_hash      00409ce0 f   libvcruntimed:std_type_info.obj
 0001:00008d50       ___std_type_info_name      00409d50 f   libvcruntimed:std_type_info.obj
 0001:00008fa0       _memset                    00409fa0 f   libvcruntimed:memset.obj
 0001:00009150       ??$?BX@__crt_fast_encoded_nullptr_t@@QBEPAXXZ 0040a150 f i libvcruntimed:winapi_downlevel.obj
 0001:00009170       ??$__crt_fast_decode_pointer@PAX@@YAPAXQAX@Z 0040a170 f i libvcruntimed:winapi_downlevel.obj
 0001:000091a0       ??$__crt_fast_encode_pointer@PAX@@YAPAXQAX@Z 0040a1a0 f i libvcruntimed:winapi_downlevel.obj
 0001:000091e0       ??$__crt_interlocked_compare_exchange_pointer@UHINSTANCE__@@$$T$$T@@YAPAUHINSTANCE__@@PDSAU0@$$T1@Z 0040a1e0 f i libvcruntimed:winapi_downlevel.obj
 0001:00009200       ??$__crt_interlocked_compare_exchange_pointer@X$$T$$T@@YAPAXPDSAX$$T1@Z 0040a200 f i libvcruntimed:winapi_downlevel.obj
 0001:00009220       ??$__crt_interlocked_exchange_pointer@UHINSTANCE__@@PAU1@@@YAPAUHINSTANCE__@@PDSAU0@QAU0@@Z 0040a220 f i libvcruntimed:winapi_downlevel.obj
 0001:00009230       ??$__crt_interlocked_exchange_pointer@UHINSTANCE__@@PAX@@YAPAUHINSTANCE__@@PDSAU0@QAX@Z 0040a230 f i libvcruntimed:winapi_downlevel.obj
 0001:00009240       ??$__crt_interlocked_exchange_pointer@XPAX@@YAPAXPDSAXQAX@Z 0040a240 f i libvcruntimed:winapi_downlevel.obj
 0001:00009250       ??$__crt_interlocked_read_pointer@UHINSTANCE__@@@@YAPAUHINSTANCE__@@PDSAU0@@Z 0040a250 f i libvcruntimed:winapi_downlevel.obj
 0001:00009270       ??$__crt_interlocked_read_pointer@X@@YAPAXPDSAX@Z 0040a270 f i libvcruntimed:winapi_downlevel.obj
 0001:00009290       ?__crt_fast_encode_pointer@@YA?AU__crt_fast_encoded_nullptr_t@@$$T@Z 0040a290 f i libvcruntimed:winapi_downlevel.obj
 0001:00009820       ___vcrt_EventRegister      0040a820 f   libvcruntimed:winapi_downlevel.obj
 0001:00009870       ___vcrt_EventSetInformation 0040a870 f   libvcruntimed:winapi_downlevel.obj
 0001:000098d0       ___vcrt_EventUnregister    0040a8d0 f   libvcruntimed:winapi_downlevel.obj
 0001:00009920       ___vcrt_EventWriteTransfer 0040a920 f   libvcruntimed:winapi_downlevel.obj
 0001:00009980       ___vcrt_FlsAlloc           0040a980 f   libvcruntimed:winapi_downlevel.obj
 0001:000099d0       ___vcrt_FlsFree            0040a9d0 f   libvcruntimed:winapi_downlevel.obj
 0001:00009a20       ___vcrt_FlsGetValue        0040aa20 f   libvcruntimed:winapi_downlevel.obj
 0001:00009a70       ___vcrt_FlsSetValue        0040aa70 f   libvcruntimed:winapi_downlevel.obj
 0001:00009ad0       ___vcrt_InitializeCriticalSectionEx 0040aad0 f   libvcruntimed:winapi_downlevel.obj
 0001:00009b30       ___vcrt_initialize_winapi_thunks 0040ab30 f   libvcruntimed:winapi_downlevel.obj
 0001:00009bb0       ___vcrt_uninitialize_winapi_thunks 0040abb0 f   libvcruntimed:winapi_downlevel.obj
 0001:00009c40       __local_unwind4            0040ac40 f   libvcruntimed:_exsup4_.obj
 0001:00009d16       __seh_longjmp_unwind4@4    0040ad16 f   libvcruntimed:_exsup4_.obj
 0001:00009d3e       @_EH4_CallFilterFunc@8     0040ad3e f   libvcruntimed:_exsup4_.obj
 0001:00009d55       @_EH4_TransferToHandler@8  0040ad55 f   libvcruntimed:_exsup4_.obj
 0001:00009d6e       @_EH4_GlobalUnwind2@8      0040ad6e f   libvcruntimed:_exsup4_.obj
 0001:00009d87       @_EH4_LocalUnwind@16       0040ad87 f   libvcruntimed:_exsup4_.obj
 0001:00009e00       ___except_validate_context_record 0040ae00 f   libvcruntimed:jbcxrval.obj
 0001:00009e60       ___except_validate_jump_buffer 0040ae60 f   libvcruntimed:jbcxrval.obj
 0001:00009ec0       ??$?RU__vcrt_ptd@@@__crt_internal_free_policy@@QBEXQBU__vcrt_ptd@@@Z 0040aec0 f i libvcruntimed:per_thread_data.obj
 0001:00009ef0       ??0?$__crt_unique_heap_ptr@U__vcrt_ptd@@U__crt_internal_free_policy@@@@QAE@QAU__vcrt_ptd@@@Z 0040aef0 f i libvcruntimed:per_thread_data.obj
 0001:00009f10       ??1?$__crt_unique_heap_ptr@U__vcrt_ptd@@U__crt_internal_free_policy@@@@QAE@XZ 0040af10 f i libvcruntimed:per_thread_data.obj
 0001:00009f30       ??B?$__crt_unique_heap_ptr@U__vcrt_ptd@@U__crt_internal_free_policy@@@@QBE_NXZ 0040af30 f i libvcruntimed:per_thread_data.obj
 0001:00009f50       ?detach@?$__crt_unique_heap_ptr@U__vcrt_ptd@@U__crt_internal_free_policy@@@@QAEPAU__vcrt_ptd@@XZ 0040af50 f i libvcruntimed:per_thread_data.obj
 0001:00009f80       ?get@?$__crt_unique_heap_ptr@U__vcrt_ptd@@U__crt_internal_free_policy@@@@QBEPAU__vcrt_ptd@@XZ 0040af80 f i libvcruntimed:per_thread_data.obj
 0001:00009fa0       ?is_valid@?$__crt_unique_heap_ptr@U__vcrt_ptd@@U__crt_internal_free_policy@@@@QBE_NXZ 0040afa0 f i libvcruntimed:per_thread_data.obj
 0001:00009fe0       ?release@?$__crt_unique_heap_ptr@U__vcrt_ptd@@U__crt_internal_free_policy@@@@QAEXXZ 0040afe0 f i libvcruntimed:per_thread_data.obj
 0001:0000a040       ___vcrt_freefls@4          0040b040 f   libvcruntimed:per_thread_data.obj
 0001:0000a070       ___vcrt_freeptd            0040b070 f   libvcruntimed:per_thread_data.obj
 0001:0000a0e0       ___vcrt_getptd             0040b0e0 f   libvcruntimed:per_thread_data.obj
 0001:0000a110       ___vcrt_getptd_noexit      0040b110 f   libvcruntimed:per_thread_data.obj
 0001:0000a240       ___vcrt_initialize_ptd     0040b240 f   libvcruntimed:per_thread_data.obj
 0001:0000a2a0       ___vcrt_uninitialize_ptd   0040b2a0 f   libvcruntimed:per_thread_data.obj
 0001:0000a2e0       ___vcrt_initialize_locks   0040b2e0 f   libvcruntimed:locks.obj
 0001:0000a350       ___vcrt_lock               0040b350 f   libvcruntimed:locks.obj
 0001:0000a370       ___vcrt_uninitialize_locks 0040b370 f   libvcruntimed:locks.obj
 0001:0000a3d0       ___vcrt_unlock             0040b3d0 f   libvcruntimed:locks.obj
 0001:0000a3f0       ??$?B$$A6AXXZ@__crt_fast_encoded_nullptr_t@@QBEP6AXXZXZ 0040b3f0 f i libvcruntimed:purevirt_data.obj
 0001:0000a410       ??$__crt_fast_encode_pointer@P6AXXZ@@YAP6AXXZQ6AXXZ@Z 0040b410 f i libvcruntimed:purevirt_data.obj
 0001:0000a450       ___vcrt_initialize_pure_virtual_call_handler 0040b450 f   libvcruntimed:purevirt_data.obj
 0001:0000a480       ??$__vcrt_va_start_verify_argument_type@QBD@@YAXXZ 0040b480 f i libvcruntimed:undname.obj
 0001:0000a490       ??0Block@_HeapManager@@QAE@XZ 0040b490 f i libvcruntimed:undname.obj
 0001:0000a4b0       ??0DName@@QAE@AAPBDD@Z     0040b4b0 f   libvcruntimed:undname.obj
 0001:0000a820       ??0DName@@QAE@ABV0@@Z      0040b820 f i libvcruntimed:undname.obj
 0001:0000a850       ??0DName@@QAE@D@Z          0040b850 f   libvcruntimed:undname.obj
 0001:0000a960       ??0DName@@QAE@PAV0@@Z      0040b960 f   libvcruntimed:undname.obj
 0001:0000aae0       ??0DName@@QAE@PBD@Z        0040bae0 f   libvcruntimed:undname.obj
 0001:0000ac10       ??0DName@@QAE@W4DNameStatus@@@Z 0040bc10 f   libvcruntimed:undname.obj
 0001:0000ad70       ??0DName@@QAE@XZ           0040bd70 f i libvcruntimed:undname.obj
 0001:0000ae60       ??0DName@@QAE@_J@Z         0040be60 f   libvcruntimed:undname.obj
 0001:0000b040       ??0DName@@QAE@_K@Z         0040c040 f   libvcruntimed:undname.obj
 0001:0000b1d0       ??0DNameNode@@IAE@XZ       0040c1d0 f   libvcruntimed:undname.obj
 0001:0000b1f0       ??0DNameStatusNode@@AAE@W4DNameStatus@@@Z 0040c1f0 f   libvcruntimed:undname.obj
 0001:0000b260       ??0Replicator@@QAE@XZ      0040c260 f i libvcruntimed:undname.obj
 0001:0000b280       ??0UnDecorator@@QAE@PADPBDHP6APADJ@ZK@Z 0040c280 f i libvcruntimed:undname.obj
 0001:0000b340       ??0charNode@@QAE@D@Z       0040c340 f   libvcruntimed:undname.obj
 0001:0000b380       ??0pDNameNode@@QAE@PAVDName@@@Z 0040c380 f   libvcruntimed:undname.obj
 0001:0000b400       ??0pairNode@@QAE@PAVDNameNode@@0@Z 0040c400 f   libvcruntimed:undname.obj
 0001:0000b450       ??0pcharNode@@QAE@PBDH@Z   0040c450 f   libvcruntimed:undname.obj
 0001:0000b510       ??2@YAPAXIAAV_HeapManager@@H@Z 0040c510 f i libvcruntimed:undname.obj
 0001:0000b530       ??4DName@@QAEAAV0@ABV0@@Z  0040c530 f   libvcruntimed:undname.obj
 0001:0000b560       ??4DName@@QAEAAV0@D@Z      0040c560 f i libvcruntimed:undname.obj
 0001:0000b670       ??4DName@@QAEAAV0@PAV0@@Z  0040c670 f   libvcruntimed:undname.obj
 0001:0000b7f0       ??4DName@@QAEAAV0@PBD@Z    0040c7f0 f   libvcruntimed:undname.obj
 0001:0000b900       ??4DName@@QAEAAV0@W4DNameStatus@@@Z 0040c900 f   libvcruntimed:undname.obj
 0001:0000ba40       ??AReplicator@@QBE?AVDName@@H@Z 0040ca40 f   libvcruntimed:undname.obj
 0001:0000bac0       ??BUnDecorator@@QAEPADXZ   0040cac0 f i libvcruntimed:undname.obj
 0001:0000be10       ??H@YA?AVDName@@DABV0@@Z   0040ce10 f i libvcruntimed:undname.obj
 0001:0000be50       ??H@YA?AVDName@@PBDABV0@@Z 0040ce50 f i libvcruntimed:undname.obj
 0001:0000be90       ??H@YA?AVDName@@W4DNameStatus@@ABV0@@Z 0040ce90 f i libvcruntimed:undname.obj
 0001:0000bed0       ??HDName@@QBE?AV0@ABV0@@Z  0040ced0 f   libvcruntimed:undname.obj
 0001:0000bf20       ??HDName@@QBE?AV0@D@Z      0040cf20 f   libvcruntimed:undname.obj
 0001:0000bf70       ??HDName@@QBE?AV0@PAV0@@Z  0040cf70 f   libvcruntimed:undname.obj
 0001:0000bfc0       ??HDName@@QBE?AV0@PBD@Z    0040cfc0 f   libvcruntimed:undname.obj
 0001:0000c010       ??HDName@@QBE?AV0@W4DNameStatus@@@Z 0040d010 f   libvcruntimed:undname.obj
 0001:0000c060       ??YDName@@QAEAAV0@ABV0@@Z  0040d060 f   libvcruntimed:undname.obj
 0001:0000c0e0       ??YDName@@QAEAAV0@D@Z      0040d0e0 f   libvcruntimed:undname.obj
 0001:0000c180       ??YDName@@QAEAAV0@PAV0@@Z  0040d180 f   libvcruntimed:undname.obj
 0001:0000c260       ??YDName@@QAEAAV0@PBD@Z    0040d260 f   libvcruntimed:undname.obj
 0001:0000c320       ??YDName@@QAEAAV0@W4DNameStatus@@@Z 0040d320 f   libvcruntimed:undname.obj
 0001:0000c3a0       ??YReplicator@@QAEAAV0@ABVDName@@@Z 0040d3a0 f   libvcruntimed:undname.obj
 0001:0000c450       ??_5DName@@QAEAAV0@ABV0@@Z 0040d450 f   libvcruntimed:undname.obj
 0001:0000c4c0       ?Constructor@_HeapManager@@QAEXP6APAXI@ZP6AXPAX@Z@Z 0040d4c0 f i libvcruntimed:undname.obj
 0001:0000c510       ?Destructor@_HeapManager@@QAEXXZ 0040d510 f i libvcruntimed:undname.obj
 0001:0000c580       ?UScore@UnDecorator@@SAPBDW4Tokens@@@Z 0040d580 f   libvcruntimed:undname.obj
 0001:0000c5c0       ?append@DName@@AAEXPAVDNameNode@@@Z 0040d5c0 f   libvcruntimed:undname.obj
 0001:0000c670       ?composeDeclaration@UnDecorator@@CA?AVDName@@ABV2@@Z 0040d670 f i libvcruntimed:undname.obj
 0001:0000ea20       ?dbGetString@DName@@QBEPADXZ 0040fa20 f   libvcruntimed:undname.obj
 0001:0000ea50       ?doAccessSpecifiers@UnDecorator@@SAHXZ 0040fa50 f i libvcruntimed:undname.obj
 0001:0000ea80       ?doAllocationLanguage@UnDecorator@@SAHXZ 0040fa80 f i libvcruntimed:undname.obj
 0001:0000eab0       ?doAllocationModel@UnDecorator@@SAHXZ 0040fab0 f i libvcruntimed:undname.obj
 0001:0000eae0       ?doEcsu@UnDecorator@@SAHXZ 0040fae0 f i libvcruntimed:undname.obj
 0001:0000eb10       ?doEllipsis@UnDecorator@@SAHXZ 0040fb10 f i libvcruntimed:undname.obj
 0001:0000eb40       ?doFunctionReturns@UnDecorator@@SAHXZ 0040fb40 f i libvcruntimed:undname.obj
 0001:0000eb70       ?doMSKeywords@UnDecorator@@SAHXZ 0040fb70 f i libvcruntimed:undname.obj
 0001:0000eba0       ?doMemberTypes@UnDecorator@@SAHXZ 0040fba0 f i libvcruntimed:undname.obj
 0001:0000ebd0       ?doNameOnly@UnDecorator@@SAHXZ 0040fbd0 f i libvcruntimed:undname.obj
 0001:0000ebf0       ?doNoIdentCharCheck@UnDecorator@@SAHXZ 0040fbf0 f i libvcruntimed:undname.obj
 0001:0000ec10       ?doPchar@DName@@AAEXPBDH@Z 0040fc10 f   libvcruntimed:undname.obj
 0001:0000eda0       ?doPtr64@UnDecorator@@SAHXZ 0040fda0 f i libvcruntimed:undname.obj
 0001:0000edd0       ?doRestrictionSpec@UnDecorator@@SAHXZ 0040fdd0 f i libvcruntimed:undname.obj
 0001:0000ee00       ?doThisTypes@UnDecorator@@SAHXZ 0040fe00 f i libvcruntimed:undname.obj
 0001:0000ee40       ?doThrowTypes@UnDecorator@@SAHXZ 0040fe40 f i libvcruntimed:undname.obj
 0001:0000ee70       ?doTypeOnly@UnDecorator@@SAHXZ 0040fe70 f i libvcruntimed:undname.obj
 0001:0000ee90       ?doUnderScore@UnDecorator@@SAHXZ 0040fe90 f i libvcruntimed:undname.obj
 0001:0000eec0       ?getArgumentList@UnDecorator@@CA?AVDName@@XZ 0040fec0 f   libvcruntimed:undname.obj
 0001:0000f060       ?getArgumentTypes@UnDecorator@@CA?AVDName@@XZ 00410060 f   libvcruntimed:undname.obj
 0001:0000f210       ?getArrayType@UnDecorator@@CA?AVDName@@ABV2@@Z 00410210 f i libvcruntimed:undname.obj
 0001:0000f4d0       ?getBasedType@UnDecorator@@CA?AVDName@@XZ 004104d0 f   libvcruntimed:undname.obj
 0001:0000f5c0       ?getBasicDataType@UnDecorator@@CA?AVDName@@ABV2@@Z 004105c0 f   libvcruntimed:undname.obj
 0001:0000fd20       ?getCallIndex@UnDecorator@@CA?AVDName@@XZ 00410d20 f i libvcruntimed:undname.obj
 0001:0000fd40       ?getCallingConvention@UnDecorator@@CA?AVDName@@XZ 00410d40 f   libvcruntimed:undname.obj
 0001:0000ff30       ?getDataIndirectType@UnDecorator@@CA?AVDName@@ABV2@PBD0H@Z 00410f30 f   libvcruntimed:undname.obj
 0001:000108e0       ?getDataIndirectType@UnDecorator@@CA?AVDName@@XZ 004118e0 f i libvcruntimed:undname.obj
 0001:00010930       ?getDataType@UnDecorator@@CA?AVDName@@PAV2@@Z 00411930 f   libvcruntimed:undname.obj
 0001:00010a90       ?getDecoratedName@UnDecorator@@CA?AVDName@@XZ 00411a90 f   libvcruntimed:undname.obj
 0001:00010e80       ?getDimension@UnDecorator@@CA?AVDName@@_N@Z 00411e80 f   libvcruntimed:undname.obj
 0001:000111e0       ?getDispatchTarget@UnDecorator@@CA?AVDName@@XZ 004121e0 f   libvcruntimed:undname.obj
 0001:000112a0       ?getDisplacement@UnDecorator@@CA?AVDName@@XZ 004122a0 f i libvcruntimed:undname.obj
 0001:000112c0       ?getECSUDataType@UnDecorator@@CA?AVDName@@XZ 004122c0 f   libvcruntimed:undname.obj
 0001:00011500       ?getECSUName@UnDecorator@@CA?AVDName@@XZ 00412500 f i libvcruntimed:undname.obj
 0001:00011520       ?getEnumType@UnDecorator@@CA?AVDName@@XZ 00412520 f i libvcruntimed:undname.obj
 0001:000116c0       ?getExtendedDataIndirectType@UnDecorator@@CA?AVDName@@AAPBDAA_NH@Z 004126c0 f   libvcruntimed:undname.obj
 0001:000119a0       ?getExternalDataType@UnDecorator@@CA?AVDName@@ABV2@@Z 004129a0 f i libvcruntimed:undname.obj
 0001:00011a60       ?getFunctionIndirectType@UnDecorator@@CA?AVDName@@ABV2@@Z 00412a60 f   libvcruntimed:undname.obj
 0001:00012010       ?getGuardNumber@UnDecorator@@CA?AVDName@@XZ 00413010 f i libvcruntimed:undname.obj
 0001:00012030       ?getLastChar@DName@@QBEDXZ 00413030 f i libvcruntimed:undname.obj
 0001:00012080       ?getLastChar@DNameStatusNode@@UBEDXZ 00413080 f i libvcruntimed:undname.obj
 0001:000120c0       ?getLastChar@charNode@@UBEDXZ 004130c0 f i libvcruntimed:undname.obj
 0001:000120e0       ?getLastChar@pDNameNode@@UBEDXZ 004130e0 f i libvcruntimed:undname.obj
 0001:00012120       ?getLastChar@pairNode@@UBEDXZ 00413120 f i libvcruntimed:undname.obj
 0001:000121a0       ?getLastChar@pcharNode@@UBEDXZ 004131a0 f i libvcruntimed:undname.obj
 0001:000121e0       ?getLexicalFrame@UnDecorator@@CA?AVDName@@XZ 004131e0 f i libvcruntimed:undname.obj
 0001:00012230       ?getMemory@_HeapManager@@QAEPAXIH@Z 00413230 f   libvcruntimed:undname.obj
 0001:00012390       ?getNumberOfDimensions@UnDecorator@@CAHXZ 00413390 f   libvcruntimed:undname.obj
 0001:000124d0       ?getOperatorName@UnDecorator@@CA?AVDName@@_NPA_N@Z 004134d0 f i libvcruntimed:undname.obj
 0001:00013190       ?getPointerType@UnDecorator@@CA?AVDName@@ABV2@0@Z 00414190 f i libvcruntimed:undname.obj
 0001:000131d0       ?getPointerTypeArray@UnDecorator@@CA?AVDName@@ABV2@0@Z 004141d0 f i libvcruntimed:undname.obj
 0001:00013210       ?getPrimaryDataType@UnDecorator@@CA?AVDName@@ABV2@@Z 00414210 f   libvcruntimed:undname.obj
 0001:000136d0       ?getPtrRefDataType@UnDecorator@@CA?AVDName@@ABV2@H@Z 004146d0 f   libvcruntimed:undname.obj
 0001:000138d0       ?getPtrRefType@UnDecorator@@CA?AVDName@@ABV2@0PBD@Z 004148d0 f   libvcruntimed:undname.obj
 0001:00013aa0       ?getReferenceType@UnDecorator@@CA?AVDName@@ABV2@0PBD@Z 00414aa0 f i libvcruntimed:undname.obj
 0001:00013ad0       ?getRestrictionSpec@UnDecorator@@CA?AVDName@@XZ 00414ad0 f   libvcruntimed:undname.obj
 0001:00013c70       ?getReturnType@UnDecorator@@CA?AVDName@@PAV2@@Z 00414c70 f   libvcruntimed:undname.obj
 0001:00013cd0       ?getScope@UnDecorator@@CA?AVDName@@XZ 00414cd0 f   libvcruntimed:undname.obj
 0001:00014300       ?getScopedName@UnDecorator@@CA?AVDName@@XZ 00415300 f   libvcruntimed:undname.obj
 0001:00014460       ?getSignedDimension@UnDecorator@@CA?AVDName@@XZ 00415460 f   libvcruntimed:undname.obj
 0001:00014500       ?getStorageConvention@UnDecorator@@CA?AVDName@@XZ 00415500 f i libvcruntimed:undname.obj
 0001:00014520       ?getString@DName@@QBEPADPAD0@Z 00415520 f i libvcruntimed:undname.obj
 0001:00014580       ?getString@DName@@QBEPADPADH@Z 00415580 f i libvcruntimed:undname.obj
 0001:00014630       ?getString@DNameStatusNode@@UBEPADPAD0@Z 00415630 f i libvcruntimed:undname.obj
 0001:00014670       ?getString@charNode@@UBEPADPAD0@Z 00415670 f i libvcruntimed:undname.obj
 0001:000146b0       ?getString@pDNameNode@@UBEPADPAD0@Z 004156b0 f i libvcruntimed:undname.obj
 0001:00014700       ?getString@pairNode@@UBEPADPAD0@Z 00415700 f i libvcruntimed:undname.obj
 0001:000147a0       ?getString@pcharNode@@UBEPADPAD0@Z 004157a0 f i libvcruntimed:undname.obj
 0001:000147e0       ?getStringEncoding@UnDecorator@@CA?AVDName@@PADH@Z 004157e0 f   libvcruntimed:undname.obj
 0001:00014930       ?getStringHelper@@YAPADPAD00H@Z 00415930 f i libvcruntimed:undname.obj
 0001:00014980       ?getSymbolName@UnDecorator@@CA?AVDName@@XZ 00415980 f i libvcruntimed:undname.obj
 0001:00014a30       ?getTemplateArgumentList@UnDecorator@@CA?AVDName@@XZ 00415a30 f   libvcruntimed:undname.obj
 0001:00014f10       ?getTemplateConstant@UnDecorator@@CA?AVDName@@XZ 00415f10 f   libvcruntimed:undname.obj
 0001:00015630       ?getTemplateName@UnDecorator@@CA?AVDName@@_N@Z 00416630 f   libvcruntimed:undname.obj
 0001:00015870       ?getThisType@UnDecorator@@CA?AVDName@@XZ 00416870 f i libvcruntimed:undname.obj
 0001:000158c0       ?getThrowTypes@UnDecorator@@CA?AVDName@@XZ 004168c0 f   libvcruntimed:undname.obj
 0001:00015990       ?getTypeEncoding@UnDecorator@@CAHXZ 00416990 f i libvcruntimed:undname.obj
 0001:00016660       ?getVCallThunkType@UnDecorator@@CA?AVDName@@XZ 00417660 f i libvcruntimed:undname.obj
 0001:000166e0       ?getVbTableType@UnDecorator@@CA?AVDName@@ABV2@@Z 004176e0 f i libvcruntimed:undname.obj
 0001:00016700       ?getVdispMapType@UnDecorator@@CA?AVDName@@ABV2@@Z 00417700 f i libvcruntimed:undname.obj
 0001:00016790       ?getVfTableType@UnDecorator@@CA?AVDName@@ABV2@@Z 00417790 f i libvcruntimed:undname.obj
 0001:000169c0       ?getZName@UnDecorator@@CA?AVDName@@_N0@Z 004179c0 f   libvcruntimed:undname.obj
 0001:00016d40       ?haveTemplateParameters@UnDecorator@@SAHXZ 00417d40 f i libvcruntimed:undname.obj
 0001:00016d60       ?isArray@DName@@QBEHXZ     00417d60 f i libvcruntimed:undname.obj
 0001:00016d80       ?isComArray@DName@@QBEHXZ  00417d80 f i libvcruntimed:undname.obj
 0001:00016da0       ?isEmpty@DName@@QBEHXZ     00417da0 f i libvcruntimed:undname.obj
 0001:00016de0       ?isFull@Replicator@@QBEHXZ 00417de0 f i libvcruntimed:undname.obj
 0001:00016e20       ?isNoTE@DName@@QBEHXZ      00417e20 f i libvcruntimed:undname.obj
 0001:00016e40       ?isPinPtr@DName@@QBEHXZ    00417e40 f i libvcruntimed:undname.obj
 0001:00016e60       ?isPtrRef@DName@@QBEHXZ    00417e60 f i libvcruntimed:undname.obj
 0001:00016e80       ?isUDC@DName@@QBEHXZ       00417e80 f i libvcruntimed:undname.obj
 0001:00016ed0       ?isUDTThunk@DName@@QBEHXZ  00417ed0 f i libvcruntimed:undname.obj
 0001:00016f20       ?isVCallThunk@DName@@QBEHXZ 00417f20 f i libvcruntimed:undname.obj
 0001:00016f40       ?isValid@DName@@QBEHXZ     00417f40 f i libvcruntimed:undname.obj
 0001:00016f80       ?length@DName@@QBEHXZ      00417f80 f i libvcruntimed:undname.obj
 0001:00016fd0       ?length@DNameStatusNode@@UBEHXZ 00417fd0 f i libvcruntimed:undname.obj
 0001:00016ff0       ?length@charNode@@UBEHXZ   00417ff0 f i libvcruntimed:undname.obj
 0001:00017010       ?length@pDNameNode@@UBEHXZ 00418010 f i libvcruntimed:undname.obj
 0001:00017050       ?length@pairNode@@UBEHXZ   00418050 f i libvcruntimed:undname.obj
 0001:000170e0       ?length@pcharNode@@UBEHXZ  004180e0 f i libvcruntimed:undname.obj
 0001:00017100       ?make@DNameStatusNode@@SAPAV1@W4DNameStatus@@@Z 00418100 f i libvcruntimed:undname.obj
 0001:00017190       ?setIsArray@DName@@QAEXXZ  00418190 f i libvcruntimed:undname.obj
 0001:000171c0       ?setIsComArray@DName@@QAEXXZ 004181c0 f i libvcruntimed:undname.obj
 0001:000171f0       ?setIsNoTE@DName@@QAEXXZ   004181f0 f i libvcruntimed:undname.obj
 0001:00017220       ?setIsPinPtr@DName@@QAEXXZ 00418220 f i libvcruntimed:undname.obj
 0001:00017250       ?setIsUDC@DName@@QAEXXZ    00418250 f i libvcruntimed:undname.obj
 0001:00017290       ?setIsVCallThunk@DName@@QAEXXZ 00418290 f i libvcruntimed:undname.obj
 0001:000172c0       ?setPtrRef@DName@@QAEAAV1@XZ 004182c0 f i libvcruntimed:undname.obj
 0001:000172f0       ?status@DName@@QBE?AW4DNameStatus@@XZ 004182f0 f i libvcruntimed:undname.obj
 0001:00017410       ___unDName                 00418410 f   libvcruntimed:undname.obj
 0001:00017510       ___unDNameEx               00418510 f   libvcruntimed:undname.obj
 0001:00017610       __vsprintf_s_l             00418610 f i libvcruntimed:undname.obj
 0001:00017670       _sprintf_s                 00418670 f i libvcruntimed:undname.obj
 0001:000176c0       __global_unwind2           004186c0 f   libvcruntimed:_exsup_.obj
 0001:00017725       __local_unwind2            00418725 f   libvcruntimed:_exsup_.obj
 0001:000177a9       __abnormal_termination     004187a9 f   libvcruntimed:_exsup_.obj
 0001:000177cc       __NLG_Notify1              004187cc f   libvcruntimed:_exsup_.obj
 0001:000177d5       __NLG_Notify               004187d5 f   libvcruntimed:_exsup_.obj
 0001:000177ec       __NLG_Dispatch             004187ec     libvcruntimed:_exsup_.obj
 0001:000177ec       __NLG_Dispatch2            004187ec     libvcruntimed:_exsup_.obj
 0001:000177f4       __NLG_Call                 004187f4 f   libvcruntimed:_exsup_.obj
 0001:000177f6       __NLG_Return2              004187f6     libvcruntimed:_exsup_.obj
 0001:00017850       ??$__crt_fast_decode_pointer@P6AXXZ@@YAP6AXXZQ6AXXZ@Z 00418850 f i libvcruntimed:purevirt.obj
 0001:00017880       ??$__crt_interlocked_compare_exchange_pointer@$$A6AXXZ$$T$$T@@YAP6AXXZPDS6AXXZ$$T1@Z 00418880 f i libvcruntimed:purevirt.obj
 0001:000178a0       ??$__crt_interlocked_exchange_pointer@$$A6AXXZP6AXXZ@@YAP6AXXZPDS6AXXZQ6AXXZ@Z 004188a0 f i libvcruntimed:purevirt.obj
 0001:000178b0       ??$__crt_interlocked_read_pointer@$$A6AXXZ@@YAP6AXXZPDS6AXXZ@Z 004188b0 f i libvcruntimed:purevirt.obj
 0001:000178d0       __get_purecall_handler     004188d0 f   libvcruntimed:purevirt.obj
 0001:00017900       __purecall                 00418900 f   libvcruntimed:purevirt.obj
 0001:00017940       __set_purecall_handler     00418940 f   libvcruntimed:purevirt.obj
 0001:00017980       ??$?RV<lambda_1fb4243d5e107ad4daf16ff362ca4a34>@@AAV<lambda_55f9cbce55698c0319f95c01c080475b>@@V<lambda_d740392b9cecdfa14abfd902a66ab607>@@@?$__crt_seh_guarded_call@H@@QAEH$$QAV<lambda_1fb4243d5e107ad4daf16ff362ca4a34>@@AAV<lambda_55f9cbce55698c0319f95c01c080475b>@@$$QAV<lambda_d740392b9cecdfa14abfd902a66ab607>@@@Z 00418980 f i libucrtd:puts.obj
 0001:00017a30       ??$__acrt_lock_stream_and_call@V<lambda_55f9cbce55698c0319f95c01c080475b>@@@@YAHQAU_iobuf@@$$QAV<lambda_55f9cbce55698c0319f95c01c080475b>@@@Z 00418a30 f i libucrtd:puts.obj
 0001:00017a80       ??$__crt_interlocked_read@J@@YAJPDJ@Z 00418a80 f i libucrtd:puts.obj
 0001:00017b40       ??0__acrt_stdio_temporary_buffering_guard@@QAE@QAU_iobuf@@@Z 00418b40 f i libucrtd:puts.obj
 0001:00017b80       ??0__crt_stdio_stream@@QAE@QAU_iobuf@@@Z 00418b80 f i libucrtd:puts.obj
 0001:00017ba0       ??1__acrt_stdio_temporary_buffering_guard@@QAE@XZ 00418ba0 f i libucrtd:puts.obj
 0001:00017cf0       ?__crt_interlocked_read_32@@YAHPDH@Z 00418cf0 f i libucrtd:puts.obj
 0001:00017d10       ?get_flags@__crt_stdio_stream@@QBEJXZ 00418d10 f i libucrtd:puts.obj
 0001:00017d40       ?is_string_backed@__crt_stdio_stream@@QBE_NXZ 00418d40 f i libucrtd:puts.obj
 0001:00017d80       ?public_stream@__crt_stdio_stream@@QBEPAU_iobuf@@XZ 00418d80 f i libucrtd:puts.obj
 0001:00017da0       _puts                      00418da0 f   libucrtd:puts.obj
 0001:00018050       __seh_filter_dll           00419050 f   libucrtd:exception_filter.obj
 0001:00018080       __seh_filter_exe           00419080 f   libucrtd:exception_filter.obj
 0001:00018540       ___acrt_report_runtime_error 00419540 f   libucrtd:report_runtime_error.obj
 0001:000187b0       __invoke_watson_if_error   004197b0 f i libucrtd:report_runtime_error.obj
 0001:000187f0       __query_app_type           004197f0 f   libucrtd:report_runtime_error.obj
 0001:00018800       __set_app_type             00419800 f   libucrtd:report_runtime_error.obj
 0001:00018820       ??$__crt_fast_decode_pointer@P6AHPAU_exception@@@Z@@YAP6AHPAU_exception@@@ZQ6AH0@Z@Z 00419820 f i libucrtd:matherr.obj
 0001:00018860       ??$__crt_fast_encode_pointer@P6AHPAU_exception@@@Z@@YAP6AHPAU_exception@@@ZQ6AH0@Z@Z 00419860 f i libucrtd:matherr.obj
 0001:000188a0       ?get_current_state_index@__crt_state_management@@YAIXZ 004198a0 f i libucrtd:matherr.obj
 0001:000188b0       ?initialize@?$dual_state_global@P6AHPAU_exception@@@Z@__crt_state_management@@QAEXQ6AHPAU_exception@@@Z@Z 004198b0 f i libucrtd:matherr.obj
 0001:00018900       ?value@?$dual_state_global@P6AHPAU_exception@@@Z@__crt_state_management@@QAEAAP6AHPAU_exception@@@ZXZ 00419900 f i libucrtd:matherr.obj
 0001:00018920       ___acrt_has_user_matherr   00419920 f   libucrtd:matherr.obj
 0001:00018970       ___acrt_initialize_user_matherr 00419970 f   libucrtd:matherr.obj
 0001:00018990       ___acrt_invoke_user_matherr 00419990 f   libucrtd:matherr.obj
 0001:00018a10       ___setusermatherr          00419a10 f   libucrtd:matherr.obj
 0001:00018a40       ??$?RE@__crt_internal_free_policy@@QBEXQBE@Z 00419a40 f i libucrtd:argv_parsing.obj
 0001:00018a70       ??$?RPAD@__crt_internal_free_policy@@QBEXQBQAD@Z 00419a70 f i libucrtd:argv_parsing.obj
 0001:00018aa0       ??$?RPA_W@__crt_internal_free_policy@@QBEXQBQA_W@Z 00419aa0 f i libucrtd:argv_parsing.obj
 0001:00019150       ??$get_module_file_name@$$TAAY0BAF@DH@?$__crt_char_traits@D@@SAK$$QA$$TAAY0BAF@D$$QAH@Z 0041a150 f i libucrtd:argv_parsing.obj
 0001:00019180       ??$get_module_file_name@$$TAAY0BAF@_WH@?$__crt_char_traits@_W@@SAK$$QA$$TAAY0BAF@_W$$QAH@Z 0041a180 f i libucrtd:argv_parsing.obj
 0001:00019a70       ??$set_program_name@PAD@?$__crt_char_traits@D@@SAX$$QAPAD@Z 0041aa70 f i libucrtd:argv_parsing.obj
 0001:00019a90       ??$set_program_name@PA_W@?$__crt_char_traits@_W@@SAX$$QAPA_W@Z 0041aa90 f i libucrtd:argv_parsing.obj
 0001:00019af0       ??0?$__crt_unique_heap_ptr@EU__crt_internal_free_policy@@@@QAE@QAE@Z 0041aaf0 f i libucrtd:argv_parsing.obj
 0001:00019b10       ??0?$__crt_unique_heap_ptr@PADU__crt_internal_free_policy@@@@QAE@QAPAD@Z 0041ab10 f i libucrtd:argv_parsing.obj
 0001:00019b30       ??0?$__crt_unique_heap_ptr@PA_WU__crt_internal_free_policy@@@@QAE@QAPA_W@Z 0041ab30 f i libucrtd:argv_parsing.obj
 0001:00019b50       ??1?$__crt_unique_heap_ptr@EU__crt_internal_free_policy@@@@QAE@XZ 0041ab50 f i libucrtd:argv_parsing.obj
 0001:00019b70       ??1?$__crt_unique_heap_ptr@PADU__crt_internal_free_policy@@@@QAE@XZ 0041ab70 f i libucrtd:argv_parsing.obj
 0001:00019b90       ??1?$__crt_unique_heap_ptr@PA_WU__crt_internal_free_policy@@@@QAE@XZ 0041ab90 f i libucrtd:argv_parsing.obj
 0001:00019bb0       ??B?$__crt_unique_heap_ptr@EU__crt_internal_free_policy@@@@QBE_NXZ 0041abb0 f i libucrtd:argv_parsing.obj
 0001:00019c90       ?detach@?$__crt_unique_heap_ptr@EU__crt_internal_free_policy@@@@QAEPAEXZ 0041ac90 f i libucrtd:argv_parsing.obj
 0001:00019cc0       ?detach@?$__crt_unique_heap_ptr@PADU__crt_internal_free_policy@@@@QAEPAPADXZ 0041acc0 f i libucrtd:argv_parsing.obj
 0001:00019cf0       ?detach@?$__crt_unique_heap_ptr@PA_WU__crt_internal_free_policy@@@@QAEPAPA_WXZ 0041acf0 f i libucrtd:argv_parsing.obj
 0001:00019d80       ?get@?$__crt_unique_heap_ptr@EU__crt_internal_free_policy@@@@QBEPAEXZ 0041ad80 f i libucrtd:argv_parsing.obj
 0001:00019da0       ?get@?$__crt_unique_heap_ptr@PADU__crt_internal_free_policy@@@@QBEPAPADXZ 0041ada0 f i libucrtd:argv_parsing.obj
 0001:00019dc0       ?get@?$__crt_unique_heap_ptr@PA_WU__crt_internal_free_policy@@@@QBEPAPA_WXZ 0041adc0 f i libucrtd:argv_parsing.obj
 0001:00019de0       ?get_address_of@?$__crt_unique_heap_ptr@PADU__crt_internal_free_policy@@@@QAEPAPAPADXZ 0041ade0 f i libucrtd:argv_parsing.obj
 0001:00019e00       ?get_address_of@?$__crt_unique_heap_ptr@PA_WU__crt_internal_free_policy@@@@QAEPAPAPA_WXZ 0041ae00 f i libucrtd:argv_parsing.obj
 0001:00019e60       ?is_valid@?$__crt_unique_heap_ptr@EU__crt_internal_free_policy@@@@QBE_NXZ 0041ae60 f i libucrtd:argv_parsing.obj
 0001:00019ea0       ?release@?$__crt_unique_heap_ptr@EU__crt_internal_free_policy@@@@QAEXXZ 0041aea0 f i libucrtd:argv_parsing.obj
 0001:00019ee0       ?release@?$__crt_unique_heap_ptr@PADU__crt_internal_free_policy@@@@QAEXXZ 0041aee0 f i libucrtd:argv_parsing.obj
 0001:00019f20       ?release@?$__crt_unique_heap_ptr@PA_WU__crt_internal_free_policy@@@@QAEXXZ 0041af20 f i libucrtd:argv_parsing.obj
 0001:00019fb0       ___acrt_allocate_buffer_for_argv 0041afb0 f   libucrtd:argv_parsing.obj
 0001:0001a0a0       __configure_narrow_argv    0041b0a0 f   libucrtd:argv_parsing.obj
 0001:0001a0c0       __configure_wide_argv      0041b0c0 f   libucrtd:argv_parsing.obj
 0001:0001a0e0       __set_pgmptr               0041b0e0 f i libucrtd:argv_parsing.obj
 0001:0001a100       __set_wpgmptr              0041b100 f i libucrtd:argv_parsing.obj
 0001:0001a112       ??$?R_W@__crt_internal_free_policy@@QBEXQB_W@Z 0041b112 f i libucrtd:environment_initialization.obj
 0001:0001a68d       ??$get_environment_from_os@$$$V@?$__crt_char_traits@D@@SAPADXZ 0041b68d f i libucrtd:environment_initialization.obj
 0001:0001a692       ??$get_environment_from_os@$$$V@?$__crt_char_traits@_W@@SAPA_WXZ 0041b692 f i libucrtd:environment_initialization.obj
 0001:0001a7f9       ??$set_variable_in_environment_nolock@PADH@?$__crt_char_traits@D@@SAH$$QAPAD$$QAH@Z 0041b7f9 f i libucrtd:environment_initialization.obj
 0001:0001a817       ??$set_variable_in_environment_nolock@PA_WH@?$__crt_char_traits@_W@@SAH$$QAPA_W$$QAH@Z 0041b817 f i libucrtd:environment_initialization.obj
 0001:0001a835       ??$tcscpy_s@PADABIAAPAD@?$__crt_char_traits@D@@SAH$$QAPADABIAAPAD@Z 0041b835 f i libucrtd:environment_initialization.obj
 0001:0001a85a       ??$tcscpy_s@PA_WABIAAPA_W@?$__crt_char_traits@_W@@SAH$$QAPA_WABIAAPA_W@Z 0041b85a f i libucrtd:environment_initialization.obj
 0001:0001a87f       ??$tcslen@AAPAD@?$__crt_char_traits@D@@SAIAAPAD@Z 0041b87f f i libucrtd:environment_initialization.obj
 0001:0001a89d       ??$tcslen@AAPA_W@?$__crt_char_traits@_W@@SAIAAPA_W@Z 0041b89d f i libucrtd:environment_initialization.obj
 0001:0001a8c2       ??$uninitialize@A6AXAAPAPAD@Z@?$dual_state_global@PAPAD@__crt_state_management@@QAEXA6AXAAPAPAD@Z@Z 0041b8c2 f i libucrtd:environment_initialization.obj
 0001:0001a912       ??$uninitialize@A6AXAAPAPA_W@Z@?$dual_state_global@PAPA_W@__crt_state_management@@QAEXA6AXAAPAPA_W@Z@Z 0041b912 f i libucrtd:environment_initialization.obj
 0001:0001a9a4       ??0?$__crt_unique_heap_ptr@_WU__crt_internal_free_policy@@@@QAE@QA_W@Z 0041b9a4 f i libucrtd:environment_initialization.obj
 0001:0001a9b8       ??1?$__crt_unique_heap_ptr@_WU__crt_internal_free_policy@@@@QAE@XZ 0041b9b8 f i libucrtd:environment_initialization.obj
 0001:0001a9d2       ??B?$__crt_unique_heap_ptr@PADU__crt_internal_free_policy@@@@QBE_NXZ 0041b9d2 f i libucrtd:environment_initialization.obj
 0001:0001a9dc       ??B?$__crt_unique_heap_ptr@PA_WU__crt_internal_free_policy@@@@QBE_NXZ 0041b9dc f i libucrtd:environment_initialization.obj
 0001:0001a9e6       ??B?$__crt_unique_heap_ptr@_WU__crt_internal_free_policy@@@@QBE_NXZ 0041b9e6 f i libucrtd:environment_initialization.obj
 0001:0001a9f0       ?__crt_compute_required_transform_buffer_count@@YAIIQBD@Z 0041b9f0 f i libucrtd:environment_initialization.obj
 0001:0001aa10       ?__crt_compute_required_transform_buffer_count@@YAIIQB_W@Z 0041ba10 f i libucrtd:environment_initialization.obj
 0001:0001aa33       ?__crt_transform_string@@YAIIQBDQA_WI@Z 0041ba33 f i libucrtd:environment_initialization.obj
 0001:0001aa57       ?__crt_transform_string@@YAIIQB_WQADI@Z 0041ba57 f i libucrtd:environment_initialization.obj
 0001:0001aa7f       ?detach@?$__crt_unique_heap_ptr@DU__crt_internal_free_policy@@@@QAEPADXZ 0041ba7f f i libucrtd:environment_initialization.obj
 0001:0001aa85       ?detach@?$__crt_unique_heap_ptr@_WU__crt_internal_free_policy@@@@QAEPA_WXZ 0041ba85 f i libucrtd:environment_initialization.obj
 0001:0001aa8b       ?get@?$__crt_unique_heap_ptr@_WU__crt_internal_free_policy@@@@QBEPA_WXZ 0041ba8b f i libucrtd:environment_initialization.obj
 0001:0001aab2       ?initialize@?$dual_state_global@PAPAD@__crt_state_management@@QAEXQAPAD@Z 0041bab2 f i libucrtd:environment_initialization.obj
 0001:0001aaef       ?initialize@?$dual_state_global@PAPA_W@__crt_state_management@@QAEXQAPA_W@Z 0041baef f i libucrtd:environment_initialization.obj
 0001:0001ab2c       ?is_valid@?$__crt_unique_heap_ptr@PADU__crt_internal_free_policy@@@@QBE_NXZ 0041bb2c f i libucrtd:environment_initialization.obj
 0001:0001ab36       ?is_valid@?$__crt_unique_heap_ptr@PA_WU__crt_internal_free_policy@@@@QBE_NXZ 0041bb36 f i libucrtd:environment_initialization.obj
 0001:0001ab40       ?is_valid@?$__crt_unique_heap_ptr@_WU__crt_internal_free_policy@@@@QBE_NXZ 0041bb40 f i libucrtd:environment_initialization.obj
 0001:0001ab50       ?release@?$__crt_unique_heap_ptr@_WU__crt_internal_free_policy@@@@QAEXXZ 0041bb50 f i libucrtd:environment_initialization.obj
 0001:0001ab6a       ?value@?$dual_state_global@PAPAD@__crt_state_management@@QAEAAPAPADXZ 0041bb6a f i libucrtd:environment_initialization.obj
 0001:0001ab6d       ?value@?$dual_state_global@PAPA_W@__crt_state_management@@QAEAAPAPA_WXZ 0041bb6d f i libucrtd:environment_initialization.obj
 0001:0001ab70       ___dcrt_get_or_create_narrow_environment_nolock 0041bb70 f   libucrtd:environment_initialization.obj
 0001:0001ab75       ___dcrt_get_or_create_wide_environment_nolock 0041bb75 f   libucrtd:environment_initialization.obj
 0001:0001ab7a       ___dcrt_uninitialize_environments_nolock 0041bb7a f   libucrtd:environment_initialization.obj
 0001:0001abbe       ___p__environ              0041bbbe f   libucrtd:environment_initialization.obj
 0001:0001abc4       ___p__wenviron             0041bbc4 f   libucrtd:environment_initialization.obj
 0001:0001abca       __get_initial_narrow_environment 0041bbca f   libucrtd:environment_initialization.obj
 0001:0001abe3       __get_initial_wide_environment 0041bbe3 f   libucrtd:environment_initialization.obj
 0001:0001abfc       __initialize_narrow_environment 0041bbfc f   libucrtd:environment_initialization.obj
 0001:0001ac01       __initialize_wide_environment 0041bc01 f   libucrtd:environment_initialization.obj
 0001:0001ac10       __initterm                 0041bc10 f   libucrtd:initterm.obj
 0001:0001ac80       __initterm_e               0041bc80 f   libucrtd:initterm.obj
 0001:0001ad10       ??$?B$$A6GXPAXK0@Z@__crt_fast_encoded_nullptr_t@@QBEP6GXPAXK0@ZXZ 0041bd10 f i libucrtd:exit.obj
 0001:0001ad30       ??$__crt_fast_decode_pointer@P6GXPAXK0@Z@@YAP6GXPAXK0@ZQ6GX0K0@Z@Z 0041bd30 f i libucrtd:exit.obj
 0001:0001ad70       ??$__crt_fast_encode_pointer@P6GXPAXK0@Z@@YAP6GXPAXK0@ZQ6GX0K0@Z@Z 0041bd70 f i libucrtd:exit.obj
 0001:0001adb0       ??$__crt_get_proc_address@P6GXI@Z@@YAP6GXI@ZQAUHINSTANCE__@@QBD@Z 0041bdb0 f i libucrtd:exit.obj
 0001:0001add0       ??0?$__crt_unique_handle_t@U__crt_hmodule_traits@@@@QAE@QAUHINSTANCE__@@@Z 0041bdd0 f i libucrtd:exit.obj
 0001:0001adf0       ??1?$__crt_unique_handle_t@U__crt_hmodule_traits@@@@QAE@XZ 0041bdf0 f i libucrtd:exit.obj
 0001:0001ae30       ?close@?$__crt_unique_handle_t@U__crt_hmodule_traits@@@@QAEXXZ 0041be30 f i libucrtd:exit.obj
 0001:0001ae70       ?close@__crt_hmodule_traits@@SA_NPAUHINSTANCE__@@@Z 0041be70 f i libucrtd:exit.obj
 0001:0001b130       ?get@?$__crt_unique_handle_t@U__crt_hmodule_traits@@@@QBEPAUHINSTANCE__@@XZ 0041c130 f i libucrtd:exit.obj
 0001:0001b150       ?get_address_of@?$__crt_unique_handle_t@U__crt_hmodule_traits@@@@QAEPAPAUHINSTANCE__@@XZ 0041c150 f i libucrtd:exit.obj
 0001:0001b170       ?get_invalid_value@__crt_hmodule_traits@@SAPAUHINSTANCE__@@XZ 0041c170 f i libucrtd:exit.obj
 0001:0001b350       __Exit                     0041c350 f   libucrtd:exit.obj
 0001:0001b370       ___acrt_initialize_thread_local_exit_callback 0041c370 f   libucrtd:exit.obj
 0001:0001b390       __c_exit                   0041c390 f   libucrtd:exit.obj
 0001:0001b3b0       __cexit                    0041c3b0 f   libucrtd:exit.obj
 0001:0001b3d0       __exit                     0041c3d0 f   libucrtd:exit.obj
 0001:0001b3f0       __is_c_termination_complete 0041c3f0 f   libucrtd:exit.obj
 0001:0001b410       __register_thread_local_exe_atexit_callback 0041c410 f   libucrtd:exit.obj
 0001:0001b460       _exit                      0041c460 f   libucrtd:exit.obj
 0001:0001b480       _quick_exit                0041c480 f   libucrtd:exit.obj
 0001:0001b4a0       ??$__crt_interlocked_read@H@@YAHPDH@Z 0041c4a0 f i libucrtd:setmode.obj
 0001:0001b4c0       __get_fmode                0041c4c0 f   libucrtd:setmode.obj
 0001:0001b580       __set_fmode                0041c580 f   libucrtd:setmode.obj
 0001:0001b650       __setmode                  0041c650 f   libucrtd:setmode.obj
 0001:0001b9b0       __setmode_nolock           0041c9b0 f   libucrtd:setmode.obj
 0001:0001bc50       ___acrt_initialize_command_line 0041cc50 f   libucrtd:argv_data.obj
 0001:0001bc80       ___acrt_uninitialize_command_line 0041cc80 f   libucrtd:argv_data.obj
 0001:0001bc90       ___p___argc                0041cc90 f   libucrtd:argv_data.obj
 0001:0001bca0       ___p___argv                0041cca0 f   libucrtd:argv_data.obj
 0001:0001bcb0       ___p___wargv               0041ccb0 f   libucrtd:argv_data.obj
 0001:0001bcc0       ___p__acmdln               0041ccc0 f   libucrtd:argv_data.obj
 0001:0001bcd0       ___p__pgmptr               0041ccd0 f   libucrtd:argv_data.obj
 0001:0001bce0       ___p__wcmdln               0041cce0 f   libucrtd:argv_data.obj
 0001:0001bcf0       ___p__wpgmptr              0041ccf0 f   libucrtd:argv_data.obj
 0001:0001bd00       __get_pgmptr               0041cd00 f   libucrtd:argv_data.obj
 0001:0001be60       __get_wpgmptr              0041ce60 f   libucrtd:argv_data.obj
 0001:0001bfd0       ??$?RU__crt_locale_data@@@__crt_internal_free_policy@@QBEXQBU__crt_locale_data@@@Z 0041cfd0 f i libucrtd:wsetlocale.obj
 0001:0001c000       ??$?RU__crt_locale_pointers@@@__crt_internal_free_policy@@QBEXQBU__crt_locale_pointers@@@Z 0041d000 f i libucrtd:wsetlocale.obj
 0001:0001c030       ??$?RU__crt_multibyte_data@@@__crt_internal_free_policy@@QBEXQBU__crt_multibyte_data@@@Z 0041d030 f i libucrtd:wsetlocale.obj
 0001:0001c060       ??$?RV<lambda_0f92d0c5a8007722f95b3b6c71cd8e3e>@@AAV<lambda_321f9d61c14d59ff00145e45db1313e0>@@V<lambda_3298c911d7b53f44106027a7fde9a80a>@@@?$__crt_seh_guarded_call@X@@QAEX$$QAV<lambda_0f92d0c5a8007722f95b3b6c71cd8e3e>@@AAV<lambda_321f9d61c14d59ff00145e45db1313e0>@@$$QAV<lambda_3298c911d7b53f44106027a7fde9a80a>@@@Z 0041d060 f i libucrtd:wsetlocale.obj
 0001:0001c100       ??$?RV<lambda_507d9fd6b66e39451a8852ba73f804a7>@@AAV<lambda_565169b3e3b494427ce1bebdd17b54ac>@@AAV<lambda_f51fe5fd7c79a33db34fc9310f277369>@@@?$__crt_seh_guarded_call@X@@QAEX$$QAV<lambda_507d9fd6b66e39451a8852ba73f804a7>@@AAV<lambda_565169b3e3b494427ce1bebdd17b54ac>@@AAV<lambda_f51fe5fd7c79a33db34fc9310f277369>@@@Z 0041d100 f i libucrtd:wsetlocale.obj
 0001:0001c1a0       ??$?RV<lambda_76aaead6e312921abc834cb00a638bdd>@@AAV<lambda_176e34f99554166dd2fac165c457248c>@@V<lambda_998ee1c9f4290b119b936bcd6215875a>@@@?$__crt_seh_guarded_call@X@@QAEX$$QAV<lambda_76aaead6e312921abc834cb00a638bdd>@@AAV<lambda_176e34f99554166dd2fac165c457248c>@@$$QAV<lambda_998ee1c9f4290b119b936bcd6215875a>@@@Z 0041d1a0 f i libucrtd:wsetlocale.obj
 0001:0001c240       ??$?RV<lambda_c9469061b39d205f0f236529d4a41659>@@AAV<lambda_b7fb1a997d3ebc0cc0186c5835178808>@@V<lambda_14b92c79d699846b5cc916cd4cf280e4>@@@?$__crt_seh_guarded_call@X@@QAEX$$QAV<lambda_c9469061b39d205f0f236529d4a41659>@@AAV<lambda_b7fb1a997d3ebc0cc0186c5835178808>@@$$QAV<lambda_14b92c79d699846b5cc916cd4cf280e4>@@@Z 0041d240 f i libucrtd:wsetlocale.obj
 0001:0001c2e0       ??$__acrt_lock_and_call@V<lambda_176e34f99554166dd2fac165c457248c>@@@@YAXW4__acrt_lock_id@@$$QAV<lambda_176e34f99554166dd2fac165c457248c>@@@Z 0041d2e0 f i libucrtd:wsetlocale.obj
 0001:0001c330       ??$__acrt_lock_and_call@V<lambda_321f9d61c14d59ff00145e45db1313e0>@@@@YAXW4__acrt_lock_id@@$$QAV<lambda_321f9d61c14d59ff00145e45db1313e0>@@@Z 0041d330 f i libucrtd:wsetlocale.obj
 0001:0001c380       ??$__acrt_lock_and_call@V<lambda_b7fb1a997d3ebc0cc0186c5835178808>@@@@YAXW4__acrt_lock_id@@$$QAV<lambda_b7fb1a997d3ebc0cc0186c5835178808>@@@Z 0041d380 f i libucrtd:wsetlocale.obj
 0001:0001c3d0       ??$__crt_call_and_cleanup@V<lambda_565169b3e3b494427ce1bebdd17b54ac>@@V<lambda_f51fe5fd7c79a33db34fc9310f277369>@@@@YAX$$QAV<lambda_565169b3e3b494427ce1bebdd17b54ac>@@$$QAV<lambda_f51fe5fd7c79a33db34fc9310f277369>@@@Z 0041d3d0 f i libucrtd:wsetlocale.obj
 0001:0001c400       ??$__vcrt_va_start_verify_argument_type@H@@YAXXZ 0041d400 f i libucrtd:wsetlocale.obj
 0001:0001c630       ??0?$__crt_unique_heap_ptr@U__crt_locale_data@@U__crt_internal_free_policy@@@@QAE@QAU__crt_locale_data@@@Z 0041d630 f i libucrtd:wsetlocale.obj
 0001:0001c650       ??0?$__crt_unique_heap_ptr@U__crt_locale_pointers@@U__crt_internal_free_policy@@@@QAE@QAU__crt_locale_pointers@@@Z 0041d650 f i libucrtd:wsetlocale.obj
 0001:0001c670       ??0?$__crt_unique_heap_ptr@U__crt_multibyte_data@@U__crt_internal_free_policy@@@@QAE@QAU__crt_multibyte_data@@@Z 0041d670 f i libucrtd:wsetlocale.obj
 0001:0001c690       ??1?$__crt_unique_heap_ptr@U__crt_locale_data@@U__crt_internal_free_policy@@@@QAE@XZ 0041d690 f i libucrtd:wsetlocale.obj
 0001:0001c6b0       ??1?$__crt_unique_heap_ptr@U__crt_locale_pointers@@U__crt_internal_free_policy@@@@QAE@XZ 0041d6b0 f i libucrtd:wsetlocale.obj
 0001:0001c6d0       ??1?$__crt_unique_heap_ptr@U__crt_multibyte_data@@U__crt_internal_free_policy@@@@QAE@XZ 0041d6d0 f i libucrtd:wsetlocale.obj
 0001:0001c6f0       ??B?$__crt_unique_heap_ptr@U__crt_locale_data@@U__crt_internal_free_policy@@@@QBE_NXZ 0041d6f0 f i libucrtd:wsetlocale.obj
 0001:0001c710       ??B?$__crt_unique_heap_ptr@U__crt_locale_pointers@@U__crt_internal_free_policy@@@@QBE_NXZ 0041d710 f i libucrtd:wsetlocale.obj
 0001:0001c730       ??B?$__crt_unique_heap_ptr@U__crt_multibyte_data@@U__crt_internal_free_policy@@@@QBE_NXZ 0041d730 f i libucrtd:wsetlocale.obj
 0001:0001cb70       ?detach@?$__crt_unique_heap_ptr@U__crt_locale_data@@U__crt_internal_free_policy@@@@QAEPAU__crt_locale_data@@XZ 0041db70 f i libucrtd:wsetlocale.obj
 0001:0001cba0       ?detach@?$__crt_unique_heap_ptr@U__crt_locale_pointers@@U__crt_internal_free_policy@@@@QAEPAU__crt_locale_pointers@@XZ 0041dba0 f i libucrtd:wsetlocale.obj
 0001:0001cbd0       ?detach@?$__crt_unique_heap_ptr@U__crt_multibyte_data@@U__crt_internal_free_policy@@@@QAEPAU__crt_multibyte_data@@XZ 0041dbd0 f i libucrtd:wsetlocale.obj
 0001:0001cc00       ?get@?$__crt_unique_heap_ptr@U__crt_locale_data@@U__crt_internal_free_policy@@@@QBEPAU__crt_locale_data@@XZ 0041dc00 f i libucrtd:wsetlocale.obj
 0001:0001cc20       ?get@?$__crt_unique_heap_ptr@U__crt_locale_pointers@@U__crt_internal_free_policy@@@@QBEPAU__crt_locale_pointers@@XZ 0041dc20 f i libucrtd:wsetlocale.obj
 0001:0001cc40       ?get@?$__crt_unique_heap_ptr@U__crt_multibyte_data@@U__crt_internal_free_policy@@@@QBEPAU__crt_multibyte_data@@XZ 0041dc40 f i libucrtd:wsetlocale.obj
 0001:0001cc60       ?is_valid@?$__crt_unique_heap_ptr@U__crt_locale_data@@U__crt_internal_free_policy@@@@QBE_NXZ 0041dc60 f i libucrtd:wsetlocale.obj
 0001:0001cca0       ?is_valid@?$__crt_unique_heap_ptr@U__crt_locale_pointers@@U__crt_internal_free_policy@@@@QBE_NXZ 0041dca0 f i libucrtd:wsetlocale.obj
 0001:0001cce0       ?is_valid@?$__crt_unique_heap_ptr@U__crt_multibyte_data@@U__crt_internal_free_policy@@@@QBE_NXZ 0041dce0 f i libucrtd:wsetlocale.obj
 0001:0001cd20       ?release@?$__crt_unique_heap_ptr@U__crt_locale_data@@U__crt_internal_free_policy@@@@QAEXXZ 0041dd20 f i libucrtd:wsetlocale.obj
 0001:0001cd60       ?release@?$__crt_unique_heap_ptr@U__crt_locale_pointers@@U__crt_internal_free_policy@@@@QAEXXZ 0041dd60 f i libucrtd:wsetlocale.obj
 0001:0001cda0       ?release@?$__crt_unique_heap_ptr@U__crt_multibyte_data@@U__crt_internal_free_policy@@@@QAEXXZ 0041dda0 f i libucrtd:wsetlocale.obj
 0001:0001cde0       ?value@?$dual_state_global@PAU__crt_locale_data@@@__crt_state_management@@QAEAAPAU__crt_locale_data@@XZ 0041dde0 f i libucrtd:wsetlocale.obj
 0001:0001ce00       ___acrt_copy_locale_name   0041de00 f   libucrtd:wsetlocale.obj
 0001:0001ced0       ___acrt_set_locale_changed 0041ded0 f   libucrtd:wsetlocale.obj
 0001:0001cef0       ___acrt_uninitialize_locale 0041def0 f   libucrtd:wsetlocale.obj
 0001:0001cfc0       ___lc_lctowcs              0041dfc0 f   libucrtd:wsetlocale.obj
 0001:0001d0a0       ___lc_wcstolc              0041e0a0 f   libucrtd:wsetlocale.obj
 0001:0001d350       __configthreadlocale       0041e350 f   libucrtd:wsetlocale.obj
 0001:0001d530       __create_locale            0041e530 f   libucrtd:wsetlocale.obj
 0001:0001d5c0       __expandlocale             0041e5c0 f   libucrtd:wsetlocale.obj
 0001:0001dbc0       __free_locale              0041ebc0 f   libucrtd:wsetlocale.obj
 0001:0001dd40       __get_current_locale       0041ed40 f   libucrtd:wsetlocale.obj
 0001:0001de40       __wcreate_locale           0041ee40 f   libucrtd:wsetlocale.obj
 0001:0001e100       __wcscats                  0041f100 f   libucrtd:wsetlocale.obj
 0001:0001e1a0       __wsetlocale               0041f1a0 f   libucrtd:wsetlocale.obj
 0001:0001f4b0       ?value@?$dual_state_global@J@__crt_state_management@@QAEAAJXZ 004204b0 f i libucrtd:new_mode.obj
 0001:0001f4d0       __query_new_mode           004204d0 f   libucrtd:new_mode.obj
 0001:0001f4f0       __set_new_mode             004204f0 f   libucrtd:new_mode.obj
 0001:0001f5c0       ___p__commode              004205c0 f   libucrtd:ncommode.obj
 0001:0001f5d0       ??$?BP6AXXZ@__crt_fast_encoded_nullptr_t@@QBEPAP6AXXZXZ 004205d0 f i libucrtd:onexit.obj
 0001:0001f5f0       ??$?RP6AXXZ@__crt_internal_free_policy@@QBEXQBQ6AXXZ@Z 004205f0 f i libucrtd:onexit.obj
 0001:0001f620       ??$?RV<lambda_821a00fc0e15a7fd532972332124005d>@@AAV<lambda_942beefa13ab35ff55f86422493ffd6a>@@V<lambda_3ab53bf64df1f1ff33dbc5b1929ce7a7>@@@?$__crt_seh_guarded_call@H@@QAEH$$QAV<lambda_821a00fc0e15a7fd532972332124005d>@@AAV<lambda_942beefa13ab35ff55f86422493ffd6a>@@$$QAV<lambda_3ab53bf64df1f1ff33dbc5b1929ce7a7>@@@Z 00420620 f i libucrtd:onexit.obj
 0001:0001f6d0       ??$?RV<lambda_a12890e7f9ac9927a62bd0bbd5044c78>@@AAV<lambda_e971338317bfa523bb8920b43d823727>@@V<lambda_e618b16d59e79e236350cab8485990d2>@@@?$__crt_seh_guarded_call@H@@QAEH$$QAV<lambda_a12890e7f9ac9927a62bd0bbd5044c78>@@AAV<lambda_e971338317bfa523bb8920b43d823727>@@$$QAV<lambda_e618b16d59e79e236350cab8485990d2>@@@Z 004206d0 f i libucrtd:onexit.obj
 0001:0001f780       ??$__acrt_lock_and_call@V<lambda_942beefa13ab35ff55f86422493ffd6a>@@@@YAHW4__acrt_lock_id@@$$QAV<lambda_942beefa13ab35ff55f86422493ffd6a>@@@Z 00420780 f i libucrtd:onexit.obj
 0001:0001f7d0       ??$__acrt_lock_and_call@V<lambda_e971338317bfa523bb8920b43d823727>@@@@YAHW4__acrt_lock_id@@$$QAV<lambda_e971338317bfa523bb8920b43d823727>@@@Z 004207d0 f i libucrtd:onexit.obj
 0001:0001f820       ??$__crt_fast_encode_pointer@P6AHXZ@@YAP6AHXZQ6AHXZ@Z 00420820 f i libucrtd:onexit.obj
 0001:0001f970       ??0?$__crt_unique_heap_ptr@P6AXXZU__crt_internal_free_policy@@@@QAE@QAP6AXXZ@Z 00420970 f i libucrtd:onexit.obj
 0001:0001f990       ??1?$__crt_unique_heap_ptr@P6AXXZU__crt_internal_free_policy@@@@QAE@XZ 00420990 f i libucrtd:onexit.obj
 0001:0001ff00       ?detach@?$__crt_unique_heap_ptr@P6AXXZU__crt_internal_free_policy@@@@QAEPAP6AXXZXZ 00420f00 f i libucrtd:onexit.obj
 0001:0001ff30       ?release@?$__crt_unique_heap_ptr@P6AXXZU__crt_internal_free_policy@@@@QAEXXZ 00420f30 f i libucrtd:onexit.obj
 0001:0001ff70       __crt_at_quick_exit        00420f70 f   libucrtd:onexit.obj
 0001:0001ff90       __crt_atexit               00420f90 f   libucrtd:onexit.obj
 0001:0001ffb0       __execute_onexit_table     00420fb0 f   libucrtd:onexit.obj
 0001:0001ffe0       __initialize_onexit_table  00420fe0 f   libucrtd:onexit.obj
 0001:00020060       __register_onexit_function 00421060 f   libucrtd:onexit.obj
 0001:000202f0       ?initialize@?$dual_state_global@PAU__crt_locale_data@@@__crt_state_management@@QAEXQAU__crt_locale_data@@@Z 004212f0 f i libucrtd:initialization.obj
 0001:00020340       ___acrt_initialize         00421340 f   libucrtd:initialization.obj
 0001:00020360       ___acrt_thread_attach      00421360 f   libucrtd:initialization.obj
 0001:00020380       ___acrt_thread_detach      00421380 f   libucrtd:initialization.obj
 0001:000203a0       ___acrt_uninitialize       004213a0 f   libucrtd:initialization.obj
 0001:000203c0       ___acrt_uninitialize_critical 004213c0 f   libucrtd:initialization.obj
 0001:000203e0       __controlfp_s              004213e0 f   libucrtd:contrlfp.obj
 0001:00020540       __get_terminate            00421540 f   libucrtd:terminate.obj
 0001:00020560       _set_terminate             00421560 f   libucrtd:terminate.obj
 0001:000205a0       _terminate                 004215a0 f   libucrtd:terminate.obj
 0001:00020670       _wcslen                    00421670 f   libucrtd:wcslen.obj
 0001:000206c0       _strlen                    004216c0 f   libucrtd:strlen.obj
 0001:00020770       ??0_LocaleUpdate@@QAE@QAU__crt_locale_pointers@@@Z 00421770 f i libucrtd:debug_heap.obj
 0001:00020890       ??1_LocaleUpdate@@QAE@XZ   00421890 f i libucrtd:debug_heap.obj
 0001:000208d0       ?GetLocaleT@_LocaleUpdate@@QAEPAU__crt_locale_pointers@@XZ 004218d0 f i libucrtd:debug_heap.obj
 0001:00022790       __CrtCheckMemory           00423790 f   libucrtd:debug_heap.obj
 0001:00022980       __CrtDoForAllClientObjects 00423980 f   libucrtd:debug_heap.obj
 0001:00022b30       __CrtDumpMemoryLeaks       00423b30 f   libucrtd:debug_heap.obj
 0001:00022bf0       __CrtGetAllocHook          00423bf0 f   libucrtd:debug_heap.obj
 0001:00022c00       __CrtGetDumpClient         00423c00 f   libucrtd:debug_heap.obj
 0001:00022c10       __CrtIsMemoryBlock         00423c10 f   libucrtd:debug_heap.obj
 0001:00022db0       __CrtIsValidHeapPointer    00423db0 f   libucrtd:debug_heap.obj
 0001:00022df0       __CrtIsValidPointer        00423df0 f   libucrtd:debug_heap.obj
 0001:00022e20       __CrtMemCheckpoint         00423e20 f   libucrtd:debug_heap.obj
 0001:000230e0       __CrtMemDifference         004240e0 f   libucrtd:debug_heap.obj
 0001:000233f0       __CrtMemDumpAllObjectsSince 004243f0 f   libucrtd:debug_heap.obj
 0001:000234b0       __CrtMemDumpStatistics     004244b0 f   libucrtd:debug_heap.obj
 0001:00023620       __CrtReportBlockType       00424620 f   libucrtd:debug_heap.obj
 0001:00023660       __CrtSetAllocHook          00424660 f   libucrtd:debug_heap.obj
 0001:00023690       __CrtSetBreakAlloc         00424690 f   libucrtd:debug_heap.obj
 0001:000236c0       __CrtSetDbgBlockType       004246c0 f   libucrtd:debug_heap.obj
 0001:000237d0       __CrtSetDbgFlag            004247d0 f   libucrtd:debug_heap.obj
 0001:000239a0       __CrtSetDumpClient         004249a0 f   libucrtd:debug_heap.obj
 0001:000239d0       ___acrt_get_locale_data_prefix 004249d0 f i libucrtd:debug_heap.obj
 0001:000239f0       ___acrt_locale_changed     004249f0 f i libucrtd:debug_heap.obj
 0001:00023a30       ___p__crtBreakAlloc        00424a30 f   libucrtd:debug_heap.obj
 0001:00023a40       ___p__crtDbgFlag           00424a40 f   libucrtd:debug_heap.obj
 0001:00023a50       __aligned_free_dbg         00424a50 f   libucrtd:debug_heap.obj
 0001:00023b30       __aligned_malloc_dbg       00424b30 f   libucrtd:debug_heap.obj
 0001:00023b60       __aligned_msize_dbg        00424b60 f   libucrtd:debug_heap.obj
 0001:00023cd0       __aligned_offset_malloc_dbg 00424cd0 f   libucrtd:debug_heap.obj
 0001:00023f20       __aligned_offset_realloc_dbg 00424f20 f   libucrtd:debug_heap.obj
 0001:000242f0       __aligned_offset_recalloc_dbg 004252f0 f   libucrtd:debug_heap.obj
 0001:000243e0       __aligned_realloc_dbg      004253e0 f   libucrtd:debug_heap.obj
 0001:00024410       __aligned_recalloc_dbg     00425410 f   libucrtd:debug_heap.obj
 0001:00024450       __calloc_dbg               00425450 f   libucrtd:debug_heap.obj
 0001:000244e0       __chvalidchk_l             004254e0 f i libucrtd:debug_heap.obj
 0001:00024510       __expand_dbg               00425510 f   libucrtd:debug_heap.obj
 0001:00024690       __free_dbg                 00425690 f   libucrtd:debug_heap.obj
 0001:00024770       __invoke_watson_if_oneof   00425770 f i libucrtd:debug_heap.obj
 0001:000247c0       __ischartype_l             004257c0 f i libucrtd:debug_heap.obj
 0001:00024820       __malloc_dbg               00425820 f   libucrtd:debug_heap.obj
 0001:00024850       __msize_dbg                00425850 f   libucrtd:debug_heap.obj
 0001:00024a40       __realloc_dbg              00425a40 f   libucrtd:debug_heap.obj
 0001:00024b10       __recalloc_dbg             00425b10 f   libucrtd:debug_heap.obj
 0001:00024fc0       _strcpy_s                  00425fc0 f   libucrtd:strcpy_s.obj
 0001:00024ff0       _strcmp                    00425ff0 f   libucrtd:strcmp.obj
 0001:000250a0       ??$?RU?$__crt_report_hook_node@D@@@__crt_internal_free_policy@@QBEXQBU?$__crt_report_hook_node@D@@@Z 004260a0 f i libucrtd:dbgrpt.obj
 0001:000250d0       ??$?RU?$__crt_report_hook_node@_W@@@__crt_internal_free_policy@@QBEXQBU?$__crt_report_hook_node@_W@@@Z 004260d0 f i libucrtd:dbgrpt.obj
 0001:00025100       ??$?RV<lambda_4385efabcfedf7d3ecea3114bb4d80a3>@@AAV<lambda_0e04737ef8baea6dabca2b8414b05b67>@@V<lambda_d865d276f220a9fa71140df531e906d8>@@@?$__crt_seh_guarded_call@H@@QAEH$$QAV<lambda_4385efabcfedf7d3ecea3114bb4d80a3>@@AAV<lambda_0e04737ef8baea6dabca2b8414b05b67>@@$$QAV<lambda_d865d276f220a9fa71140df531e906d8>@@@Z 00426100 f i libucrtd:dbgrpt.obj
 0001:000251b0       ??$?RV<lambda_cc3a1c0f52e01ba2b29fe175588291fc>@@AAV<lambda_fe667bea668416e0f0232b481cd5c955>@@V<lambda_bb8fdd70844b93de4445abd0f0332611>@@@?$__crt_seh_guarded_call@H@@QAEH$$QAV<lambda_cc3a1c0f52e01ba2b29fe175588291fc>@@AAV<lambda_fe667bea668416e0f0232b481cd5c955>@@$$QAV<lambda_bb8fdd70844b93de4445abd0f0332611>@@@Z 004261b0 f i libucrtd:dbgrpt.obj
 0001:00025260       ??$__acrt_lock_and_call@V<lambda_0e04737ef8baea6dabca2b8414b05b67>@@@@YAHW4__acrt_lock_id@@$$QAV<lambda_0e04737ef8baea6dabca2b8414b05b67>@@@Z 00426260 f i libucrtd:dbgrpt.obj
 0001:000252b0       ??$__acrt_lock_and_call@V<lambda_fe667bea668416e0f0232b481cd5c955>@@@@YAHW4__acrt_lock_id@@$$QAV<lambda_fe667bea668416e0f0232b481cd5c955>@@@Z 004262b0 f i libucrtd:dbgrpt.obj
 0001:00025300       ??$__vcrt_va_start_verify_argument_type@QB_W@@YAXXZ 00426300 f i libucrtd:dbgrpt.obj
 0001:00026200       ??$get_module_file_name@AAPAUHINSTANCE__@@AAY0BAF@DK@?$__crt_char_traits@D@@SAKAAPAUHINSTANCE__@@AAY0BAF@D$$QAK@Z 00427200 f i libucrtd:dbgrpt.obj
 0001:00026230       ??$get_module_file_name@AAPAUHINSTANCE__@@AAY0BAF@_WK@?$__crt_char_traits@_W@@SAKAAPAUHINSTANCE__@@AAY0BAF@_W$$QAK@Z 00427230 f i libucrtd:dbgrpt.obj
 0001:00026260       ??$tcscpy_s@AAY0BAF@DIPBD@?$__crt_char_traits@D@@SAHAAY0BAF@D$$QAI$$QAPBD@Z 00427260 f i libucrtd:dbgrpt.obj
 0001:00026290       ??$tcscpy_s@AAY0BAF@_WIPB_W@?$__crt_char_traits@_W@@SAHAAY0BAF@_W$$QAI$$QAPB_W@Z 00427290 f i libucrtd:dbgrpt.obj
 0001:000262c0       ??$tcslen@AAY0BAF@D@?$__crt_char_traits@D@@SAIAAY0BAF@D@Z 004272c0 f i libucrtd:dbgrpt.obj
 0001:000262e0       ??$tcslen@AAY0BAF@_W@?$__crt_char_traits@_W@@SAIAAY0BAF@_W@Z 004272e0 f i libucrtd:dbgrpt.obj
 0001:00026300       ??$tcslen@ABQBD@?$__crt_char_traits@D@@SAIABQBD@Z 00427300 f i libucrtd:dbgrpt.obj
 0001:00026320       ??$tcslen@ABQB_W@?$__crt_char_traits@_W@@SAIABQB_W@Z 00427320 f i libucrtd:dbgrpt.obj
 0001:00026460       ??0?$__crt_unique_heap_ptr@U?$__crt_report_hook_node@D@@U__crt_internal_free_policy@@@@QAE@QAU?$__crt_report_hook_node@D@@@Z 00427460 f i libucrtd:dbgrpt.obj
 0001:00026480       ??0?$__crt_unique_heap_ptr@U?$__crt_report_hook_node@_W@@U__crt_internal_free_policy@@@@QAE@QAU?$__crt_report_hook_node@_W@@@Z 00427480 f i libucrtd:dbgrpt.obj
 0001:000264a0       ??1?$__crt_unique_heap_ptr@U?$__crt_report_hook_node@D@@U__crt_internal_free_policy@@@@QAE@XZ 004274a0 f i libucrtd:dbgrpt.obj
 0001:000264c0       ??1?$__crt_unique_heap_ptr@U?$__crt_report_hook_node@_W@@U__crt_internal_free_policy@@@@QAE@XZ 004274c0 f i libucrtd:dbgrpt.obj
 0001:000264e0       ??B?$__crt_unique_heap_ptr@U?$__crt_report_hook_node@D@@U__crt_internal_free_policy@@@@QBE_NXZ 004274e0 f i libucrtd:dbgrpt.obj
 0001:00026500       ??B?$__crt_unique_heap_ptr@U?$__crt_report_hook_node@_W@@U__crt_internal_free_policy@@@@QBE_NXZ 00427500 f i libucrtd:dbgrpt.obj
 0001:00026ba0       ?detach@?$__crt_unique_heap_ptr@U?$__crt_report_hook_node@D@@U__crt_internal_free_policy@@@@QAEPAU?$__crt_report_hook_node@D@@XZ 00427ba0 f i libucrtd:dbgrpt.obj
 0001:00026bd0       ?detach@?$__crt_unique_heap_ptr@U?$__crt_report_hook_node@_W@@U__crt_internal_free_policy@@@@QAEPAU?$__crt_report_hook_node@_W@@XZ 00427bd0 f i libucrtd:dbgrpt.obj
 0001:00026c00       ?get@?$__crt_unique_heap_ptr@U?$__crt_report_hook_node@D@@U__crt_internal_free_policy@@@@QBEPAU?$__crt_report_hook_node@D@@XZ 00427c00 f i libucrtd:dbgrpt.obj
 0001:00026c20       ?get@?$__crt_unique_heap_ptr@U?$__crt_report_hook_node@_W@@U__crt_internal_free_policy@@@@QBEPAU?$__crt_report_hook_node@_W@@XZ 00427c20 f i libucrtd:dbgrpt.obj
 0001:00026ca0       ?is_valid@?$__crt_unique_heap_ptr@U?$__crt_report_hook_node@D@@U__crt_internal_free_policy@@@@QBE_NXZ 00427ca0 f i libucrtd:dbgrpt.obj
 0001:00026ce0       ?is_valid@?$__crt_unique_heap_ptr@U?$__crt_report_hook_node@_W@@U__crt_internal_free_policy@@@@QBE_NXZ 00427ce0 f i libucrtd:dbgrpt.obj
 0001:00026d20       ?release@?$__crt_unique_heap_ptr@U?$__crt_report_hook_node@D@@U__crt_internal_free_policy@@@@QAEXXZ 00427d20 f i libucrtd:dbgrpt.obj
 0001:00026d60       ?release@?$__crt_unique_heap_ptr@U?$__crt_report_hook_node@_W@@U__crt_internal_free_policy@@@@QAEXXZ 00427d60 f i libucrtd:dbgrpt.obj
 0001:00026da0       __CrtDbgReport             00427da0 f   libucrtd:dbgrpt.obj
 0001:00026e00       __CrtDbgReportW            00427e00 f   libucrtd:dbgrpt.obj
 0001:00026e60       __CrtSetReportHook2        00427e60 f   libucrtd:dbgrpt.obj
 0001:00026e80       __CrtSetReportHookW2       00427e80 f   libucrtd:dbgrpt.obj
 0001:00026ea0       ___acrt_MessageWindowA     00427ea0 f   libucrtd:dbgrpt.obj
 0001:00026ed0       ___acrt_MessageWindowW     00427ed0 f   libucrtd:dbgrpt.obj
 0001:00026f00       __snwprintf_s              00427f00 f i libucrtd:dbgrpt.obj
 0001:00026f60       __vsnwprintf_s_l           00427f60 f i libucrtd:dbgrpt.obj
 0001:00026fd0       __set_abort_behavior       00427fd0 f   libucrtd:abort.obj
 0001:00027010       _abort                     00428010 f   libucrtd:abort.obj
 0001:000270a0       ??$?0ABV?$stream_output_adapter@D@__crt_stdio_output@@AB_KABQBDABQAU__crt_locale_pointers@@ABQAD@?$format_validation_base@DV?$stream_output_adapter@D@__crt_stdio_output@@@__crt_stdio_output@@IAE@ABV?$stream_output_adapter@D@1@AB_KABQBDABQAU__crt_locale_pointers@@ABQAD@Z 004280a0 f i libucrtd:output.obj
 0001:000270e0       ??$?0ABV?$stream_output_adapter@D@__crt_stdio_output@@AB_KABQBDABQAU__crt_locale_pointers@@ABQAD@?$positional_parameter_base@DV?$stream_output_adapter@D@__crt_stdio_output@@@__crt_stdio_output@@IAE@ABV?$stream_output_adapter@D@1@AB_KABQBDABQAU__crt_locale_pointers@@ABQAD@Z 004280e0 f i libucrtd:output.obj
 0001:00027170       ??$?0ABV?$stream_output_adapter@D@__crt_stdio_output@@AB_KABQBDABQAU__crt_locale_pointers@@ABQAD@?$standard_base@DV?$stream_output_adapter@D@__crt_stdio_output@@@__crt_stdio_output@@IAE@ABV?$stream_output_adapter@D@1@AB_KABQBDABQAU__crt_locale_pointers@@ABQAD@Z 00428170 f i libucrtd:output.obj
 0001:000271d0       ??$?0ABV?$stream_output_adapter@_W@__crt_stdio_output@@AB_KABQB_WABQAU__crt_locale_pointers@@ABQAD@?$format_validation_base@_WV?$stream_output_adapter@_W@__crt_stdio_output@@@__crt_stdio_output@@IAE@ABV?$stream_output_adapter@_W@1@AB_KABQB_WABQAU__crt_locale_pointers@@ABQAD@Z 004281d0 f i libucrtd:output.obj
 0001:00027210       ??$?0ABV?$stream_output_adapter@_W@__crt_stdio_output@@AB_KABQB_WABQAU__crt_locale_pointers@@ABQAD@?$positional_parameter_base@_WV?$stream_output_adapter@_W@__crt_stdio_output@@@__crt_stdio_output@@IAE@ABV?$stream_output_adapter@_W@1@AB_KABQB_WABQAU__crt_locale_pointers@@ABQAD@Z 00428210 f i libucrtd:output.obj
 0001:000272a0       ??$?0ABV?$stream_output_adapter@_W@__crt_stdio_output@@AB_KABQB_WABQAU__crt_locale_pointers@@ABQAD@?$standard_base@_WV?$stream_output_adapter@_W@__crt_stdio_output@@@__crt_stdio_output@@IAE@ABV?$stream_output_adapter@_W@1@AB_KABQB_WABQAU__crt_locale_pointers@@ABQAD@Z 004282a0 f i libucrtd:output.obj
 0001:00027300       ??$?0ABV?$string_output_adapter@D@__crt_stdio_output@@AB_KABQBDABQAU__crt_locale_pointers@@ABQAD@?$format_validation_base@DV?$string_output_adapter@D@__crt_stdio_output@@@__crt_stdio_output@@IAE@ABV?$string_output_adapter@D@1@AB_KABQBDABQAU__crt_locale_pointers@@ABQAD@Z 00428300 f i libucrtd:output.obj
 0001:00027340       ??$?0ABV?$string_output_adapter@D@__crt_stdio_output@@AB_KABQBDABQAU__crt_locale_pointers@@ABQAD@?$positional_parameter_base@DV?$string_output_adapter@D@__crt_stdio_output@@@__crt_stdio_output@@IAE@ABV?$string_output_adapter@D@1@AB_KABQBDABQAU__crt_locale_pointers@@ABQAD@Z 00428340 f i libucrtd:output.obj
 0001:000273d0       ??$?0ABV?$string_output_adapter@D@__crt_stdio_output@@AB_KABQBDABQAU__crt_locale_pointers@@ABQAD@?$standard_base@DV?$string_output_adapter@D@__crt_stdio_output@@@__crt_stdio_output@@IAE@ABV?$string_output_adapter@D@1@AB_KABQBDABQAU__crt_locale_pointers@@ABQAD@Z 004283d0 f i libucrtd:output.obj
 0001:00027430       ??$?0ABV?$string_output_adapter@_W@__crt_stdio_output@@AB_KABQB_WABQAU__crt_locale_pointers@@ABQAD@?$format_validation_base@_WV?$string_output_adapter@_W@__crt_stdio_output@@@__crt_stdio_output@@IAE@ABV?$string_output_adapter@_W@1@AB_KABQB_WABQAU__crt_locale_pointers@@ABQAD@Z 00428430 f i libucrtd:output.obj
 0001:00027470       ??$?0ABV?$string_output_adapter@_W@__crt_stdio_output@@AB_KABQB_WABQAU__crt_locale_pointers@@ABQAD@?$positional_parameter_base@_WV?$string_output_adapter@_W@__crt_stdio_output@@@__crt_stdio_output@@IAE@ABV?$string_output_adapter@_W@1@AB_KABQB_WABQAU__crt_locale_pointers@@ABQAD@Z 00428470 f i libucrtd:output.obj
 0001:00027500       ??$?0ABV?$string_output_adapter@_W@__crt_stdio_output@@AB_KABQB_WABQAU__crt_locale_pointers@@ABQAD@?$standard_base@_WV?$string_output_adapter@_W@__crt_stdio_output@@@__crt_stdio_output@@IAE@ABV?$string_output_adapter@_W@1@AB_KABQB_WABQAU__crt_locale_pointers@@ABQAD@Z 00428500 f i libucrtd:output.obj
 0001:00027560       ??$?RV<lambda_2293f24e3ce1ad6fe22ccfb9dec07671>@@AAV<lambda_2565fc715a641e539f44ad02d6823606>@@V<lambda_d3217f279b832965d9ca670dc2993570>@@@?$__crt_seh_guarded_call@H@@QAEH$$QAV<lambda_2293f24e3ce1ad6fe22ccfb9dec07671>@@AAV<lambda_2565fc715a641e539f44ad02d6823606>@@$$QAV<lambda_d3217f279b832965d9ca670dc2993570>@@@Z 00428560 f i libucrtd:output.obj
 0001:00027610       ??$?RV<lambda_4d4ac866be0fa3c441830420fabdd2cb>@@AAV<lambda_63a10c2dc8dbb9e4dd1890be52af7c93>@@V<lambda_002af9fa0f8fe472b648c51882d4fc32>@@@?$__crt_seh_guarded_call@H@@QAEH$$QAV<lambda_4d4ac866be0fa3c441830420fabdd2cb>@@AAV<lambda_63a10c2dc8dbb9e4dd1890be52af7c93>@@$$QAV<lambda_002af9fa0f8fe472b648c51882d4fc32>@@@Z 00428610 f i libucrtd:output.obj
 0001:000276c0       ??$?RV<lambda_5be909dfbae0a631386585770cd7b676>@@AAV<lambda_e516058a9c289d98c8ca9fea99247804>@@V<lambda_afe2e0cdc5e0ecf6f0d6f5e2f8985e38>@@@?$__crt_seh_guarded_call@H@@QAEH$$QAV<lambda_5be909dfbae0a631386585770cd7b676>@@AAV<lambda_e516058a9c289d98c8ca9fea99247804>@@$$QAV<lambda_afe2e0cdc5e0ecf6f0d6f5e2f8985e38>@@@Z 004286c0 f i libucrtd:output.obj
 0001:00027770       ??$?RV<lambda_823d65812123d985753d53e2a8c25d20>@@AAV<lambda_0a97c9e57da7be065955385c79108ff2>@@V<lambda_4d2973f3ad2d226f00468307185dca1b>@@@?$__crt_seh_guarded_call@H@@QAEH$$QAV<lambda_823d65812123d985753d53e2a8c25d20>@@AAV<lambda_0a97c9e57da7be065955385c79108ff2>@@$$QAV<lambda_4d2973f3ad2d226f00468307185dca1b>@@@Z 00428770 f i libucrtd:output.obj
[...]
 0002:00020e68       ??_R4pairNode@@6B@         004b4e68     libvcruntimed:undname.obj
 0002:00020e80       ??_R3pairNode@@8           004b4e80     libvcruntimed:undname.obj
 0002:00020e94       ??_R2pairNode@@8           004b4e94     libvcruntimed:undname.obj
 0002:00020ea0       ??_R1A@?0A@EA@pairNode@@8  004b4ea0     libvcruntimed:undname.obj
 0002:00020ec4       ??_R4type_info@@6B@        004b4ec4     LIBCMTD:std_type_info_static.obj
 0002:00020edc       ??_R3type_info@@8          004b4edc     LIBCMTD:std_type_info_static.obj
 0002:00020ef0       ??_R2type_info@@8          004b4ef0     LIBCMTD:std_type_info_static.obj
 0002:00020ef8       ??_R1A@?0A@EA@type_info@@8 004b4ef8     LIBCMTD:std_type_info_static.obj
 0002:00020f1c       ??_R4exception@std@@6B@    004b4f1c     libvcruntimed:frame.obj
 0002:00020f34       ??_R3exception@std@@8      004b4f34     libvcruntimed:frame.obj
 0002:00020f48       ??_R2exception@std@@8      004b4f48     libvcruntimed:frame.obj
 0002:00020f50       ??_R1A@?0A@EA@exception@std@@8 004b4f50     libvcruntimed:frame.obj
 0002:00020f74       ??_R4bad_exception@std@@6B@ 004b4f74     libvcruntimed:frame.obj
 0002:00020f8c       ??_R3bad_exception@std@@8  004b4f8c     libvcruntimed:frame.obj
 0002:00020fa0       ??_R2bad_exception@std@@8  004b4fa0     libvcruntimed:frame.obj
 0002:00020fac       ??_R1A@?0A@EA@bad_exception@std@@8 004b4fac     libvcruntimed:frame.obj
 0002:000210f0       ___safe_se_handler_table   004b50f0     <linker-defined>
 0002:00021220       ?_TraceLoggingMetadata@?1??_TlgWrite@__vcrt_trace_logging_provider@@YAJPBU_TlgProvider_t@2@PBXPBU_GUID@@2IPAU_EVENT_DATA_DESCRIPTOR@@@Z@4U_TraceLoggingMetadata_t@2@B 004b5220     libvcruntimed:telemetry.obj
 0002:000215f5       ?_TraceLoggingMetadataEnd@?1??_TlgWrite@__vcrt_trace_logging_provider@@YAJPBU_TlgProvider_t@2@PBXPBU_GUID@@2IPAU_EVENT_DATA_DESCRIPTOR@@@Z@4EB 004b55f5     libvcruntimed:telemetry.obj
 0002:000218b0       ___rtc_iaa                 004b58b0     LIBCMTD:_initsect_.obj
 0002:000219b4       ___rtc_izz                 004b59b4     LIBCMTD:_initsect_.obj
 0002:00021ab8       ___rtc_taa                 004b5ab8     LIBCMTD:_initsect_.obj
 0002:00021bbc       ___rtc_tzz                 004b5bbc     LIBCMTD:_initsect_.obj
 0002:00022800       __TI2?AVbad_exception@std@@ 004b6800     libvcruntimed:frame.obj
 0002:00022814       __CTA2?AVbad_exception@std@@ 004b6814     libvcruntimed:frame.obj
 0002:00022824       __CT??_R0?AVbad_exception@std@@@8??0bad_exception@std@@QAE@ABV01@@Z12 004b6824     libvcruntimed:frame.obj
 0002:00022844       __CT??_R0?AVexception@std@@@8??0exception@std@@QAE@ABV01@@Z12 004b6844     libvcruntimed:frame.obj
 0003:00001388       ___scrt_native_dllmain_reason 004b8388     LIBCMTD:utility.obj
 0003:0000138c       ___scrt_default_matherr    004b838c     LIBCMTD:matherr.obj
 0003:00001390       ___security_cookie_complement 004b8390     LIBCMTD:gs_cookie.obj
 0003:00001394       ___security_cookie         004b8394     LIBCMTD:gs_cookie.obj
 0003:0000139c       ___isa_enabled             004b839c     LIBCMTD:_cpu_disp_.obj
 0003:00001400       __NLG_Destination          004b8400     libvcruntimed:_exsup_.obj
 0003:00001424       __crtDbgFlag               004b8424     libucrtd:debug_heap.obj
 0003:00001428       __crtBreakAlloc            004b8428     libucrtd:debug_heap.obj
 0003:00001430       ___abort_behavior          004b8430     libucrtd:abort.obj
 0003:00001440       __iob                      004b8440     libucrtd:_file.obj
 0003:00001510       ___badioinfo               004b8510     libucrtd:ioinit.obj
 0003:00001678       __mbctype                  004b8678     libucrtd:mbctype.obj
 0003:000017b0       __mbcasemap                004b87b0     libucrtd:mbctype.obj
 0003:000018e8       ___acrt_initial_multibyte_data 004b88e8     libucrtd:mbctype.obj
 0003:00001b74       ___acrt_current_multibyte_data 004b8b74     libucrtd:mbctype.obj
 0003:00001b78       __pctype                   004b8b78     libucrtd:ctype.obj
 0003:00001b7c       __pwctype                  004b8b7c     libucrtd:ctype.obj
 0003:00001b80       ___mb_cur_max              004b8b80     libucrtd:nlsdata.obj
 0003:00001b88       ___acrt_initial_locale_data 004b8b88     libucrtd:nlsdata.obj
 0003:00001c64       ___acrt_initial_locale_pointers 004b8c64     libucrtd:nlsdata.obj
 0003:00001c70       ___acrt_wide_c_locale_string 004b8c70     libucrtd:nlsdata.obj
 0003:00001c74       ___acrt_lconv_static_decimal 004b8c74     libucrtd:localeconv.obj
 0003:00001c78       ___acrt_lconv_static_W_decimal 004b8c78     libucrtd:localeconv.obj
 0003:00001c80       ___acrt_lconv_c            004b8c80     libucrtd:localeconv.obj
 0003:00001ce0       ___acrt_lconv              004b8ce0     libucrtd:localeconv.obj
 0003:00001ce4       ___globallocalestatus      004b8ce4     libucrtd:glstatus.obj
 0003:00001cec       __pfnAllocHook             004b8cec     libucrtd:debug_heap_hook.obj
 0003:00001cf4       __CrtDbgMode               004b8cf4     libucrtd:dbgrptt.obj
 0003:00001d04       __CrtDbgFile               004b8d04     libucrtd:dbgrptt.obj
 0003:00001d14       __crtAssertBusy            004b8d14     libucrtd:dbgrptt.obj
 0003:00001d30       ___dcrt_lowio_console_output_handle 004b8d30     libucrtd:initcon.obj
 0003:00001d40       __fltused                  004b8d40     LIBCMTD:fltused.obj
 0003:00001e88       ??_R0?AVDNameNode@@@8      004b8e88     libvcruntimed:undname.obj
 0003:00001ea4       ??_R0?AVcharNode@@@8       004b8ea4     libvcruntimed:undname.obj
 0003:00001ec0       ??_R0?AVpcharNode@@@8      004b8ec0     libvcruntimed:undname.obj
 0003:00001edc       ??_R0?AVpDNameNode@@@8     004b8edc     libvcruntimed:undname.obj
 0003:00001efc       ??_R0?AVDNameStatusNode@@@8 004b8efc     libvcruntimed:undname.obj
 0003:00001f20       ??_R0?AVpairNode@@@8       004b8f20     libvcruntimed:undname.obj
 0003:00001f3c       ??_R0?AVtype_info@@@8      004b8f3c     LIBCMTD:std_type_info_static.obj
 0003:00001f58       ??_R0?AVbad_exception@std@@@8 004b8f58     libvcruntimed:frame.obj
 0003:00001f80       ??_R0?AVexception@std@@@8  004b8f80     libvcruntimed:frame.obj
 0003:00001fa4       ??_R0?AVbad_alloc@std@@@8  004b8fa4     libvcruntimed:frame.obj
 0003:000020d0       ___scrt_current_native_startup_state 004b90d0     LIBCMTD:utility.obj
 0003:000020d4       ___scrt_native_startup_lock 004b90d4     LIBCMTD:utility.obj
 0003:000020f8       ?__type_info_root_node@@3U__type_info_node@@A 004b90f8     LIBCMTD:tncleanup.obj
 0003:00002108       ?_OptionsStorage@?1??__local_stdio_printf_options@@9@4_KA 004b9108     LIBCMTD:default_local_stdio_options.obj
 0003:00002118       ?_OptionsStorage@?1??__local_stdio_scanf_options@@9@4_KA 004b9118     LIBCMTD:default_local_stdio_options.obj
 0003:00002124       ___scrt_debugger_hook_flag 004b9124     LIBCMTD:utility_desktop.obj
 0003:00002128       ___isa_available           004b9128     LIBCMTD:_cpu_disp_.obj
 0003:0000212c       ___favor                   004b912c     LIBCMTD:_cpu_disp_.obj
 0003:00002588       ___pPurecall               004b9588     libvcruntimed:purevirt_data.obj
 0003:0000258c       ?pArgList@UnDecorator@@0PAVReplicator@@A 004b958c     libvcruntimed:undname.obj
 0003:00002590       ?pZNameList@UnDecorator@@0PAVReplicator@@A 004b9590     libvcruntimed:undname.obj
 0003:00002594       ?pTemplateArgList@UnDecorator@@0PAVReplicator@@A 004b9594     libvcruntimed:undname.obj
 0003:00002598       ?gName@UnDecorator@@0PBDB  004b9598     libvcruntimed:undname.obj
 0003:0000259c       ?name@UnDecorator@@0PBDB   004b959c     libvcruntimed:undname.obj
 0003:000025a0       ?outputString@UnDecorator@@0PADA 004b95a0     libvcruntimed:undname.obj
 0003:000025a4       ?maxStringLength@UnDecorator@@0HA 004b95a4     libvcruntimed:undname.obj
 0003:000025a8       ?disableFlags@UnDecorator@@0KA 004b95a8     libvcruntimed:undname.obj
 0003:000025ac       ?fExplicitTemplateParams@UnDecorator@@0_NA 004b95ac     libvcruntimed:undname.obj
 0003:000025ad       ?fGetTemplateArgumentList@UnDecorator@@0_NA 004b95ad     libvcruntimed:undname.obj
 0003:000025b0       ?m_pGetParameter@UnDecorator@@0P6APADJ@ZA 004b95b0     libvcruntimed:undname.obj
 0003:00002638       ?nodes@?1??make@DNameStatusNode@@SAPAV2@W4DNameStatus@@@Z@4PAV2@A 004b9638     libvcruntimed:undname.obj
 0003:00002674       ??_B?1??make@DNameStatusNode@@SAPAV1@W4DNameStatus@@@Z@51 004b9674     libvcruntimed:undname.obj
 0003:0000319c       __environ_table            004ba19c     libucrtd:environment_initialization.obj
 0003:000031a0       __wenviron_table           004ba1a0     libucrtd:environment_initialization.obj
 0003:000031a8       ___dcrt_initial_wide_environment 004ba1a8     libucrtd:environment_initialization.obj
 0003:000031ac       ___dcrt_initial_narrow_environment 004ba1ac     libucrtd:environment_initialization.obj
 0003:000031bc       ___argc                    004ba1bc     libucrtd:argv_data.obj
 0003:000031c0       ___argv                    004ba1c0     libucrtd:argv_data.obj
 0003:000031c4       ___wargv                   004ba1c4     libucrtd:argv_data.obj
 0003:000031c8       __acmdln                   004ba1c8     libucrtd:argv_data.obj
 0003:000031cc       __wcmdln                   004ba1cc     libucrtd:argv_data.obj
 0003:000031d0       __pgmptr                   004ba1d0     libucrtd:argv_data.obj
 0003:000031d4       __wpgmptr                  004ba1d4     libucrtd:argv_data.obj
 0003:000031d8       ___acrt_locale_changed_data 004ba1d8     libucrtd:wsetlocale.obj
 0003:000031e0       __commode                  004ba1e0     libucrtd:ncommode.obj
 0003:000031e4       ___acrt_atexit_table       004ba1e4     libucrtd:onexit.obj
 0003:000031f4       ___acrt_at_quick_exit_table 004ba1f4     libucrtd:onexit.obj
 0003:00003220       __pfnDumpClient            004ba220     libucrtd:debug_heap.obj
 0003:0000322c       __nstream                  004ba22c     libucrtd:_file.obj
 0003:00003230       ___piob                    004ba230     libucrtd:_file.obj
 0003:00003238       __cflush                   004ba238     libucrtd:_file.obj
 0003:0000323c       ___acrt_stdout_buffer      004ba23c     libucrtd:_sftbuf.obj
 0003:00003240       ___acrt_stderr_buffer      004ba240     libucrtd:_sftbuf.obj
 0003:00003248       ___pioinfo                 004ba248     libucrtd:ioinit.obj
 0003:000034b0       __nhandle                  004ba4b0     libucrtd:ioinit.obj
 0003:000034b8       ___mbcodepage              004ba4b8     libucrtd:mbctype.obj
 0003:000034bc       ___ismbcodepage            004ba4bc     libucrtd:mbctype.obj
 0003:000034c0       ___mbulinfo                004ba4c0     libucrtd:mbctype.obj
 0003:000034d4       ___mblocalename            004ba4d4     libucrtd:mbctype.obj
 0003:00003764       __fmode                    004ba764     libucrtd:txtmode.obj
 0003:00003768       ___acrt_current_locale_data 004ba768     libucrtd:nlsdata.obj
 0003:0000376c       ___acrt_lconv_static_null  004ba76c     libucrtd:localeconv.obj
 0003:00003770       ___acrt_lconv_static_W_null 004ba770     libucrtd:localeconv.obj
 0003:00003774       ___acrt_heap               004ba774     libucrtd:heap_handle.obj
 0003:00003794       __pReportHookListW         004ba794     libucrtd:dbgrptt.obj
 0003:00003798       __pfnReportHook            004ba798     libucrtd:dbgrptt.obj
 0003:0000379c       __pReportHookList          004ba79c     libucrtd:dbgrptt.obj
 0003:000037a8       ___fastflag                004ba7a8     libucrtd:fp_flags.obj
 0003:000037b0       ?g_OutOfMemoryExceptionCallback@@3P6GPAXXZA 004ba7b0     libvcruntimed:frame.obj
 0003:000037b4       ___scrt_ucrt_dll_is_in_use 004ba7b4     <common>
 0003:000037c0       ___dyn_tls_dtor_callback   004ba7c0     <common>
 0003:000037cc       ___dyn_tls_init_callback   004ba7cc     <common>
 0003:000037d8       __pmatherr                 004ba7d8     <common>
 0003:000037e4       ___use_sse2_mathfcns       004ba7e4     <common>
 0004:00000000       __imp__SystemFunction036@8 004bb000     advapi32:ADVAPI32.dll
 0004:00000004       \177ADVAPI32_NULL_THUNK_DATA 004bb004     advapi32:ADVAPI32.dll
 0004:00000030       __imp__GetCurrentThreadId@0 004bb030     kernel32:KERNEL32.dll
 0004:00000034       __imp__GetSystemTimeAsFileTime@4 004bb034     kernel32:KERNEL32.dll
 0004:00000038       __imp__InitializeSListHead@4 004bb038     kernel32:KERNEL32.dll
 0004:0000003c       __imp__IsDebuggerPresent@0 004bb03c     kernel32:KERNEL32.dll
 0004:00000040       __imp__UnhandledExceptionFilter@4 004bb040     kernel32:KERNEL32.dll
 0004:00000044       __imp__GetCurrentProcessId@0 004bb044     kernel32:KERNEL32.dll
 0004:00000048       __imp__GetStartupInfoW@4   004bb048     kernel32:KERNEL32.dll
 0004:0000004c       __imp__IsProcessorFeaturePresent@4 004bb04c     kernel32:KERNEL32.dll
 0004:00000050       __imp__GetModuleHandleW@4  004bb050     kernel32:KERNEL32.dll
 0004:00000054       __imp__GetCurrentProcess@0 004bb054     kernel32:KERNEL32.dll
 0004:00000058       __imp__TerminateProcess@8  004bb058     kernel32:KERNEL32.dll
 0004:0000005c       __imp__SetUnhandledExceptionFilter@4 004bb05c     kernel32:KERNEL32.dll
 0004:00000060       __imp__QueryPerformanceCounter@4 004bb060     kernel32:KERNEL32.dll
 0004:00000064       __imp__GetLastError@0      004bb064     kernel32:KERNEL32.dll
 0004:00000068       __imp__GetModuleFileNameW@12 004bb068     kernel32:KERNEL32.dll
 0004:0000006c       __imp__InterlockedPushEntrySList@8 004bb06c     kernel32:KERNEL32.dll
 0004:00000070       __imp__InterlockedFlushSList@4 004bb070     kernel32:KERNEL32.dll
 0004:00000074       __imp__InitializeCriticalSectionAndSpinCount@8 004bb074     kernel32:KERNEL32.dll
 0004:00000078       __imp__TlsAlloc@0          004bb078     kernel32:KERNEL32.dll
 0004:0000007c       __imp__TlsGetValue@4       004bb07c     kernel32:KERNEL32.dll
 0004:00000080       __imp__TlsSetValue@8       004bb080     kernel32:KERNEL32.dll
 0004:00000084       __imp__TlsFree@4           004bb084     kernel32:KERNEL32.dll
 0004:00000088       __imp__FreeLibrary@4       004bb088     kernel32:KERNEL32.dll
 0004:0000008c       __imp__GetProcAddress@8    004bb08c     kernel32:KERNEL32.dll
 0004:00000090       __imp__LoadLibraryExW@12   004bb090     kernel32:KERNEL32.dll
 0004:00000094       __imp__RtlUnwind@16        004bb094     kernel32:KERNEL32.dll
 0004:00000098       __imp__SetLastError@4      004bb098     kernel32:KERNEL32.dll
 0004:0000009c       __imp__EnterCriticalSection@4 004bb09c     kernel32:KERNEL32.dll
 0004:000000a0       __imp__LeaveCriticalSection@4 004bb0a0     kernel32:KERNEL32.dll
 0004:000000a4       __imp__DeleteCriticalSection@4 004bb0a4     kernel32:KERNEL32.dll
 0004:000000a8       __imp__GetStdHandle@4      004bb0a8     kernel32:KERNEL32.dll
 0004:000000ac       __imp__WriteFile@20        004bb0ac     kernel32:KERNEL32.dll
 0004:000000b0       __imp__GetModuleFileNameA@12 004bb0b0     kernel32:KERNEL32.dll
 0004:000000b4       __imp__MultiByteToWideChar@24 004bb0b4     kernel32:KERNEL32.dll
 0004:000000b8       __imp__WideCharToMultiByte@32 004bb0b8     kernel32:KERNEL32.dll
 0004:000000bc       __imp__ExitProcess@4       004bb0bc     kernel32:KERNEL32.dll
 0004:000000c0       __imp__GetModuleHandleExW@12 004bb0c0     kernel32:KERNEL32.dll
 0004:000000c4       __imp__GetCommandLineA@0   004bb0c4     kernel32:KERNEL32.dll
 0004:000000c8       __imp__GetCommandLineW@0   004bb0c8     kernel32:KERNEL32.dll
 0004:000000cc       __imp__GetACP@0            004bb0cc     kernel32:KERNEL32.dll
 0004:000000d0       __imp__HeapAlloc@12        004bb0d0     kernel32:KERNEL32.dll
 0004:000000d4       __imp__HeapValidate@12     004bb0d4     kernel32:KERNEL32.dll
 0004:000000d8       __imp__GetSystemInfo@4     004bb0d8     kernel32:KERNEL32.dll
 0004:000000dc       __imp__GetFileType@4       004bb0dc     kernel32:KERNEL32.dll
 0004:000000e0       __imp__GetCurrentThread@0  004bb0e0     kernel32:KERNEL32.dll
 0004:000000e4       __imp__OutputDebugStringA@4 004bb0e4     kernel32:KERNEL32.dll
 0004:000000e8       __imp__OutputDebugStringW@4 004bb0e8     kernel32:KERNEL32.dll
 0004:000000ec       __imp__CloseHandle@4       004bb0ec     kernel32:KERNEL32.dll
 0004:000000f0       __imp__WaitForSingleObjectEx@12 004bb0f0     kernel32:KERNEL32.dll
 0004:000000f4       __imp__CreateThread@24     004bb0f4     kernel32:KERNEL32.dll
 0004:000000f8       __imp__FindClose@4         004bb0f8     kernel32:KERNEL32.dll
 0004:000000fc       __imp__FindFirstFileExA@24 004bb0fc     kernel32:KERNEL32.dll
 0004:00000100       __imp__FindFirstFileExW@24 004bb100     kernel32:KERNEL32.dll
 0004:00000104       __imp__FindNextFileA@8     004bb104     kernel32:KERNEL32.dll
 0004:00000108       __imp__FindNextFileW@8     004bb108     kernel32:KERNEL32.dll
 0004:0000010c       __imp__IsValidCodePage@4   004bb10c     kernel32:KERNEL32.dll
 0004:00000110       __imp__GetOEMCP@0          004bb110     kernel32:KERNEL32.dll
 0004:00000114       __imp__GetCPInfo@8         004bb114     kernel32:KERNEL32.dll
 0004:00000118       __imp__GetEnvironmentStringsW@0 004bb118     kernel32:KERNEL32.dll
 0004:0000011c       __imp__FreeEnvironmentStringsW@4 004bb11c     kernel32:KERNEL32.dll
 0004:00000120       __imp__SetEnvironmentVariableA@8 004bb120     kernel32:KERNEL32.dll
 0004:00000124       __imp__SetEnvironmentVariableW@8 004bb124     kernel32:KERNEL32.dll
 0004:00000128       __imp__GetDateFormatW@24   004bb128     kernel32:KERNEL32.dll
 0004:0000012c       __imp__GetTimeFormatW@24   004bb12c     kernel32:KERNEL32.dll
 0004:00000130       __imp__CompareStringW@24   004bb130     kernel32:KERNEL32.dll
 0004:00000134       __imp__LCMapStringW@24     004bb134     kernel32:KERNEL32.dll
 0004:00000138       __imp__GetLocaleInfoW@16   004bb138     kernel32:KERNEL32.dll
 0004:0000013c       __imp__IsValidLocale@8     004bb13c     kernel32:KERNEL32.dll
 0004:00000140       __imp__GetUserDefaultLCID@0 004bb140     kernel32:KERNEL32.dll
 0004:00000144       __imp__EnumSystemLocalesW@8 004bb144     kernel32:KERNEL32.dll
 0004:00000148       __imp__SetStdHandle@8      004bb148     kernel32:KERNEL32.dll
 0004:0000014c       __imp__GetStringTypeW@16   004bb14c     kernel32:KERNEL32.dll
 0004:00000150       __imp__GetProcessHeap@0    004bb150     kernel32:KERNEL32.dll
 0004:00000154       __imp__SetConsoleCtrlHandler@8 004bb154     kernel32:KERNEL32.dll
 0004:00000158       __imp__HeapFree@12         004bb158     kernel32:KERNEL32.dll
 0004:0000015c       __imp__HeapReAlloc@16      004bb15c     kernel32:KERNEL32.dll
 0004:00000160       __imp__HeapSize@12         004bb160     kernel32:KERNEL32.dll
 0004:00000164       __imp__HeapQueryInformation@20 004bb164     kernel32:KERNEL32.dll
 0004:00000168       __imp__WriteConsoleW@20    004bb168     kernel32:KERNEL32.dll
 0004:0000016c       __imp__GetConsoleCP@0      004bb16c     kernel32:KERNEL32.dll
 0004:00000170       __imp__GetConsoleMode@8    004bb170     kernel32:KERNEL32.dll
 0004:00000174       __imp__FlushFileBuffers@4  004bb174     kernel32:KERNEL32.dll
 0004:00000178       __imp__SetFilePointerEx@20 004bb178     kernel32:KERNEL32.dll
 0004:0000017c       __imp__CreateFileW@28      004bb17c     kernel32:KERNEL32.dll
 0004:00000180       __imp__EncodePointer@4     004bb180     kernel32:KERNEL32.dll
 0004:00000184       __imp__DecodePointer@4     004bb184     kernel32:KERNEL32.dll
 0004:00000188       __imp__RaiseException@16   004bb188     kernel32:KERNEL32.dll
 0004:0000018c       \177KERNEL32_NULL_THUNK_DATA 004bb18c     kernel32:KERNEL32.dll
 0004:000001fc       __IMPORT_DESCRIPTOR_KERNEL32 004bb1fc     kernel32:KERNEL32.dll
 0004:00000210       __IMPORT_DESCRIPTOR_ADVAPI32 004bb210     advapi32:ADVAPI32.dll
 0004:00000224       __NULL_IMPORT_DESCRIPTOR   004bb224     kernel32:KERNEL32.dll
 0005:00000000       ___guard_check_icall_fptr  004bc000     LIBCMTD:guard_support.obj
